Component: ARM Compiler 5.05 update 1 (build 106) Tool: armlink [4d0efa]

==============================================================================

Section Cross References

    startup_stm32f407xx.o(STACK) refers (Special) to heapauxi.o(.text) for __use_two_region_memory
    startup_stm32f407xx.o(HEAP) refers (Special) to heapauxi.o(.text) for __use_two_region_memory
    startup_stm32f407xx.o(RESET) refers (Special) to heapauxi.o(.text) for __use_two_region_memory
    startup_stm32f407xx.o(RESET) refers to startup_stm32f407xx.o(STACK) for __initial_sp
    startup_stm32f407xx.o(RESET) refers to startup_stm32f407xx.o(.text) for Reset_Handler
    startup_stm32f407xx.o(RESET) refers to stm32f4xx_it.o(i.NMI_Handler) for NMI_Handler
    startup_stm32f407xx.o(RESET) refers to stm32f4xx_it.o(i.HardFault_Handler) for HardFault_Handler
    startup_stm32f407xx.o(RESET) refers to stm32f4xx_it.o(i.MemManage_Handler) for MemManage_Handler
    startup_stm32f407xx.o(RESET) refers to stm32f4xx_it.o(i.BusFault_Handler) for BusFault_Handler
    startup_stm32f407xx.o(RESET) refers to stm32f4xx_it.o(i.UsageFault_Handler) for UsageFault_Handler
    startup_stm32f407xx.o(RESET) refers to stm32f4xx_it.o(i.SVC_Handler) for SVC_Handler
    startup_stm32f407xx.o(RESET) refers to stm32f4xx_it.o(i.DebugMon_Handler) for DebugMon_Handler
    startup_stm32f407xx.o(RESET) refers to stm32f4xx_it.o(i.PendSV_Handler) for PendSV_Handler
    startup_stm32f407xx.o(RESET) refers to stm32f4xx_it.o(i.SysTick_Handler) for SysTick_Handler
    startup_stm32f407xx.o(RESET) refers to stm32f4xx_it.o(i.RCC_IRQHandler) for RCC_IRQHandler
    startup_stm32f407xx.o(RESET) refers to stm32f4xx_it.o(i.ADC_IRQHandler) for ADC_IRQHandler
    startup_stm32f407xx.o(RESET) refers to stm32f4xx_it.o(i.TIM2_IRQHandler) for TIM2_IRQHandler
    startup_stm32f407xx.o(RESET) refers to stm32f4xx_it.o(i.TIM3_IRQHandler) for TIM3_IRQHandler
    startup_stm32f407xx.o(RESET) refers to stm32f4xx_it.o(i.TIM4_IRQHandler) for TIM4_IRQHandler
    startup_stm32f407xx.o(RESET) refers to stm32f4xx_it.o(i.I2C1_EV_IRQHandler) for I2C1_EV_IRQHandler
    startup_stm32f407xx.o(RESET) refers to stm32f4xx_it.o(i.I2C1_ER_IRQHandler) for I2C1_ER_IRQHandler
    startup_stm32f407xx.o(RESET) refers to stm32f4xx_it.o(i.I2C2_EV_IRQHandler) for I2C2_EV_IRQHandler
    startup_stm32f407xx.o(RESET) refers to stm32f4xx_it.o(i.I2C2_ER_IRQHandler) for I2C2_ER_IRQHandler
    startup_stm32f407xx.o(RESET) refers to stm32f4xx_it.o(i.USART1_IRQHandler) for USART1_IRQHandler
    startup_stm32f407xx.o(RESET) refers to stm32f4xx_it.o(i.USART2_IRQHandler) for USART2_IRQHandler
    startup_stm32f407xx.o(RESET) refers to stm32f4xx_it.o(i.USART3_IRQHandler) for USART3_IRQHandler
    startup_stm32f407xx.o(RESET) refers to stm32f4xx_it.o(i.USART6_IRQHandler) for USART6_IRQHandler
    startup_stm32f407xx.o(.text) refers (Special) to heapauxi.o(.text) for __use_two_region_memory
    startup_stm32f407xx.o(.text) refers to system_stm32f4xx.o(i.SystemInit) for SystemInit
    startup_stm32f407xx.o(.text) refers to __main.o(!!!main) for __main
    startup_stm32f407xx.o(.text) refers to startup_stm32f407xx.o(HEAP) for Heap_Mem
    startup_stm32f407xx.o(.text) refers to startup_stm32f407xx.o(STACK) for Stack_Mem
    xunji.o(i.readLEDsState) refers to stm32f4xx_hal_gpio.o(i.HAL_GPIO_ReadPin) for HAL_GPIO_ReadPin
    xunji.o(i.readLEDsState) refers to xunji.o(i.processLEDStates) for processLEDStates
    xunji.o(i.track) refers to car.o(i.motor_forward) for motor_forward
    xunji.o(i.track) refers to dflt_clz.o(x$fpl$dflt) for __aeabi_i2d
    xunji.o(i.track) refers to dmul.o(x$fpl$dmul) for __aeabi_dmul
    xunji.o(i.track) refers to dfixu.o(x$fpl$dfixu) for __aeabi_d2uiz
    xunji.o(i.track) refers to car.o(i.car_stright) for car_stright
    main.o(i.HAL_UART_RxCpltCallback) refers to _printf_percent.o(.ARM.Collect$$_printf_percent$$00000000) for _printf_percent
    main.o(i.HAL_UART_RxCpltCallback) refers to _printf_d.o(.ARM.Collect$$_printf_percent$$00000009) for _printf_d
    main.o(i.HAL_UART_RxCpltCallback) refers to _printf_dec.o(.text) for _printf_int_dec
    main.o(i.HAL_UART_RxCpltCallback) refers to openmv.o(i.Openmv_Receive_Data) for Openmv_Receive_Data
    main.o(i.HAL_UART_RxCpltCallback) refers to main.o(i.setServoPwm) for setServoPwm
    main.o(i.HAL_UART_RxCpltCallback) refers to noretval__2printf.o(.text) for __2printf
    main.o(i.HAL_UART_RxCpltCallback) refers to stm32f4xx_hal_uart.o(i.HAL_UART_Receive_IT) for HAL_UART_Receive_IT
    main.o(i.HAL_UART_RxCpltCallback) refers to usart.o(.bss) for huart3
    main.o(i.HAL_UART_RxCpltCallback) refers to main.o(.data) for .data
    main.o(i.HAL_UART_RxCpltCallback) refers to main.o(.conststring) for .conststring
    main.o(i.Problem1) refers to main.o(i.setServoPwm) for setServoPwm
    main.o(i.Problem1) refers to main.o(.data) for .data
    main.o(i.Problem2) refers to main.o(i.setServoPwm) for setServoPwm
[...]
    i.HAL_ADC_ErrorCallback                  0x0800097a   Section        0  stm32f4xx_hal_adc.o(i.HAL_ADC_ErrorCallback)
    i.HAL_ADC_IRQHandler                     0x0800097c   Section        0  stm32f4xx_hal_adc.o(i.HAL_ADC_IRQHandler)
    i.HAL_ADC_Init                           0x08000aaa   Section        0  stm32f4xx_hal_adc.o(i.HAL_ADC_Init)
    i.HAL_ADC_LevelOutOfWindowCallback       0x08000afe   Section        0  stm32f4xx_hal_adc.o(i.HAL_ADC_LevelOutOfWindowCallback)
    i.HAL_ADC_MspInit                        0x08000b00   Section        0  adc.o(i.HAL_ADC_MspInit)
    i.HAL_DMA_Abort                          0x08000b94   Section        0  stm32f4xx_hal_dma.o(i.HAL_DMA_Abort)
    i.HAL_DMA_Abort_IT                       0x08000c26   Section        0  stm32f4xx_hal_dma.o(i.HAL_DMA_Abort_IT)
    i.HAL_DMA_GetState                       0x08000c4a   Section        0  stm32f4xx_hal_dma.o(i.HAL_DMA_GetState)
    i.HAL_Delay                              0x08000c50   Section        0  stm32f4xx_hal.o(i.HAL_Delay)
    i.HAL_GPIO_Init                          0x08000c74   Section        0  stm32f4xx_hal_gpio.o(i.HAL_GPIO_Init)
    i.HAL_GPIO_WritePin                      0x08000e64   Section        0  stm32f4xx_hal_gpio.o(i.HAL_GPIO_WritePin)
    i.HAL_GetTick                            0x08000e70   Section        0  stm32f4xx_hal.o(i.HAL_GetTick)
    i.HAL_I2C_AbortCpltCallback              0x08000e7c   Section        0  stm32f4xx_hal_i2c.o(i.HAL_I2C_AbortCpltCallback)
    i.HAL_I2C_AddrCallback                   0x08000e7e   Section        0  stm32f4xx_hal_i2c.o(i.HAL_I2C_AddrCallback)
    i.HAL_I2C_ER_IRQHandler                  0x08000e80   Section        0  stm32f4xx_hal_i2c.o(i.HAL_I2C_ER_IRQHandler)
    i.HAL_I2C_EV_IRQHandler                  0x08000f3a   Section        0  stm32f4xx_hal_i2c.o(i.HAL_I2C_EV_IRQHandler)
    i.HAL_I2C_ErrorCallback                  0x0800116a   Section        0  stm32f4xx_hal_i2c.o(i.HAL_I2C_ErrorCallback)
    i.HAL_I2C_Init                           0x0800116c   Section        0  stm32f4xx_hal_i2c.o(i.HAL_I2C_Init)
    i.HAL_I2C_ListenCpltCallback             0x080012f4   Section        0  stm32f4xx_hal_i2c.o(i.HAL_I2C_ListenCpltCallback)
    i.HAL_I2C_MasterRxCpltCallback           0x080012f6   Section        0  stm32f4xx_hal_i2c.o(i.HAL_I2C_MasterRxCpltCallback)
    i.HAL_I2C_MasterTxCpltCallback           0x080012f8   Section        0  stm32f4xx_hal_i2c.o(i.HAL_I2C_MasterTxCpltCallback)
    i.HAL_I2C_MemRxCpltCallback              0x080012fa   Section        0  stm32f4xx_hal_i2c.o(i.HAL_I2C_MemRxCpltCallback)
    i.HAL_I2C_MemTxCpltCallback              0x080012fc   Section        0  stm32f4xx_hal_i2c.o(i.HAL_I2C_MemTxCpltCallback)
    i.HAL_I2C_MspInit                        0x08001300   Section        0  i2c.o(i.HAL_I2C_MspInit)
    i.HAL_I2C_SlaveRxCpltCallback            0x080013e4   Section        0  stm32f4xx_hal_i2c.o(i.HAL_I2C_SlaveRxCpltCallback)
    i.HAL_I2C_SlaveTxCpltCallback            0x080013e6   Section        0  stm32f4xx_hal_i2c.o(i.HAL_I2C_SlaveTxCpltCallback)
    i.HAL_IncTick                            0x080013e8   Section        0  stm32f4xx_hal.o(i.HAL_IncTick)
    i.HAL_Init                               0x080013f8   Section        0  stm32f4xx_hal.o(i.HAL_Init)
    i.HAL_InitTick                           0x0800142c   Section        0  stm32f4xx_hal.o(i.HAL_InitTick)
    i.HAL_MspInit                            0x0800146c   Section        0  stm32f4xx_hal_msp.o(i.HAL_MspInit)
    i.HAL_NVIC_EnableIRQ                     0x080014ac   Section        0  stm32f4xx_hal_cortex.o(i.HAL_NVIC_EnableIRQ)
    i.HAL_NVIC_SetPriority                   0x080014c8   Section        0  stm32f4xx_hal_cortex.o(i.HAL_NVIC_SetPriority)
    i.HAL_NVIC_SetPriorityGrouping           0x08001508   Section        0  stm32f4xx_hal_cortex.o(i.HAL_NVIC_SetPriorityGrouping)
    i.HAL_RCC_ClockConfig                    0x0800152c   Section        0  stm32f4xx_hal_rcc.o(i.HAL_RCC_ClockConfig)
    i.HAL_RCC_GetPCLK1Freq                   0x08001660   Section        0  stm32f4xx_hal_rcc.o(i.HAL_RCC_GetPCLK1Freq)
    i.HAL_RCC_GetPCLK2Freq                   0x08001680   Section        0  stm32f4xx_hal_rcc.o(i.HAL_RCC_GetPCLK2Freq)
    i.HAL_RCC_GetSysClockFreq                0x080016a0   Section        0  stm32f4xx_hal_rcc.o(i.HAL_RCC_GetSysClockFreq)
    i.HAL_RCC_OscConfig                      0x08001704   Section        0  stm32f4xx_hal_rcc.o(i.HAL_RCC_OscConfig)
    i.HAL_SYSTICK_Config                     0x08001a70   Section        0  stm32f4xx_hal_cortex.o(i.HAL_SYSTICK_Config)
    i.HAL_TIMEx_BreakCallback                0x08001a98   Section        0  stm32f4xx_hal_tim_ex.o(i.HAL_TIMEx_BreakCallback)
    i.HAL_TIMEx_CommutCallback               0x08001a9a   Section        0  stm32f4xx_hal_tim_ex.o(i.HAL_TIMEx_CommutCallback)
    i.HAL_TIMEx_MasterConfigSynchronization  0x08001a9c   Section        0  stm32f4xx_hal_tim_ex.o(i.HAL_TIMEx_MasterConfigSynchronization)
    i.HAL_TIM_Base_Start                     0x08001b2c   Section        0  stm32f4xx_hal_tim.o(i.HAL_TIM_Base_Start)
    i.HAL_TIM_Encoder_Init                   0x08001ba4   Section        0  stm32f4xx_hal_tim.o(i.HAL_TIM_Encoder_Init)
    i.HAL_TIM_Encoder_MspInit                0x08001c48   Section        0  tim.o(i.HAL_TIM_Encoder_MspInit)
    i.HAL_TIM_Encoder_Start                  0x08001d0c   Section        0  stm32f4xx_hal_tim.o(i.HAL_TIM_Encoder_Start)
    i.HAL_TIM_IC_CaptureCallback             0x08001d9a   Section        0  stm32f4xx_hal_tim.o(i.HAL_TIM_IC_CaptureCallback)
    i.HAL_TIM_IRQHandler                     0x08001d9c   Section        0  stm32f4xx_hal_tim.o(i.HAL_TIM_IRQHandler)
    i.HAL_TIM_MspPostInit                    0x08001f04   Section        0  tim.o(i.HAL_TIM_MspPostInit)
    i.HAL_TIM_OC_DelayElapsedCallback        0x08001fb0   Section        0  stm32f4xx_hal_tim.o(i.HAL_TIM_OC_DelayElapsedCallback)
    i.HAL_TIM_PWM_ConfigChannel              0x08001fb2   Section        0  stm32f4xx_hal_tim.o(i.HAL_TIM_PWM_ConfigChannel)
    i.HAL_TIM_PWM_Init                       0x0800207e   Section        0  stm32f4xx_hal_tim.o(i.HAL_TIM_PWM_Init)
    i.HAL_TIM_PWM_MspInit                    0x080020d8   Section        0  tim.o(i.HAL_TIM_PWM_MspInit)
    i.HAL_TIM_PWM_PulseFinishedCallback      0x08002138   Section        0  stm32f4xx_hal_tim.o(i.HAL_TIM_PWM_PulseFinishedCallback)
    i.HAL_TIM_PWM_Start                      0x0800213c   Section        0  stm32f4xx_hal_tim.o(i.HAL_TIM_PWM_Start)
    i.HAL_TIM_PeriodElapsedCallback          0x08002204   Section        0  stm32f4xx_hal_tim.o(i.HAL_TIM_PeriodElapsedCallback)
    i.HAL_TIM_TriggerCallback                0x08002206   Section        0  stm32f4xx_hal_tim.o(i.HAL_TIM_TriggerCallback)
    i.HAL_UARTEx_RxEventCallback             0x08002208   Section        0  stm32f4xx_hal_uart.o(i.HAL_UARTEx_RxEventCallback)
    i.HAL_UART_ErrorCallback                 0x0800220a   Section        0  stm32f4xx_hal_uart.o(i.HAL_UART_ErrorCallback)
    i.HAL_UART_IRQHandler                    0x0800220c   Section        0  stm32f4xx_hal_uart.o(i.HAL_UART_IRQHandler)
    i.HAL_UART_Init                          0x08002474   Section        0  stm32f4xx_hal_uart.o(i.HAL_UART_Init)
    i.HAL_UART_MspInit                       0x080024d8   Section        0  usart.o(i.HAL_UART_MspInit)
    i.HAL_UART_Receive_IT                    0x0800267c   Section        0  stm32f4xx_hal_uart.o(i.HAL_UART_Receive_IT)
    i.HAL_UART_RxCpltCallback                0x080026a8   Section        0  main.o(i.HAL_UART_RxCpltCallback)
    i.HAL_UART_TxCpltCallback                0x08002890   Section        0  stm32f4xx_hal_uart.o(i.HAL_UART_TxCpltCallback)
    i.HardFault_Handler                      0x08002892   Section        0  stm32f4xx_it.o(i.HardFault_Handler)
    i.I2C1_ER_IRQHandler                     0x08002894   Section        0  stm32f4xx_it.o(i.I2C1_ER_IRQHandler)
    i.I2C1_EV_IRQHandler                     0x080028a0   Section        0  stm32f4xx_it.o(i.I2C1_EV_IRQHandler)
    i.I2C2_ER_IRQHandler                     0x080028ac   Section        0  stm32f4xx_it.o(i.I2C2_ER_IRQHandler)
    i.I2C2_EV_IRQHandler                     0x080028b8   Section        0  stm32f4xx_it.o(i.I2C2_EV_IRQHandler)
    i.I2C_DMAAbort                           0x080028c4   Section        0  stm32f4xx_hal_i2c.o(i.I2C_DMAAbort)
    I2C_DMAAbort                             0x080028c5   Thumb Code   182  stm32f4xx_hal_i2c.o(i.I2C_DMAAbort)
    i.I2C_ITError                            0x08002980   Section        0  stm32f4xx_hal_i2c.o(i.I2C_ITError)
    I2C_ITError                              0x08002981   Thumb Code   336  stm32f4xx_hal_i2c.o(i.I2C_ITError)
    i.I2C_MasterReceive_BTF                  0x08002ad8   Section        0  stm32f4xx_hal_i2c.o(i.I2C_MasterReceive_BTF)
    I2C_MasterReceive_BTF                    0x08002ad9   Thumb Code   210  stm32f4xx_hal_i2c.o(i.I2C_MasterReceive_BTF)
    i.I2C_MasterReceive_RXNE                 0x08002bac   Section        0  stm32f4xx_hal_i2c.o(i.I2C_MasterReceive_RXNE)
    I2C_MasterReceive_RXNE                   0x08002bad   Thumb Code   228  stm32f4xx_hal_i2c.o(i.I2C_MasterReceive_RXNE)
    i.I2C_MasterTransmit_BTF                 0x08002c94   Section        0  stm32f4xx_hal_i2c.o(i.I2C_MasterTransmit_BTF)
    I2C_MasterTransmit_BTF                   0x08002c95   Thumb Code   130  stm32f4xx_hal_i2c.o(i.I2C_MasterTransmit_BTF)
    i.I2C_MasterTransmit_TXE                 0x08002d18   Section        0  stm32f4xx_hal_i2c.o(i.I2C_MasterTransmit_TXE)
    I2C_MasterTransmit_TXE                   0x08002d19   Thumb Code   182  stm32f4xx_hal_i2c.o(i.I2C_MasterTransmit_TXE)
    i.I2C_Master_ADDR                        0x08002dd0   Section        0  stm32f4xx_hal_i2c.o(i.I2C_Master_ADDR)
    I2C_Master_ADDR                          0x08002dd1   Thumb Code   276  stm32f4xx_hal_i2c.o(i.I2C_Master_ADDR)
    i.I2C_Master_SB                          0x08002ee8   Section        0  stm32f4xx_hal_i2c.o(i.I2C_Master_SB)
    I2C_Master_SB                            0x08002ee9   Thumb Code   140  stm32f4xx_hal_i2c.o(i.I2C_Master_SB)
    i.I2C_MemoryTransmit_TXE_BTF             0x08002f74   Section        0  stm32f4xx_hal_i2c.o(i.I2C_MemoryTransmit_TXE_BTF)
    I2C_MemoryTransmit_TXE_BTF               0x08002f75   Thumb Code   160  stm32f4xx_hal_i2c.o(i.I2C_MemoryTransmit_TXE_BTF)
    i.I2C_Slave_ADDR                         0x08003014   Section        0  stm32f4xx_hal_i2c.o(i.I2C_Slave_ADDR)
    I2C_Slave_ADDR                           0x08003015   Thumb Code    70  stm32f4xx_hal_i2c.o(i.I2C_Slave_ADDR)
    i.I2C_Slave_AF                           0x0800305c   Section        0  stm32f4xx_hal_i2c.o(i.I2C_Slave_AF)
    I2C_Slave_AF                             0x0800305d   Thumb Code   126  stm32f4xx_hal_i2c.o(i.I2C_Slave_AF)
    i.I2C_Slave_STOPF                        0x080030e0   Section        0  stm32f4xx_hal_i2c.o(i.I2C_Slave_STOPF)
    I2C_Slave_STOPF                          0x080030e1   Thumb Code   338  stm32f4xx_hal_i2c.o(i.I2C_Slave_STOPF)
    i.MX_ADC1_Init                           0x0800323c   Section        0  adc.o(i.MX_ADC1_Init)
    i.MX_GPIO_Init                           0x080032fc   Section        0  gpio.o(i.MX_GPIO_Init)
    i.MX_I2C1_Init                           0x08003430   Section        0  i2c.o(i.MX_I2C1_Init)
    i.MX_I2C2_Init                           0x08003470   Section        0  i2c.o(i.MX_I2C2_Init)
    i.MX_TIM1_Init                           0x080034b0   Section        0  tim.o(i.MX_TIM1_Init)
    i.MX_TIM2_Init                           0x08003520   Section        0  tim.o(i.MX_TIM2_Init)
    i.MX_TIM3_Init                           0x080035bc   Section        0  tim.o(i.MX_TIM3_Init)
    i.MX_TIM4_Init                           0x0800365c   Section        0  tim.o(i.MX_TIM4_Init)
    i.MX_USART1_UART_Init                    0x080036c8   Section        0  usart.o(i.MX_USART1_UART_Init)
    i.MX_USART2_UART_Init                    0x08003700   Section        0  usart.o(i.MX_USART2_UART_Init)
    i.MX_USART3_UART_Init                    0x08003738   Section        0  usart.o(i.MX_USART3_UART_Init)
    i.MX_USART6_UART_Init                    0x08003770   Section        0  usart.o(i.MX_USART6_UART_Init)
    i.MemManage_Handler                      0x080037a8   Section        0  stm32f4xx_it.o(i.MemManage_Handler)
    i.NMI_Handler                            0x080037aa   Section        0  stm32f4xx_it.o(i.NMI_Handler)
    i.Openmv_Receive_Data                    0x080037ac   Section        0  openmv.o(i.Openmv_Receive_Data)
    i.PendSV_Handler                         0x080038fc   Section        0  stm32f4xx_it.o(i.PendSV_Handler)
    i.Problem2                               0x080038fe   Section        0  main.o(i.Problem2)
    i.Problem3                               0x08003988   Section        0  main.o(i.Problem3)
    i.Problem4                               0x08003a1c   Section        0  main.o(i.Problem4)
    i.RCC_IRQHandler                         0x08003cf4   Section        0  stm32f4xx_it.o(i.RCC_IRQHandler)
    i.SVC_Handler                            0x08003cf6   Section        0  stm32f4xx_it.o(i.SVC_Handler)
    i.SysTick_Handler                        0x08003cf8   Section        0  stm32f4xx_it.o(i.SysTick_Handler)
    i.SystemClock_Config                     0x08003cfc   Section        0  main.o(i.SystemClock_Config)
    i.SystemInit                             0x08003d90   Section        0  system_stm32f4xx.o(i.SystemInit)
    i.TIM2_IRQHandler                        0x08003da0   Section        0  stm32f4xx_it.o(i.TIM2_IRQHandler)
    i.TIM3_IRQHandler                        0x08003dac   Section        0  stm32f4xx_it.o(i.TIM3_IRQHandler)
    i.TIM4_IRQHandler                        0x08003db8   Section        0  stm32f4xx_it.o(i.TIM4_IRQHandler)
    i.TIM_Base_SetConfig                     0x08003dc4   Section        0  stm32f4xx_hal_tim.o(i.TIM_Base_SetConfig)
    i.TIM_CCxChannelCmd                      0x08003e8c   Section        0  stm32f4xx_hal_tim.o(i.TIM_CCxChannelCmd)
    i.TIM_OC1_SetConfig                      0x08003ea8   Section        0  stm32f4xx_hal_tim.o(i.TIM_OC1_SetConfig)
    TIM_OC1_SetConfig                        0x08003ea9   Thumb Code    88  stm32f4xx_hal_tim.o(i.TIM_OC1_SetConfig)
    i.TIM_OC2_SetConfig                      0x08003f08   Section        0  stm32f4xx_hal_tim.o(i.TIM_OC2_SetConfig)
    i.TIM_OC3_SetConfig                      0x08003f74   Section        0  stm32f4xx_hal_tim.o(i.TIM_OC3_SetConfig)
    TIM_OC3_SetConfig                        0x08003f75   Thumb Code    96  stm32f4xx_hal_tim.o(i.TIM_OC3_SetConfig)
    i.TIM_OC4_SetConfig                      0x08003fdc   Section        0  stm32f4xx_hal_tim.o(i.TIM_OC4_SetConfig)
    TIM_OC4_SetConfig                        0x08003fdd   Thumb Code    70  stm32f4xx_hal_tim.o(i.TIM_OC4_SetConfig)
    i.TrackX                                 0x0800402c   Section        0  main.o(i.TrackX)
    i.TrackY                                 0x0800409c   Section        0  main.o(i.TrackY)
    i.UART_DMAAbortOnError                   0x0800410c   Section        0  stm32f4xx_hal_uart.o(i.UART_DMAAbortOnError)
    UART_DMAAbortOnError                     0x0800410d   Thumb Code    16  stm32f4xx_hal_uart.o(i.UART_DMAAbortOnError)
    i.UART_EndRxTransfer                     0x0800411c   Section        0  stm32f4xx_hal_uart.o(i.UART_EndRxTransfer)
    UART_EndRxTransfer                       0x0800411d   Thumb Code    78  stm32f4xx_hal_uart.o(i.UART_EndRxTransfer)
    i.UART_Receive_IT                        0x0800416a   Section        0  stm32f4xx_hal_uart.o(i.UART_Receive_IT)
    UART_Receive_IT                          0x0800416b   Thumb Code   192  stm32f4xx_hal_uart.o(i.UART_Receive_IT)
    i.UART_SetConfig                         0x0800422c   Section        0  stm32f4xx_hal_uart.o(i.UART_SetConfig)
    UART_SetConfig                           0x0800422d   Thumb Code   258  stm32f4xx_hal_uart.o(i.UART_SetConfig)
    i.UART_Start_Receive_IT                  0x08004338   Section        0  stm32f4xx_hal_uart.o(i.UART_Start_Receive_IT)
    i.USART1_IRQHandler                      0x08004374   Section        0  stm32f4xx_it.o(i.USART1_IRQHandler)
    i.USART2_IRQHandler                      0x08004380   Section        0  stm32f4xx_it.o(i.USART2_IRQHandler)
    i.USART3_IRQHandler                      0x0800438c   Section        0  stm32f4xx_it.o(i.USART3_IRQHandler)
    i.USART6_IRQHandler                      0x08004398   Section        0  stm32f4xx_it.o(i.USART6_IRQHandler)
    i.UsageFault_Handler                     0x080043a4   Section        0  stm32f4xx_it.o(i.UsageFault_Handler)
    i.__NVIC_SetPriority                     0x080043a6   Section        0  stm32f4xx_hal_cortex.o(i.__NVIC_SetPriority)
    __NVIC_SetPriority                       0x080043a7   Thumb Code    32  stm32f4xx_hal_cortex.o(i.__NVIC_SetPriority)
    i.__hardfp_fabs                          0x080043c6   Section        0  fabs.o(i.__hardfp_fabs)
    i._is_digit                              0x080043da   Section        0  __printf_wp.o(i._is_digit)
    i._sys_exit                              0x080043e8   Section        0  usart.o(i._sys_exit)
    i.fputc                                  0x080043ec   Section        0  usart.o(i.fputc)
    i.main                                   0x08004400   Section        0  main.o(i.main)
    i.setServoPwm                            0x08004528   Section        0  main.o(i.setServoPwm)
    x$fpl$dcmpinf                            0x0800456c   Section       24  dcmpi.o(x$fpl$dcmpinf)
    $v0                                      0x0800456c   Number         0  dcmpi.o(x$fpl$dcmpinf)
    x$fpl$dflt                               0x08004584   Section       46  dflt_clz.o(x$fpl$dflt)
    $v0                                      0x08004584   Number         0  dflt_clz.o(x$fpl$dflt)
    x$fpl$dleqf                              0x080045b4   Section      120  dleqf.o(x$fpl$dleqf)
    $v0                                      0x080045b4   Number         0  dleqf.o(x$fpl$dleqf)
    x$fpl$dnaninf                            0x0800462c   Section      156  dnaninf.o(x$fpl$dnaninf)
    $v0                                      0x0800462c   Number         0  dnaninf.o(x$fpl$dnaninf)
    x$fpl$drleqf                             0x080046c8   Section      108  drleqf.o(x$fpl$drleqf)
    $v0                                      0x080046c8   Number         0  drleqf.o(x$fpl$drleqf)
    x$fpl$fpinit                             0x08004734   Section       10  fpinit.o(x$fpl$fpinit)
    $v0                                      0x08004734   Number         0  fpinit.o(x$fpl$fpinit)
    .constdata                               0x0800473e   Section       16  system_stm32f4xx.o(.constdata)
    x$fpl$usenofp                            0x0800473e   Section        0  usenofp.o(x$fpl$usenofp)
    .constdata                               0x0800474e   Section        8  system_stm32f4xx.o(.constdata)
    .constdata                               0x08004756   Section       17  __printf_flags_wp.o(.constdata)
    maptable                                 0x08004756   Data          17  __printf_flags_wp.o(.constdata)
    .conststring                             0x08004768   Section      140  main.o(.conststring)
    .data                                    0x20000000   Section       52  main.o(.data)
    .data                                    0x20000034   Section        4  main.o(.data)
    .data                                    0x20000038   Section        4  usart.o(.data)
    .data                                    0x2000003c   Section       12  stm32f4xx_hal.o(.data)
    .data                                    0x20000048   Section        4  system_stm32f4xx.o(.data)
    .data                                    0x2000004c   Section       16  pid.o(.data)
    .data                                    0x2000005c   Section        8  openmv.o(.data)
    RxCounter1                               0x2000005c   Data           1  openmv.o(.data)
    RxState                                  0x2000005d   Data           1  openmv.o(.data)
    .bss                                     0x20000064   Section       72  adc.o(.bss)
    .bss                                     0x200000ac   Section      168  i2c.o(.bss)
    .bss                                     0x20000154   Section      288  tim.o(.bss)
    .bss                                     0x20000274   Section      272  usart.o(.bss)
    .bss                                     0x20000384   Section       36  openmv.o(.bss)
    RxBuffer1                                0x20000384   Data          36  openmv.o(.bss)
    .bss                                     0x200003a8   Section       96  libspace.o(.bss)
    HEAP                                     0x20000408   Section      512  startup_stm32f407xx.o(HEAP)
    Heap_Mem                                 0x20000408   Data         512  startup_stm32f407xx.o(HEAP)
    STACK                                    0x20000608   Section     1024  startup_stm32f407xx.o(STACK)
    Stack_Mem                                0x20000608   Data        1024  startup_stm32f407xx.o(STACK)
    __initial_sp                             0x20000a08   Data           0  startup_stm32f407xx.o(STACK)

    Global Symbols

    Symbol Name                              Value     Ov Type        Size  Object(Section)

    BuildAttributes$$THM_ISAv4$E$P$D$K$B$S$7EM$VFPi3$EXTD16$VFPS$VFMA$PE$A:L22UL41UL21$X:L11$S22US41US21$IEEE1$IW$USESV6$~STKCKD$USESV7$~SHL$OTIME$ROPI$IEEEX$EBA8$UX$STANDARDLIB$REQ8$PRES8$EABIv2 0x00000000   Number         0  anon$$obj.o ABSOLUTE
    __ARM_use_no_argv                        0x00000000   Number         0  main.o ABSOLUTE
    _printf_flags                            0x00000000   Number         0  printf_stubs.o ABSOLUTE
    _printf_return_value                     0x00000000   Number         0  printf_stubs.o ABSOLUTE
    _printf_sizespec                         0x00000000   Number         0  printf_stubs.o ABSOLUTE
    _printf_widthprec                        0x00000000   Number         0  printf_stubs.o ABSOLUTE
    __ARM_exceptions_init                     - Undefined Weak Reference
    __alloca_initialize                       - Undefined Weak Reference
    __arm_preinit_                            - Undefined Weak Reference
    __cpp_initialize__aeabi_                  - Undefined Weak Reference
    __cxa_finalize                            - Undefined Weak Reference
    __sigvec_lookup                           - Undefined Weak Reference
    _atexit_init                              - Undefined Weak Reference
    _call_atexit_fns                          - Undefined Weak Reference
    _clock_init                               - Undefined Weak Reference
    _fp_trap_init                             - Undefined Weak Reference
    _fp_trap_shutdown                         - Undefined Weak Reference
    _get_lc_collate                           - Undefined Weak Reference
    _get_lc_ctype                             - Undefined Weak Reference
    _get_lc_monetary                          - Undefined Weak Reference
    _get_lc_time                              - Undefined Weak Reference
    _getenv_init                              - Undefined Weak Reference
    _handle_redirection                       - Undefined Weak Reference
    _init_alloc                               - Undefined Weak Reference
    _init_user_alloc                          - Undefined Weak Reference
    _initio                                   - Undefined Weak Reference
    _mutex_acquire                            - Undefined Weak Reference
    _mutex_release                            - Undefined Weak Reference
    _printf_truncate_signed                   - Undefined Weak Reference
    _printf_truncate_unsigned                 - Undefined Weak Reference
    _rand_init                                - Undefined Weak Reference
    _signal_finish                            - Undefined Weak Reference
    _signal_init                              - Undefined Weak Reference
    _terminate_alloc                          - Undefined Weak Reference
    _terminate_user_alloc                     - Undefined Weak Reference
    _terminateio                              - Undefined Weak Reference
    __Vectors_Size                           0x00000188   Number         0  startup_stm32f407xx.o ABSOLUTE
    __Vectors                                0x08000000   Data           4  startup_stm32f407xx.o(RESET)
    __Vectors_End                            0x08000188   Data           0  startup_stm32f407xx.o(RESET)
    __main                                   0x08000189   Thumb Code     8  __main.o(!!!main)
    __scatterload                            0x08000191   Thumb Code     0  __scatter.o(!!!scatter)
    __scatterload_rt2                        0x08000191   Thumb Code    44  __scatter.o(!!!scatter)
    __scatterload_rt2_thumb_only             0x08000191   Thumb Code     0  __scatter.o(!!!scatter)
    __scatterload_null                       0x0800019f   Thumb Code     0  __scatter.o(!!!scatter)
    __scatterload_copy                       0x080001c5   Thumb Code    26  __scatter_copy.o(!!handler_copy)
    __scatterload_zeroinit                   0x080001e1   Thumb Code    28  __scatter_zi.o(!!handler_zi)
    _printf_d                                0x080001fd   Thumb Code     0  _printf_d.o(.ARM.Collect$$_printf_percent$$00000009)
    _printf_percent                          0x080001fd   Thumb Code     0  _printf_percent.o(.ARM.Collect$$_printf_percent$$00000000)
    _printf_percent_end                      0x08000203   Thumb Code     0  _printf_percent_end.o(.ARM.Collect$$_printf_percent$$00000017)
    __rt_lib_init                            0x08000207   Thumb Code     0  libinit.o(.ARM.Collect$$libinit$$00000000)
    __rt_lib_init_fp_1                       0x08000209   Thumb Code     0  libinit2.o(.ARM.Collect$$libinit$$00000001)
    __rt_lib_init_alloca_1                   0x0800020d   Thumb Code     0  libinit2.o(.ARM.Collect$$libinit$$0000002E)
    __rt_lib_init_argv_1                     0x0800020d   Thumb Code     0  libinit2.o(.ARM.Collect$$libinit$$0000002C)
    __rt_lib_init_atexit_1                   0x0800020d   Thumb Code     0  libinit2.o(.ARM.Collect$$libinit$$0000001B)
    __rt_lib_init_clock_1                    0x0800020d   Thumb Code     0  libinit2.o(.ARM.Collect$$libinit$$00000021)
    __rt_lib_init_cpp_1                      0x0800020d   Thumb Code     0  libinit2.o(.ARM.Collect$$libinit$$00000032)
    __rt_lib_init_exceptions_1               0x0800020d   Thumb Code     0  libinit2.o(.ARM.Collect$$libinit$$00000030)
    __rt_lib_init_fp_trap_1                  0x0800020d   Thumb Code     0  libinit2.o(.ARM.Collect$$libinit$$0000001F)
    __rt_lib_init_getenv_1                   0x0800020d   Thumb Code     0  libinit2.o(.ARM.Collect$$libinit$$00000023)
    __rt_lib_init_heap_1                     0x0800020d   Thumb Code     0  libinit2.o(.ARM.Collect$$libinit$$0000000A)
    __rt_lib_init_lc_collate_1               0x0800020d   Thumb Code     0  libinit2.o(.ARM.Collect$$libinit$$00000011)
    __rt_lib_init_lc_ctype_1                 0x0800020d   Thumb Code     0  libinit2.o(.ARM.Collect$$libinit$$00000013)
    __rt_lib_init_lc_monetary_1              0x0800020d   Thumb Code     0  libinit2.o(.ARM.Collect$$libinit$$00000015)
    __rt_lib_init_lc_numeric_1               0x0800020d   Thumb Code     0  libinit2.o(.ARM.Collect$$libinit$$00000017)
    __rt_lib_init_lc_time_1                  0x0800020d   Thumb Code     0  libinit2.o(.ARM.Collect$$libinit$$00000019)
    __rt_lib_init_preinit_1                  0x0800020d   Thumb Code     0  libinit2.o(.ARM.Collect$$libinit$$00000004)
    __rt_lib_init_rand_1                     0x0800020d   Thumb Code     0  libinit2.o(.ARM.Collect$$libinit$$0000000E)
    __rt_lib_init_return                     0x0800020d   Thumb Code     0  libinit2.o(.ARM.Collect$$libinit$$00000033)
    __rt_lib_init_signal_1                   0x0800020d   Thumb Code     0  libinit2.o(.ARM.Collect$$libinit$$0000001D)
    __rt_lib_init_stdio_1                    0x0800020d   Thumb Code     0  libinit2.o(.ARM.Collect$$libinit$$00000025)
    __rt_lib_init_user_alloc_1               0x0800020d   Thumb Code     0  libinit2.o(.ARM.Collect$$libinit$$0000000C)
    __rt_lib_shutdown                        0x0800020f   Thumb Code     0  libshutdown.o(.ARM.Collect$$libshutdown$$00000000)
    __rt_lib_shutdown_fp_trap_1              0x08000211   Thumb Code     0  libshutdown2.o(.ARM.Collect$$libshutdown$$00000006)
    __rt_lib_shutdown_heap_1                 0x08000211   Thumb Code     0  libshutdown2.o(.ARM.Collect$$libshutdown$$0000000E)
    __rt_lib_shutdown_return                 0x08000211   Thumb Code     0  libshutdown2.o(.ARM.Collect$$libshutdown$$0000000F)
    __rt_lib_shutdown_signal_1               0x08000211   Thumb Code     0  libshutdown2.o(.ARM.Collect$$libshutdown$$00000009)
    __rt_lib_shutdown_stdio_1                0x08000211   Thumb Code     0  libshutdown2.o(.ARM.Collect$$libshutdown$$00000003)
    __rt_lib_shutdown_user_alloc_1           0x08000211   Thumb Code     0  libshutdown2.o(.ARM.Collect$$libshutdown$$0000000B)
    __rt_entry                               0x08000213   Thumb Code     0  __rtentry.o(.ARM.Collect$$rtentry$$00000000)
    __rt_entry_presh_1                       0x08000213   Thumb Code     0  __rtentry2.o(.ARM.Collect$$rtentry$$00000002)
    __rt_entry_sh                            0x08000213   Thumb Code     0  __rtentry4.o(.ARM.Collect$$rtentry$$00000004)
    __rt_entry_li                            0x08000219   Thumb Code     0  __rtentry2.o(.ARM.Collect$$rtentry$$0000000A)
    __rt_entry_postsh_1                      0x08000219   Thumb Code     0  __rtentry2.o(.ARM.Collect$$rtentry$$00000009)
    __rt_entry_main                          0x0800021d   Thumb Code     0  __rtentry2.o(.ARM.Collect$$rtentry$$0000000D)
    __rt_entry_postli_1                      0x0800021d   Thumb Code     0  __rtentry2.o(.ARM.Collect$$rtentry$$0000000C)
    __rt_exit                                0x08000225   Thumb Code     0  rtexit.o(.ARM.Collect$$rtexit$$00000000)
    __rt_exit_ls                             0x08000227   Thumb Code     0  rtexit2.o(.ARM.Collect$$rtexit$$00000003)
    __rt_exit_prels_1                        0x08000227   Thumb Code     0  rtexit2.o(.ARM.Collect$$rtexit$$00000002)
    __rt_exit_exit                           0x0800022b   Thumb Code     0  rtexit2.o(.ARM.Collect$$rtexit$$00000004)
    Reset_Handler                            0x08000231   Thumb Code     8  startup_stm32f407xx.o(.text)
    CAN1_RX0_IRQHandler                      0x0800024b   Thumb Code     0  startup_stm32f407xx.o(.text)
    CAN1_RX1_IRQHandler                      0x0800024b   Thumb Code     0  startup_stm32f407xx.o(.text)
    CAN1_SCE_IRQHandler                      0x0800024b   Thumb Code     0  startup_stm32f407xx.o(.text)
    CAN1_TX_IRQHandler                       0x0800024b   Thumb Code     0  startup_stm32f407xx.o(.text)
    CAN2_RX0_IRQHandler                      0x0800024b   Thumb Code     0  startup_stm32f407xx.o(.text)
    CAN2_RX1_IRQHandler                      0x0800024b   Thumb Code     0  startup_stm32f407xx.o(.text)
    CAN2_SCE_IRQHandler                      0x0800024b   Thumb Code     0  startup_stm32f407xx.o(.text)
    CAN2_TX_IRQHandler                       0x0800024b   Thumb Code     0  startup_stm32f407xx.o(.text)
    DCMI_IRQHandler                          0x0800024b   Thumb Code     0  startup_stm32f407xx.o(.text)
    DMA1_Stream0_IRQHandler                  0x0800024b   Thumb Code     0  startup_stm32f407xx.o(.text)
    DMA1_Stream1_IRQHandler                  0x0800024b   Thumb Code     0  startup_stm32f407xx.o(.text)
    DMA1_Stream2_IRQHandler                  0x0800024b   Thumb Code     0  startup_stm32f407xx.o(.text)
    DMA1_Stream3_IRQHandler                  0x0800024b   Thumb Code     0  startup_stm32f407xx.o(.text)
    DMA1_Stream4_IRQHandler                  0x0800024b   Thumb Code     0  startup_stm32f407xx.o(.text)
    DMA1_Stream5_IRQHandler                  0x0800024b   Thumb Code     0  startup_stm32f407xx.o(.text)
    DMA1_Stream6_IRQHandler                  0x0800024b   Thumb Code     0  startup_stm32f407xx.o(.text)
    DMA1_Stream7_IRQHandler                  0x0800024b   Thumb Code     0  startup_stm32f407xx.o(.text)
    DMA2_Stream0_IRQHandler                  0x0800024b   Thumb Code     0  startup_stm32f407xx.o(.text)
    DMA2_Stream1_IRQHandler                  0x0800024b   Thumb Code     0  startup_stm32f407xx.o(.text)
    DMA2_Stream2_IRQHandler                  0x0800024b   Thumb Code     0  startup_stm32f407xx.o(.text)
    DMA2_Stream3_IRQHandler                  0x0800024b   Thumb Code     0  startup_stm32f407xx.o(.text)
    DMA2_Stream4_IRQHandler                  0x0800024b   Thumb Code     0  startup_stm32f407xx.o(.text)
    DMA2_Stream5_IRQHandler                  0x0800024b   Thumb Code     0  startup_stm32f407xx.o(.text)
    DMA2_Stream6_IRQHandler                  0x0800024b   Thumb Code     0  startup_stm32f407xx.o(.text)
    DMA2_Stream7_IRQHandler                  0x0800024b   Thumb Code     0  startup_stm32f407xx.o(.text)
    ETH_IRQHandler                           0x0800024b   Thumb Code     0  startup_stm32f407xx.o(.text)
    ETH_WKUP_IRQHandler                      0x0800024b   Thumb Code     0  startup_stm32f407xx.o(.text)
    EXTI0_IRQHandler                         0x0800024b   Thumb Code     0  startup_stm32f407xx.o(.text)
    EXTI15_10_IRQHandler                     0x0800024b   Thumb Code     0  startup_stm32f407xx.o(.text)
    EXTI1_IRQHandler                         0x0800024b   Thumb Code     0  startup_stm32f407xx.o(.text)
    EXTI2_IRQHandler                         0x0800024b   Thumb Code     0  startup_stm32f407xx.o(.text)
    EXTI3_IRQHandler                         0x0800024b   Thumb Code     0  startup_stm32f407xx.o(.text)
    EXTI4_IRQHandler                         0x0800024b   Thumb Code     0  startup_stm32f407xx.o(.text)
    EXTI9_5_IRQHandler                       0x0800024b   Thumb Code     0  startup_stm32f407xx.o(.text)
    FLASH_IRQHandler                         0x0800024b   Thumb Code     0  startup_stm32f407xx.o(.text)
    FMC_IRQHandler                           0x0800024b   Thumb Code     0  startup_stm32f407xx.o(.text)
    FPU_IRQHandler                           0x0800024b   Thumb Code     0  startup_stm32f407xx.o(.text)
    HASH_RNG_IRQHandler                      0x0800024b   Thumb Code     0  startup_stm32f407xx.o(.text)
    I2C3_ER_IRQHandler                       0x0800024b   Thumb Code     0  startup_stm32f407xx.o(.text)
    I2C3_EV_IRQHandler                       0x0800024b   Thumb Code     0  startup_stm32f407xx.o(.text)
    OTG_FS_IRQHandler                        0x0800024b   Thumb Code     0  startup_stm32f407xx.o(.text)
    OTG_FS_WKUP_IRQHandler                   0x0800024b   Thumb Code     0  startup_stm32f407xx.o(.text)
    OTG_HS_EP1_IN_IRQHandler                 0x0800024b   Thumb Code     0  startup_stm32f407xx.o(.text)
    OTG_HS_EP1_OUT_IRQHandler                0x0800024b   Thumb Code     0  startup_stm32f407xx.o(.text)
    OTG_HS_IRQHandler                        0x0800024b   Thumb Code     0  startup_stm32f407xx.o(.text)
    OTG_HS_WKUP_IRQHandler                   0x0800024b   Thumb Code     0  startup_stm32f407xx.o(.text)
    PVD_IRQHandler                           0x0800024b   Thumb Code     0  startup_stm32f407xx.o(.text)
    RTC_Alarm_IRQHandler                     0x0800024b   Thumb Code     0  startup_stm32f407xx.o(.text)
    RTC_WKUP_IRQHandler                      0x0800024b   Thumb Code     0  startup_stm32f407xx.o(.text)
    SDIO_IRQHandler                          0x0800024b   Thumb Code     0  startup_stm32f407xx.o(.text)
    SPI1_IRQHandler                          0x0800024b   Thumb Code     0  startup_stm32f407xx.o(.text)
    SPI2_IRQHandler                          0x0800024b   Thumb Code     0  startup_stm32f407xx.o(.text)
    SPI3_IRQHandler                          0x0800024b   Thumb Code     0  startup_stm32f407xx.o(.text)
    TAMP_STAMP_IRQHandler                    0x0800024b   Thumb Code     0  startup_stm32f407xx.o(.text)
    TIM1_BRK_TIM9_IRQHandler                 0x0800024b   Thumb Code     0  startup_stm32f407xx.o(.text)
    TIM1_CC_IRQHandler                       0x0800024b   Thumb Code     0  startup_stm32f407xx.o(.text)
    TIM1_TRG_COM_TIM11_IRQHandler            0x0800024b   Thumb Code     0  startup_stm32f407xx.o(.text)
    TIM1_UP_TIM10_IRQHandler                 0x0800024b   Thumb Code     0  startup_stm32f407xx.o(.text)
    TIM5_IRQHandler                          0x0800024b   Thumb Code     0  startup_stm32f407xx.o(.text)
    TIM6_DAC_IRQHandler                      0x0800024b   Thumb Code     0  startup_stm32f407xx.o(.text)
    TIM7_IRQHandler                          0x0800024b   Thumb Code     0  startup_stm32f407xx.o(.text)
    TIM8_BRK_TIM12_IRQHandler                0x0800024b   Thumb Code     0  startup_stm32f407xx.o(.text)
    TIM8_CC_IRQHandler                       0x0800024b   Thumb Code     0  startup_stm32f407xx.o(.text)
    TIM8_TRG_COM_TIM14_IRQHandler            0x0800024b   Thumb Code     0  startup_stm32f407xx.o(.text)
    TIM8_UP_TIM13_IRQHandler                 0x0800024b   Thumb Code     0  startup_stm32f407xx.o(.text)
    UART4_IRQHandler                         0x0800024b   Thumb Code     0  startup_stm32f407xx.o(.text)
    UART5_IRQHandler                         0x0800024b   Thumb Code     0  startup_stm32f407xx.o(.text)
    WWDG_IRQHandler                          0x0800024b   Thumb Code     0  startup_stm32f407xx.o(.text)
    __user_initial_stackheap                 0x0800024d   Thumb Code     0  startup_stm32f407xx.o(.text)
    __use_no_semihosting                     0x08000271   Thumb Code     2  use_no_semi_2.o(.text)
    __aeabi_uldivmod                         0x08000273   Thumb Code     0  lludivv7m.o(.text)
    _ll_udiv                                 0x08000273   Thumb Code   238  lludivv7m.o(.text)
    __2printf                                0x08000361   Thumb Code    20  noretval__2printf.o(.text)
    _printf_int_dec                          0x08000379   Thumb Code   104  _printf_dec.o(.text)
    __printf                                 0x080003f1   Thumb Code   308  __printf_flags_wp.o(.text)
    __aeabi_memclr4                          0x08000529   Thumb Code     0  rt_memclr_w.o(.text)
    __aeabi_memclr8                          0x08000529   Thumb Code     0  rt_memclr_w.o(.text)
    __rt_memclr_w                            0x08000529   Thumb Code    78  rt_memclr_w.o(.text)
    _memset_w                                0x0800052d   Thumb Code     0  rt_memclr_w.o(.text)
    __use_two_region_memory                  0x08000577   Thumb Code     2  heapauxi.o(.text)
    __rt_heap_escrow$2region                 0x08000579   Thumb Code     2  heapauxi.o(.text)
    __rt_heap_expand$2region                 0x0800057b   Thumb Code     2  heapauxi.o(.text)
    __I$use$semihosting                      0x0800057d   Thumb Code     0  use_no_semi.o(.text)
    __use_no_semihosting_swi                 0x0800057d   Thumb Code     2  use_no_semi.o(.text)
    _printf_int_common                       0x0800057f   Thumb Code   178  _printf_intcommon.o(.text)
    _printf_char_file                        0x08000631   Thumb Code    32  _printf_char_file.o(.text)
    _printf_char_common                      0x0800065f   Thumb Code    32  _printf_char_common.o(.text)
    ferror                                   0x08000685   Thumb Code     8  ferror.o(.text)
    __user_libspace                          0x0800068d   Thumb Code     8  libspace.o(.text)
    __user_perproc_libspace                  0x0800068d   Thumb Code     0  libspace.o(.text)
    __user_perthread_libspace                0x0800068d   Thumb Code     0  libspace.o(.text)
    __user_setup_stackheap                   0x08000695   Thumb Code    74  sys_stackheap_outer.o(.text)
    exit                                     0x080006df   Thumb Code    12  exit.o(.text)
    ADC_IRQHandler                           0x080006ed   Thumb Code     6  stm32f4xx_it.o(i.ADC_IRQHandler)
    BusFault_Handler                         0x08000821   Thumb Code     2  stm32f4xx_it.o(i.BusFault_Handler)
    DebugMon_Handler                         0x08000823   Thumb Code     2  stm32f4xx_it.o(i.DebugMon_Handler)
    Error_Handler                            0x08000825   Thumb Code     4  main.o(i.Error_Handler)
    HAL_ADCEx_InjectedConvCpltCallback       0x08000829   Thumb Code     2  stm32f4xx_hal_adc_ex.o(i.HAL_ADCEx_InjectedConvCpltCallback)
    HAL_ADC_ConfigChannel                    0x0800082d   Thumb Code   316  stm32f4xx_hal_adc.o(i.HAL_ADC_ConfigChannel)
    HAL_ADC_ConvCpltCallback                 0x08000979   Thumb Code     2  stm32f4xx_hal_adc.o(i.HAL_ADC_ConvCpltCallback)
    HAL_ADC_ErrorCallback                    0x0800097b   Thumb Code     2  stm32f4xx_hal_adc.o(i.HAL_ADC_ErrorCallback)
    HAL_ADC_IRQHandler                       0x0800097d   Thumb Code   302  stm32f4xx_hal_adc.o(i.HAL_ADC_IRQHandler)
    HAL_ADC_Init                             0x08000aab   Thumb Code    84  stm32f4xx_hal_adc.o(i.HAL_ADC_Init)
    HAL_ADC_LevelOutOfWindowCallback         0x08000aff   Thumb Code     2  stm32f4xx_hal_adc.o(i.HAL_ADC_LevelOutOfWindowCallback)
    HAL_ADC_MspInit                          0x08000b01   Thumb Code   132  adc.o(i.HAL_ADC_MspInit)
    HAL_DMA_Abort                            0x08000b95   Thumb Code   146  stm32f4xx_hal_dma.o(i.HAL_DMA_Abort)
    HAL_DMA_Abort_IT                         0x08000c27   Thumb Code    36  stm32f4xx_hal_dma.o(i.HAL_DMA_Abort_IT)
    HAL_DMA_GetState                         0x08000c4b   Thumb Code     6  stm32f4xx_hal_dma.o(i.HAL_DMA_GetState)
    HAL_Delay                                0x08000c51   Thumb Code    32  stm32f4xx_hal.o(i.HAL_Delay)
    HAL_GPIO_Init                            0x08000c75   Thumb Code   450  stm32f4xx_hal_gpio.o(i.HAL_GPIO_Init)
    HAL_GPIO_WritePin                        0x08000e65   Thumb Code    10  stm32f4xx_hal_gpio.o(i.HAL_GPIO_WritePin)
    HAL_GetTick                              0x08000e71   Thumb Code     6  stm32f4xx_hal.o(i.HAL_GetTick)
    HAL_I2C_AbortCpltCallback                0x08000e7d   Thumb Code     2  stm32f4xx_hal_i2c.o(i.HAL_I2C_AbortCpltCallback)
    HAL_I2C_AddrCallback                     0x08000e7f   Thumb Code     2  stm32f4xx_hal_i2c.o(i.HAL_I2C_AddrCallback)
    HAL_I2C_ER_IRQHandler                    0x08000e81   Thumb Code   186  stm32f4xx_hal_i2c.o(i.HAL_I2C_ER_IRQHandler)
    HAL_I2C_EV_IRQHandler                    0x08000f3b   Thumb Code   560  stm32f4xx_hal_i2c.o(i.HAL_I2C_EV_IRQHandler)
    HAL_I2C_ErrorCallback                    0x0800116b   Thumb Code     2  stm32f4xx_hal_i2c.o(i.HAL_I2C_ErrorCallback)
    HAL_I2C_Init                             0x0800116d   Thumb Code   376  stm32f4xx_hal_i2c.o(i.HAL_I2C_Init)
    HAL_I2C_ListenCpltCallback               0x080012f5   Thumb Code     2  stm32f4xx_hal_i2c.o(i.HAL_I2C_ListenCpltCallback)
    HAL_I2C_MasterRxCpltCallback             0x080012f7   Thumb Code     2  stm32f4xx_hal_i2c.o(i.HAL_I2C_MasterRxCpltCallback)
    HAL_I2C_MasterTxCpltCallback             0x080012f9   Thumb Code     2  stm32f4xx_hal_i2c.o(i.HAL_I2C_MasterTxCpltCallback)
    HAL_I2C_MemRxCpltCallback                0x080012fb   Thumb Code     2  stm32f4xx_hal_i2c.o(i.HAL_I2C_MemRxCpltCallback)
    HAL_I2C_MemTxCpltCallback                0x080012fd   Thumb Code     2  stm32f4xx_hal_i2c.o(i.HAL_I2C_MemTxCpltCallback)
    HAL_I2C_MspInit                          0x08001301   Thumb Code   206  i2c.o(i.HAL_I2C_MspInit)
    HAL_I2C_SlaveRxCpltCallback              0x080013e5   Thumb Code     2  stm32f4xx_hal_i2c.o(i.HAL_I2C_SlaveRxCpltCallback)
    HAL_I2C_SlaveTxCpltCallback              0x080013e7   Thumb Code     2  stm32f4xx_hal_i2c.o(i.HAL_I2C_SlaveTxCpltCallback)
    HAL_IncTick                              0x080013e9   Thumb Code    12  stm32f4xx_hal.o(i.HAL_IncTick)
    HAL_Init                                 0x080013f9   Thumb Code    48  stm32f4xx_hal.o(i.HAL_Init)
    HAL_InitTick                             0x0800142d   Thumb Code    54  stm32f4xx_hal.o(i.HAL_InitTick)
    HAL_MspInit                              0x0800146d   Thumb Code    60  stm32f4xx_hal_msp.o(i.HAL_MspInit)
    HAL_NVIC_EnableIRQ                       0x080014ad   Thumb Code    26  stm32f4xx_hal_cortex.o(i.HAL_NVIC_EnableIRQ)
    HAL_NVIC_SetPriority                     0x080014c9   Thumb Code    60  stm32f4xx_hal_cortex.o(i.HAL_NVIC_SetPriority)
    HAL_NVIC_SetPriorityGrouping             0x08001509   Thumb Code    26  stm32f4xx_hal_cortex.o(i.HAL_NVIC_SetPriorityGrouping)
    HAL_RCC_ClockConfig                      0x0800152d   Thumb Code   288  stm32f4xx_hal_rcc.o(i.HAL_RCC_ClockConfig)
    HAL_RCC_GetPCLK1Freq                     0x08001661   Thumb Code    20  stm32f4xx_hal_rcc.o(i.HAL_RCC_GetPCLK1Freq)
    HAL_RCC_GetPCLK2Freq                     0x08001681   Thumb Code    20  stm32f4xx_hal_rcc.o(i.HAL_RCC_GetPCLK2Freq)
    HAL_RCC_GetSysClockFreq                  0x080016a1   Thumb Code    88  stm32f4xx_hal_rcc.o(i.HAL_RCC_GetSysClockFreq)
    HAL_RCC_OscConfig                        0x08001705   Thumb Code   856  stm32f4xx_hal_rcc.o(i.HAL_RCC_OscConfig)
    HAL_SYSTICK_Config                       0x08001a71   Thumb Code    40  stm32f4xx_hal_cortex.o(i.HAL_SYSTICK_Config)
    HAL_TIMEx_BreakCallback                  0x08001a99   Thumb Code     2  stm32f4xx_hal_tim_ex.o(i.HAL_TIMEx_BreakCallback)
    HAL_TIMEx_CommutCallback                 0x08001a9b   Thumb Code     2  stm32f4xx_hal_tim_ex.o(i.HAL_TIMEx_CommutCallback)
    HAL_TIMEx_MasterConfigSynchronization    0x08001a9d   Thumb Code   116  stm32f4xx_hal_tim_ex.o(i.HAL_TIMEx_MasterConfigSynchronization)
    HAL_TIM_Base_Start                       0x08001b2d   Thumb Code    90  stm32f4xx_hal_tim.o(i.HAL_TIM_Base_Start)
    HAL_TIM_Encoder_Init                     0x08001ba5   Thumb Code   164  stm32f4xx_hal_tim.o(i.HAL_TIM_Encoder_Init)
    HAL_TIM_Encoder_MspInit                  0x08001c49   Thumb Code   174  tim.o(i.HAL_TIM_Encoder_MspInit)
    HAL_TIM_Encoder_Start                    0x08001d0d   Thumb Code   142  stm32f4xx_hal_tim.o(i.HAL_TIM_Encoder_Start)
    HAL_TIM_IC_CaptureCallback               0x08001d9b   Thumb Code     2  stm32f4xx_hal_tim.o(i.HAL_TIM_IC_CaptureCallback)
    HAL_TIM_IRQHandler                       0x08001d9d   Thumb Code   358  stm32f4xx_hal_tim.o(i.HAL_TIM_IRQHandler)
    HAL_TIM_MspPostInit                      0x08001f05   Thumb Code   150  tim.o(i.HAL_TIM_MspPostInit)
    HAL_TIM_OC_DelayElapsedCallback          0x08001fb1   Thumb Code     2  stm32f4xx_hal_tim.o(i.HAL_TIM_OC_DelayElapsedCallback)
    HAL_TIM_PWM_ConfigChannel                0x08001fb3   Thumb Code   204  stm32f4xx_hal_tim.o(i.HAL_TIM_PWM_ConfigChannel)
    HAL_TIM_PWM_Init                         0x0800207f   Thumb Code    90  stm32f4xx_hal_tim.o(i.HAL_TIM_PWM_Init)
    HAL_TIM_PWM_MspInit                      0x080020d9   Thumb Code    86  tim.o(i.HAL_TIM_PWM_MspInit)
    HAL_TIM_PWM_PulseFinishedCallback        0x08002139   Thumb Code     2  stm32f4xx_hal_tim.o(i.HAL_TIM_PWM_PulseFinishedCallback)
    HAL_TIM_PWM_Start                        0x0800213d   Thumb Code   172  stm32f4xx_hal_tim.o(i.HAL_TIM_PWM_Start)
    HAL_TIM_PeriodElapsedCallback            0x08002205   Thumb Code     2  stm32f4xx_hal_tim.o(i.HAL_TIM_PeriodElapsedCallback)
    HAL_TIM_TriggerCallback                  0x08002207   Thumb Code     2  stm32f4xx_hal_tim.o(i.HAL_TIM_TriggerCallback)
    HAL_UARTEx_RxEventCallback               0x08002209   Thumb Code     2  stm32f4xx_hal_uart.o(i.HAL_UARTEx_RxEventCallback)
    HAL_UART_ErrorCallback                   0x0800220b   Thumb Code     2  stm32f4xx_hal_uart.o(i.HAL_UART_ErrorCallback)
    HAL_UART_IRQHandler                      0x0800220d   Thumb Code   610  stm32f4xx_hal_uart.o(i.HAL_UART_IRQHandler)
    HAL_UART_Init                            0x08002475   Thumb Code    98  stm32f4xx_hal_uart.o(i.HAL_UART_Init)
    HAL_UART_MspInit                         0x080024d9   Thumb Code   384  usart.o(i.HAL_UART_MspInit)
    HAL_UART_Receive_IT                      0x0800267d   Thumb Code    42  stm32f4xx_hal_uart.o(i.HAL_UART_Receive_IT)
    HAL_UART_RxCpltCallback                  0x080026a9   Thumb Code   364  main.o(i.HAL_UART_RxCpltCallback)
    HAL_UART_TxCpltCallback                  0x08002891   Thumb Code     2  stm32f4xx_hal_uart.o(i.HAL_UART_TxCpltCallback)
    HardFault_Handler                        0x08002893   Thumb Code     2  stm32f4xx_it.o(i.HardFault_Handler)
    I2C1_ER_IRQHandler                       0x08002895   Thumb Code     6  stm32f4xx_it.o(i.I2C1_ER_IRQHandler)
    I2C1_EV_IRQHandler                       0x080028a1   Thumb Code     6  stm32f4xx_it.o(i.I2C1_EV_IRQHandler)
    I2C2_ER_IRQHandler                       0x080028ad   Thumb Code     6  stm32f4xx_it.o(i.I2C2_ER_IRQHandler)
    I2C2_EV_IRQHandler                       0x080028b9   Thumb Code     6  stm32f4xx_it.o(i.I2C2_EV_IRQHandler)
    MX_ADC1_Init                             0x0800323d   Thumb Code   178  adc.o(i.MX_ADC1_Init)
    MX_GPIO_Init                             0x080032fd   Thumb Code   278  gpio.o(i.MX_GPIO_Init)
    MX_I2C1_Init                             0x08003431   Thumb Code    50  i2c.o(i.MX_I2C1_Init)
    MX_I2C2_Init                             0x08003471   Thumb Code    50  i2c.o(i.MX_I2C2_Init)
    MX_TIM1_Init                             0x080034b1   Thumb Code   102  tim.o(i.MX_TIM1_Init)
    MX_TIM2_Init                             0x08003521   Thumb Code   152  tim.o(i.MX_TIM2_Init)
    MX_TIM3_Init                             0x080035bd   Thumb Code   152  tim.o(i.MX_TIM3_Init)
    MX_TIM4_Init                             0x0800365d   Thumb Code    98  tim.o(i.MX_TIM4_Init)
    MX_USART1_UART_Init                      0x080036c9   Thumb Code    48  usart.o(i.MX_USART1_UART_Init)
    MX_USART2_UART_Init                      0x08003701   Thumb Code    48  usart.o(i.MX_USART2_UART_Init)
    MX_USART3_UART_Init                      0x08003739   Thumb Code    48  usart.o(i.MX_USART3_UART_Init)
    MX_USART6_UART_Init                      0x08003771   Thumb Code    48  usart.o(i.MX_USART6_UART_Init)
    MemManage_Handler                        0x080037a9   Thumb Code     2  stm32f4xx_it.o(i.MemManage_Handler)
    NMI_Handler                              0x080037ab   Thumb Code     2  stm32f4xx_it.o(i.NMI_Handler)
    Openmv_Receive_Data                      0x080037ad   Thumb Code   256  openmv.o(i.Openmv_Receive_Data)
    PendSV_Handler                           0x080038fd   Thumb Code     2  stm32f4xx_it.o(i.PendSV_Handler)
    Problem2                                 0x080038ff   Thumb Code   138  main.o(i.Problem2)
    Problem3                                 0x08003989   Thumb Code   148  main.o(i.Problem3)
    Problem4                                 0x08003a1d   Thumb Code   650  main.o(i.Problem4)
    RCC_IRQHandler                           0x08003cf5   Thumb Code     2  stm32f4xx_it.o(i.RCC_IRQHandler)
    SVC_Handler                              0x08003cf7   Thumb Code     2  stm32f4xx_it.o(i.SVC_Handler)
    SysTick_Handler                          0x08003cf9   Thumb Code     4  stm32f4xx_it.o(i.SysTick_Handler)
    SystemClock_Config                       0x08003cfd   Thumb Code   140  main.o(i.SystemClock_Config)
    SystemInit                               0x08003d91   Thumb Code    12  system_stm32f4xx.o(i.SystemInit)
    TIM2_IRQHandler                          0x08003da1   Thumb Code     6  stm32f4xx_it.o(i.TIM2_IRQHandler)
    TIM3_IRQHandler                          0x08003dad   Thumb Code     6  stm32f4xx_it.o(i.TIM3_IRQHandler)
    TIM4_IRQHandler                          0x08003db9   Thumb Code     6  stm32f4xx_it.o(i.TIM4_IRQHandler)
    TIM_Base_SetConfig                       0x08003dc5   Thumb Code   156  stm32f4xx_hal_tim.o(i.TIM_Base_SetConfig)
    TIM_CCxChannelCmd                        0x08003e8d   Thumb Code    26  stm32f4xx_hal_tim.o(i.TIM_CCxChannelCmd)
    TIM_OC2_SetConfig                        0x08003f09   Thumb Code    98  stm32f4xx_hal_tim.o(i.TIM_OC2_SetConfig)
    TrackX                                   0x0800402d   Thumb Code   112  main.o(i.TrackX)
    TrackY                                   0x0800409d   Thumb Code   112  main.o(i.TrackY)
    UART_Start_Receive_IT                    0x08004339   Thumb Code    58  stm32f4xx_hal_uart.o(i.UART_Start_Receive_IT)
    USART1_IRQHandler                        0x08004375   Thumb Code     6  stm32f4xx_it.o(i.USART1_IRQHandler)
    USART2_IRQHandler                        0x08004381   Thumb Code     6  stm32f4xx_it.o(i.USART2_IRQHandler)
    USART3_IRQHandler                        0x0800438d   Thumb Code     6  stm32f4xx_it.o(i.USART3_IRQHandler)
    USART6_IRQHandler                        0x08004399   Thumb Code     6  stm32f4xx_it.o(i.USART6_IRQHandler)
    UsageFault_Handler                       0x080043a5   Thumb Code     2  stm32f4xx_it.o(i.UsageFault_Handler)
    __hardfp_fabs                            0x080043c7   Thumb Code    20  fabs.o(i.__hardfp_fabs)
    _is_digit                                0x080043db   Thumb Code    14  __printf_wp.o(i._is_digit)
    _sys_exit                                0x080043e9   Thumb Code     2  usart.o(i._sys_exit)
    fputc                                    0x080043ed   Thumb Code    14  usart.o(i.fputc)
    main                                     0x08004401   Thumb Code   256  main.o(i.main)
    setServoPwm                              0x08004529   Thumb Code    54  main.o(i.setServoPwm)
    __fpl_dcmp_Inf                           0x0800456d   Thumb Code    24  dcmpi.o(x$fpl$dcmpinf)
    __aeabi_i2d                              0x08004585   Thumb Code     0  dflt_clz.o(x$fpl$dflt)
    _dflt                                    0x08004585   Thumb Code    46  dflt_clz.o(x$fpl$dflt)
    __aeabi_cdcmple                          0x080045b5   Thumb Code     0  dleqf.o(x$fpl$dleqf)
    _dcmple                                  0x080045b5   Thumb Code   120  dleqf.o(x$fpl$dleqf)
    __fpl_dcmple_InfNaN                      0x08004617   Thumb Code     0  dleqf.o(x$fpl$dleqf)
    __fpl_dnaninf                            0x0800462d   Thumb Code   156  dnaninf.o(x$fpl$dnaninf)
    __aeabi_cdrcmple                         0x080046c9   Thumb Code     0  drleqf.o(x$fpl$drleqf)
    _drcmple                                 0x080046c9   Thumb Code   108  drleqf.o(x$fpl$drleqf)
    _fp_init                                 0x08004735   Thumb Code    10  fpinit.o(x$fpl$fpinit)
    __fplib_config_fpu_vfp                   0x0800473d   Thumb Code     0  fpinit.o(x$fpl$fpinit)
    __fplib_config_pureend_doubles           0x0800473d   Thumb Code     0  fpinit.o(x$fpl$fpinit)
    AHBPrescTable                            0x0800473e   Data          16  system_stm32f4xx.o(.constdata)
    __I$use$fp                               0x0800473e   Number         0  usenofp.o(x$fpl$usenofp)
    APBPrescTable                            0x0800474e   Data           8  system_stm32f4xx.o(.constdata)
    Region$$Table$$Base                      0x080047f4   Number         0  anon$$obj.o(Region$$Table)
    Region$$Table$$Limit                     0x08004814   Number         0  anon$$obj.o(Region$$Table)
    rxBuffer                                 0x20000000   Data           1  main.o(.data)
    buffer1                                  0x20000001   Data           1  main.o(.data)
    tempt                                    0x20000002   Data           1  main.o(.data)
    redX                                     0x20000004   Data           2  main.o(.data)
    redY                                     0x20000006   Data           2  main.o(.data)
    x_left_top                               0x20000008   Data           2  main.o(.data)
    y_left_top                               0x2000000a   Data           2  main.o(.data)
    x_right_top                              0x2000000c   Data           2  main.o(.data)
    y_right_top                              0x2000000e   Data           2  main.o(.data)
    x_right_bottom                           0x20000010   Data           2  main.o(.data)
    y_right_bottom                           0x20000012   Data           2  main.o(.data)
    x_left_bottom                            0x20000014   Data           2  main.o(.data)
    y_left_bottom                            0x20000016   Data           2  main.o(.data)
    redIndex                                 0x20000018   Data           4  main.o(.data)
    pwm_orign_x                              0x2000001c   Data           4  main.o(.data)
    pwm_orign_y                              0x20000020   Data           4  main.o(.data)
    flag_problem                             0x20000024   Data           4  main.o(.data)
    redBuffer                                0x20000028   Data           4  main.o(.data)
    pwm_test_x                               0x2000002c   Data           4  main.o(.data)
    pwm_test_y                               0x20000030   Data           4  main.o(.data)
    flag_servo                               0x20000034   Data           4  main.o(.data)
    __stdout                                 0x20000038   Data           4  usart.o(.data)
    uwTickFreq                               0x2000003c   Data           1  stm32f4xx_hal.o(.data)
    uwTickPrio                               0x20000040   Data           4  stm32f4xx_hal.o(.data)
    uwTick                                   0x20000044   Data           4  stm32f4xx_hal.o(.data)
    SystemCoreClock                          0x20000048   Data           4  system_stm32f4xx.o(.data)
    pwm_x                                    0x2000004c   Data           4  pid.o(.data)
    pwm_y                                    0x20000050   Data           4  pid.o(.data)
    current_x                                0x20000054   Data           4  pid.o(.data)
    current_y                                0x20000058   Data           4  pid.o(.data)
    count                                    0x20000060   Data           4  openmv.o(.data)
    hadc1                                    0x20000064   Data          72  adc.o(.bss)
    hi2c1                                    0x200000ac   Data          84  i2c.o(.bss)
    hi2c2                                    0x20000100   Data          84  i2c.o(.bss)
    htim1                                    0x20000154   Data          72  tim.o(.bss)
    htim2                                    0x2000019c   Data          72  tim.o(.bss)
    htim3                                    0x200001e4   Data          72  tim.o(.bss)
    htim4                                    0x2000022c   Data          72  tim.o(.bss)
    huart1                                   0x20000274   Data          68  usart.o(.bss)
    huart2                                   0x200002b8   Data          68  usart.o(.bss)
    huart3                                   0x200002fc   Data          68  usart.o(.bss)
    huart6                                   0x20000340   Data          68  usart.o(.bss)
    __libspace_start                         0x200003a8   Data          96  libspace.o(.bss)
    __temporary_stack_top$libspace           0x20000408   Data           0  libspace.o(.bss)



==============================================================================

Memory Map of the image

  Image Entry point : 0x08000189

  Load Region LR_IROM1 (Base: 0x08000000, Size: 0x00004878, Max: 0x00100000, ABSOLUTE)

    Execution Region ER_IROM1 (Exec base: 0x08000000, Load base: 0x08000000, Size: 0x00004814, Max: 0x00100000, ABSOLUTE)

    Exec Addr    Load Addr    Size         Type   Attr      Idx    E Section Name        Object

    0x08000000   0x08000000   0x00000188   Data   RO            3    RESET               startup_stm32f407xx.o
    0x08000188   0x08000188   0x00000008   Code   RO         5144  * !!!main             c_w.l(__main.o)
    0x08000190   0x08000190   0x00000034   Code   RO         5501    !!!scatter          c_w.l(__scatter.o)
    0x080001c4   0x080001c4   0x0000001a   Code   RO         5503    !!handler_copy      c_w.l(__scatter_copy.o)
    0x080001de   0x080001de   0x00000002   PAD
    0x080001e0   0x080001e0   0x0000001c   Code   RO         5505    !!handler_zi        c_w.l(__scatter_zi.o)
    0x080001fc   0x080001fc   0x00000000   Code   RO         5135    .ARM.Collect$$_printf_percent$$00000000  c_w.l(_printf_percent.o)
    0x080001fc   0x080001fc   0x00000006   Code   RO         5133    .ARM.Collect$$_printf_percent$$00000009  c_w.l(_printf_d.o)
    0x08000202   0x08000202   0x00000004   Code   RO         5229    .ARM.Collect$$_printf_percent$$00000017  c_w.l(_printf_percent_end.o)
    0x08000206   0x08000206   0x00000002   Code   RO         5379    .ARM.Collect$$libinit$$00000000  c_w.l(libinit.o)
    0x08000208   0x08000208   0x00000004   Code   RO         5380    .ARM.Collect$$libinit$$00000001  c_w.l(libinit2.o)
    0x0800020c   0x0800020c   0x00000000   Code   RO         5383    .ARM.Collect$$libinit$$00000004  c_w.l(libinit2.o)
    0x0800020c   0x0800020c   0x00000000   Code   RO         5386    .ARM.Collect$$libinit$$0000000A  c_w.l(libinit2.o)
    0x0800020c   0x0800020c   0x00000000   Code   RO         5388    .ARM.Collect$$libinit$$0000000C  c_w.l(libinit2.o)
    0x0800020c   0x0800020c   0x00000000   Code   RO         5390    .ARM.Collect$$libinit$$0000000E  c_w.l(libinit2.o)
    0x0800020c   0x0800020c   0x00000000   Code   RO         5393    .ARM.Collect$$libinit$$00000011  c_w.l(libinit2.o)
    0x0800020c   0x0800020c   0x00000000   Code   RO         5395    .ARM.Collect$$libinit$$00000013  c_w.l(libinit2.o)
    0x0800020c   0x0800020c   0x00000000   Code   RO         5397    .ARM.Collect$$libinit$$00000015  c_w.l(libinit2.o)
    0x0800020c   0x0800020c   0x00000000   Code   RO         5399    .ARM.Collect$$libinit$$00000017  c_w.l(libinit2.o)
    0x0800020c   0x0800020c   0x00000000   Code   RO         5401    .ARM.Collect$$libinit$$00000019  c_w.l(libinit2.o)
    0x0800020c   0x0800020c   0x00000000   Code   RO         5403    .ARM.Collect$$libinit$$0000001B  c_w.l(libinit2.o)
    0x0800020c   0x0800020c   0x00000000   Code   RO         5405    .ARM.Collect$$libinit$$0000001D  c_w.l(libinit2.o)
    0x0800020c   0x0800020c   0x00000000   Code   RO         5407    .ARM.Collect$$libinit$$0000001F  c_w.l(libinit2.o)
    0x0800020c   0x0800020c   0x00000000   Code   RO         5409    .ARM.Collect$$libinit$$00000021  c_w.l(libinit2.o)
    0x0800020c   0x0800020c   0x00000000   Code   RO         5411    .ARM.Collect$$libinit$$00000023  c_w.l(libinit2.o)
    0x0800020c   0x0800020c   0x00000000   Code   RO         5413    .ARM.Collect$$libinit$$00000025  c_w.l(libinit2.o)
    0x0800020c   0x0800020c   0x00000000   Code   RO         5417    .ARM.Collect$$libinit$$0000002C  c_w.l(libinit2.o)
    0x0800020c   0x0800020c   0x00000000   Code   RO         5419    .ARM.Collect$$libinit$$0000002E  c_w.l(libinit2.o)
    0x0800020c   0x0800020c   0x00000000   Code   RO         5421    .ARM.Collect$$libinit$$00000030  c_w.l(libinit2.o)
    0x0800020c   0x0800020c   0x00000000   Code   RO         5423    .ARM.Collect$$libinit$$00000032  c_w.l(libinit2.o)
    0x0800020c   0x0800020c   0x00000002   Code   RO         5424    .ARM.Collect$$libinit$$00000033  c_w.l(libinit2.o)
    0x0800020e   0x0800020e   0x00000002   Code   RO         5466    .ARM.Collect$$libshutdown$$00000000  c_w.l(libshutdown.o)
    0x08000210   0x08000210   0x00000000   Code   RO         5486    .ARM.Collect$$libshutdown$$00000003  c_w.l(libshutdown2.o)
    0x08000210   0x08000210   0x00000000   Code   RO         5489    .ARM.Collect$$libshutdown$$00000006  c_w.l(libshutdown2.o)
    0x08000210   0x08000210   0x00000000   Code   RO         5492    .ARM.Collect$$libshutdown$$00000009  c_w.l(libshutdown2.o)
    0x08000210   0x08000210   0x00000000   Code   RO         5494    .ARM.Collect$$libshutdown$$0000000B  c_w.l(libshutdown2.o)
    0x08000210   0x08000210   0x00000000   Code   RO         5497    .ARM.Collect$$libshutdown$$0000000E  c_w.l(libshutdown2.o)
    0x08000210   0x08000210   0x00000002   Code   RO         5498    .ARM.Collect$$libshutdown$$0000000F  c_w.l(libshutdown2.o)
    0x08000212   0x08000212   0x00000000   Code   RO         5216    .ARM.Collect$$rtentry$$00000000  c_w.l(__rtentry.o)
    0x08000212   0x08000212   0x00000000   Code   RO         5291    .ARM.Collect$$rtentry$$00000002  c_w.l(__rtentry2.o)
    0x08000212   0x08000212   0x00000006   Code   RO         5303    .ARM.Collect$$rtentry$$00000004  c_w.l(__rtentry4.o)
    0x08000218   0x08000218   0x00000000   Code   RO         5293    .ARM.Collect$$rtentry$$00000009  c_w.l(__rtentry2.o)
    0x08000218   0x08000218   0x00000004   Code   RO         5294    .ARM.Collect$$rtentry$$0000000A  c_w.l(__rtentry2.o)
    0x0800021c   0x0800021c   0x00000000   Code   RO         5296    .ARM.Collect$$rtentry$$0000000C  c_w.l(__rtentry2.o)
    0x0800021c   0x0800021c   0x00000008   Code   RO         5297    .ARM.Collect$$rtentry$$0000000D  c_w.l(__rtentry2.o)
    0x08000224   0x08000224   0x00000002   Code   RO         5425    .ARM.Collect$$rtexit$$00000000  c_w.l(rtexit.o)
    0x08000226   0x08000226   0x00000000   Code   RO         5438    .ARM.Collect$$rtexit$$00000002  c_w.l(rtexit2.o)
    0x08000226   0x08000226   0x00000004   Code   RO         5439    .ARM.Collect$$rtexit$$00000003  c_w.l(rtexit2.o)
    0x0800022a   0x0800022a   0x00000006   Code   RO         5440    .ARM.Collect$$rtexit$$00000004  c_w.l(rtexit2.o)
    0x08000230   0x08000230   0x00000040   Code   RO            4    .text               startup_stm32f407xx.o
    0x08000270   0x08000270   0x00000002   Code   RO         5075    .text               c_w.l(use_no_semi_2.o)
    0x08000272   0x08000272   0x000000ee   Code   RO         5077    .text               c_w.l(lludivv7m.o)
    0x08000360   0x08000360   0x00000018   Code   RO         5083    .text               c_w.l(noretval__2printf.o)
    0x08000378   0x08000378   0x00000078   Code   RO         5089    .text               c_w.l(_printf_dec.o)
    0x080003f0   0x080003f0   0x00000138   Code   RO         5124    .text               c_w.l(__printf_flags_wp.o)
    0x08000528   0x08000528   0x0000004e   Code   RO         5140    .text               c_w.l(rt_memclr_w.o)
    0x08000576   0x08000576   0x00000006   Code   RO         5142    .text               c_w.l(heapauxi.o)
    0x0800057c   0x0800057c   0x00000002   Code   RO         5214    .text               c_w.l(use_no_semi.o)
    0x0800057e   0x0800057e   0x000000b2   Code   RO         5223    .text               c_w.l(_printf_intcommon.o)
    0x08000630   0x08000630   0x00000024   Code   RO         5227    .text               c_w.l(_printf_char_file.o)
    0x08000654   0x08000654   0x00000030   Code   RO         5319    .text               c_w.l(_printf_char_common.o)
    0x08000684   0x08000684   0x00000008   Code   RO         5348    .text               c_w.l(ferror.o)
    0x0800068c   0x0800068c   0x00000008   Code   RO         5359    .text               c_w.l(libspace.o)
    0x08000694   0x08000694   0x0000004a   Code   RO         5362    .text               c_w.l(sys_stackheap_outer.o)
    0x080006de   0x080006de   0x0000000c   Code   RO         5366    .text               c_w.l(exit.o)
    0x080006ea   0x080006ea   0x00000002   PAD
    0x080006ec   0x080006ec   0x0000000c   Code   RO          723    i.ADC_IRQHandler    stm32f4xx_it.o
    0x080006f8   0x080006f8   0x00000128   Code   RO          904    i.ADC_Init          stm32f4xx_hal_adc.o
    0x08000820   0x08000820   0x00000002   Code   RO          724    i.BusFault_Handler  stm32f4xx_it.o
    0x08000822   0x08000822   0x00000002   Code   RO          725    i.DebugMon_Handler  stm32f4xx_it.o
    0x08000824   0x08000824   0x00000004   Code   RO          193    i.Error_Handler     main.o
    0x08000828   0x08000828   0x00000002   Code   RO         1075    i.HAL_ADCEx_InjectedConvCpltCallback  stm32f4xx_hal_adc_ex.o
    0x0800082a   0x0800082a   0x00000002   PAD
    0x0800082c   0x0800082c   0x0000014c   Code   RO          906    i.HAL_ADC_ConfigChannel  stm32f4xx_hal_adc.o
    0x08000978   0x08000978   0x00000002   Code   RO          907    i.HAL_ADC_ConvCpltCallback  stm32f4xx_hal_adc.o
    0x0800097a   0x0800097a   0x00000002   Code   RO          910    i.HAL_ADC_ErrorCallback  stm32f4xx_hal_adc.o
    0x0800097c   0x0800097c   0x0000012e   Code   RO          914    i.HAL_ADC_IRQHandler  stm32f4xx_hal_adc.o
    0x08000aaa   0x08000aaa   0x00000054   Code   RO          915    i.HAL_ADC_Init      stm32f4xx_hal_adc.o
    0x08000afe   0x08000afe   0x00000002   Code   RO          916    i.HAL_ADC_LevelOutOfWindowCallback  stm32f4xx_hal_adc.o
    0x08000b00   0x08000b00   0x00000094   Code   RO          483    i.HAL_ADC_MspInit   adc.o
    0x08000b94   0x08000b94   0x00000092   Code   RO         1641    i.HAL_DMA_Abort     stm32f4xx_hal_dma.o
    0x08000c26   0x08000c26   0x00000024   Code   RO         1642    i.HAL_DMA_Abort_IT  stm32f4xx_hal_dma.o
    0x08000c4a   0x08000c4a   0x00000006   Code   RO         1645    i.HAL_DMA_GetState  stm32f4xx_hal_dma.o
    0x08000c50   0x08000c50   0x00000024   Code   RO         2060    i.HAL_Delay         stm32f4xx_hal.o
    0x08000c74   0x08000c74   0x000001f0   Code   RO         1534    i.HAL_GPIO_Init     stm32f4xx_hal_gpio.o
    0x08000e64   0x08000e64   0x0000000a   Code   RO         1538    i.HAL_GPIO_WritePin  stm32f4xx_hal_gpio.o
    0x08000e6e   0x08000e6e   0x00000002   PAD
    0x08000e70   0x08000e70   0x0000000c   Code   RO         2066    i.HAL_GetTick       stm32f4xx_hal.o
    0x08000e7c   0x08000e7c   0x00000002   Code   RO         2311    i.HAL_I2C_AbortCpltCallback  stm32f4xx_hal_i2c.o
    0x08000e7e   0x08000e7e   0x00000002   Code   RO         2312    i.HAL_I2C_AddrCallback  stm32f4xx_hal_i2c.o
    0x08000e80   0x08000e80   0x000000ba   Code   RO         2315    i.HAL_I2C_ER_IRQHandler  stm32f4xx_hal_i2c.o
    0x08000f3a   0x08000f3a   0x00000230   Code   RO         2316    i.HAL_I2C_EV_IRQHandler  stm32f4xx_hal_i2c.o
    0x0800116a   0x0800116a   0x00000002   Code   RO         2318    i.HAL_I2C_ErrorCallback  stm32f4xx_hal_i2c.o
    0x0800116c   0x0800116c   0x00000188   Code   RO         2322    i.HAL_I2C_Init      stm32f4xx_hal_i2c.o
    0x080012f4   0x080012f4   0x00000002   Code   RO         2324    i.HAL_I2C_ListenCpltCallback  stm32f4xx_hal_i2c.o
    0x080012f6   0x080012f6   0x00000002   Code   RO         2325    i.HAL_I2C_MasterRxCpltCallback  stm32f4xx_hal_i2c.o
    0x080012f8   0x080012f8   0x00000002   Code   RO         2326    i.HAL_I2C_MasterTxCpltCallback  stm32f4xx_hal_i2c.o
    0x080012fa   0x080012fa   0x00000002   Code   RO         2338    i.HAL_I2C_MemRxCpltCallback  stm32f4xx_hal_i2c.o
    0x080012fc   0x080012fc   0x00000002   Code   RO         2339    i.HAL_I2C_MemTxCpltCallback  stm32f4xx_hal_i2c.o
    0x080012fe   0x080012fe   0x00000002   PAD
    0x08001300   0x08001300   0x000000e4   Code   RO          525    i.HAL_I2C_MspInit   i2c.o
    0x080013e4   0x080013e4   0x00000002   Code   RO         2348    i.HAL_I2C_SlaveRxCpltCallback  stm32f4xx_hal_i2c.o
    0x080013e6   0x080013e6   0x00000002   Code   RO         2349    i.HAL_I2C_SlaveTxCpltCallback  stm32f4xx_hal_i2c.o
    0x080013e8   0x080013e8   0x00000010   Code   RO         2072    i.HAL_IncTick       stm32f4xx_hal.o
    0x080013f8   0x080013f8   0x00000034   Code   RO         2073    i.HAL_Init          stm32f4xx_hal.o
    0x0800142c   0x0800142c   0x00000040   Code   RO         2074    i.HAL_InitTick      stm32f4xx_hal.o
    0x0800146c   0x0800146c   0x00000040   Code   RO          877    i.HAL_MspInit       stm32f4xx_hal_msp.o
    0x080014ac   0x080014ac   0x0000001a   Code   RO         1923    i.HAL_NVIC_EnableIRQ  stm32f4xx_hal_cortex.o
    0x080014c6   0x080014c6   0x00000002   PAD
    0x080014c8   0x080014c8   0x00000040   Code   RO         1929    i.HAL_NVIC_SetPriority  stm32f4xx_hal_cortex.o
    0x08001508   0x08001508   0x00000024   Code   RO         1930    i.HAL_NVIC_SetPriorityGrouping  stm32f4xx_hal_cortex.o
    0x0800152c   0x0800152c   0x00000134   Code   RO         1180    i.HAL_RCC_ClockConfig  stm32f4xx_hal_rcc.o
    0x08001660   0x08001660   0x00000020   Code   RO         1187    i.HAL_RCC_GetPCLK1Freq  stm32f4xx_hal_rcc.o
    0x08001680   0x08001680   0x00000020   Code   RO         1188    i.HAL_RCC_GetPCLK2Freq  stm32f4xx_hal_rcc.o
    0x080016a0   0x080016a0   0x00000064   Code   RO         1189    i.HAL_RCC_GetSysClockFreq  stm32f4xx_hal_rcc.o
    0x08001704   0x08001704   0x0000036c   Code   RO         1192    i.HAL_RCC_OscConfig  stm32f4xx_hal_rcc.o
    0x08001a70   0x08001a70   0x00000028   Code   RO         1934    i.HAL_SYSTICK_Config  stm32f4xx_hal_cortex.o
    0x08001a98   0x08001a98   0x00000002   Code   RO         3467    i.HAL_TIMEx_BreakCallback  stm32f4xx_hal_tim_ex.o
    0x08001a9a   0x08001a9a   0x00000002   Code   RO         3468    i.HAL_TIMEx_CommutCallback  stm32f4xx_hal_tim_ex.o
    0x08001a9c   0x08001a9c   0x00000090   Code   RO         3486    i.HAL_TIMEx_MasterConfigSynchronization  stm32f4xx_hal_tim_ex.o
    0x08001b2c   0x08001b2c   0x00000078   Code   RO         2766    i.HAL_TIM_Base_Start  stm32f4xx_hal_tim.o
    0x08001ba4   0x08001ba4   0x000000a4   Code   RO         2784    i.HAL_TIM_Encoder_Init  stm32f4xx_hal_tim.o
    0x08001c48   0x08001c48   0x000000c4   Code   RO          573    i.HAL_TIM_Encoder_MspInit  tim.o
    0x08001d0c   0x08001d0c   0x0000008e   Code   RO         2787    i.HAL_TIM_Encoder_Start  stm32f4xx_hal_tim.o
    0x08001d9a   0x08001d9a   0x00000002   Code   RO         2797    i.HAL_TIM_IC_CaptureCallback  stm32f4xx_hal_tim.o
    0x08001d9c   0x08001d9c   0x00000166   Code   RO         2811    i.HAL_TIM_IRQHandler  stm32f4xx_hal_tim.o
    0x08001f02   0x08001f02   0x00000002   PAD
    0x08001f04   0x08001f04   0x000000ac   Code   RO          574    i.HAL_TIM_MspPostInit  tim.o
    0x08001fb0   0x08001fb0   0x00000002   Code   RO         2814    i.HAL_TIM_OC_DelayElapsedCallback  stm32f4xx_hal_tim.o
    0x08001fb2   0x08001fb2   0x000000cc   Code   RO         2835    i.HAL_TIM_PWM_ConfigChannel  stm32f4xx_hal_tim.o
    0x0800207e   0x0800207e   0x0000005a   Code   RO         2838    i.HAL_TIM_PWM_Init  stm32f4xx_hal_tim.o
    0x080020d8   0x080020d8   0x00000060   Code   RO          576    i.HAL_TIM_PWM_MspInit  tim.o
    0x08002138   0x08002138   0x00000002   Code   RO         2841    i.HAL_TIM_PWM_PulseFinishedCallback  stm32f4xx_hal_tim.o
    0x0800213a   0x0800213a   0x00000002   PAD
    0x0800213c   0x0800213c   0x000000c8   Code   RO         2843    i.HAL_TIM_PWM_Start  stm32f4xx_hal_tim.o
    0x08002204   0x08002204   0x00000002   Code   RO         2849    i.HAL_TIM_PeriodElapsedCallback  stm32f4xx_hal_tim.o
    0x08002206   0x08002206   0x00000002   Code   RO         2854    i.HAL_TIM_TriggerCallback  stm32f4xx_hal_tim.o
    0x08002208   0x08002208   0x00000002   Code   RO         3745    i.HAL_UARTEx_RxEventCallback  stm32f4xx_hal_uart.o
    0x0800220a   0x0800220a   0x00000002   Code   RO         3759    i.HAL_UART_ErrorCallback  stm32f4xx_hal_uart.o
    0x0800220c   0x0800220c   0x00000268   Code   RO         3762    i.HAL_UART_IRQHandler  stm32f4xx_hal_uart.o
    0x08002474   0x08002474   0x00000062   Code   RO         3763    i.HAL_UART_Init     stm32f4xx_hal_uart.o
    0x080024d6   0x080024d6   0x00000002   PAD
    0x080024d8   0x080024d8   0x000001a4   Code   RO          651    i.HAL_UART_MspInit  usart.o
    0x0800267c   0x0800267c   0x0000002a   Code   RO         3768    i.HAL_UART_Receive_IT  stm32f4xx_hal_uart.o
    0x080026a6   0x080026a6   0x00000002   PAD
    0x080026a8   0x080026a8   0x000001e8   Code   RO          194    i.HAL_UART_RxCpltCallback  main.o
    0x08002890   0x08002890   0x00000002   Code   RO         3774    i.HAL_UART_TxCpltCallback  stm32f4xx_hal_uart.o
    0x08002892   0x08002892   0x00000002   Code   RO          726    i.HardFault_Handler  stm32f4xx_it.o
    0x08002894   0x08002894   0x0000000c   Code   RO          727    i.I2C1_ER_IRQHandler  stm32f4xx_it.o
    0x080028a0   0x080028a0   0x0000000c   Code   RO          728    i.I2C1_EV_IRQHandler  stm32f4xx_it.o
    0x080028ac   0x080028ac   0x0000000c   Code   RO          729    i.I2C2_ER_IRQHandler  stm32f4xx_it.o
    0x080028b8   0x080028b8   0x0000000c   Code   RO          730    i.I2C2_EV_IRQHandler  stm32f4xx_it.o
    0x080028c4   0x080028c4   0x000000bc   Code   RO         2360    i.I2C_DMAAbort      stm32f4xx_hal_i2c.o
    0x08002980   0x08002980   0x00000158   Code   RO         2363    i.I2C_ITError       stm32f4xx_hal_i2c.o
    0x08002ad8   0x08002ad8   0x000000d2   Code   RO         2365    i.I2C_MasterReceive_BTF  stm32f4xx_hal_i2c.o
    0x08002baa   0x08002baa   0x00000002   PAD
    0x08002bac   0x08002bac   0x000000e8   Code   RO         2366    i.I2C_MasterReceive_RXNE  stm32f4xx_hal_i2c.o
    0x08002c94   0x08002c94   0x00000082   Code   RO         2369    i.I2C_MasterTransmit_BTF  stm32f4xx_hal_i2c.o
    0x08002d16   0x08002d16   0x00000002   PAD
    0x08002d18   0x08002d18   0x000000b6   Code   RO         2370    i.I2C_MasterTransmit_TXE  stm32f4xx_hal_i2c.o
    0x08002dce   0x08002dce   0x00000002   PAD
    0x08002dd0   0x08002dd0   0x00000118   Code   RO         2371    i.I2C_Master_ADDR   stm32f4xx_hal_i2c.o
    0x08002ee8   0x08002ee8   0x0000008c   Code   RO         2372    i.I2C_Master_SB     stm32f4xx_hal_i2c.o
    0x08002f74   0x08002f74   0x000000a0   Code   RO         2373    i.I2C_MemoryTransmit_TXE_BTF  stm32f4xx_hal_i2c.o
    0x08003014   0x08003014   0x00000046   Code   RO         2376    i.I2C_Slave_ADDR    stm32f4xx_hal_i2c.o
    0x0800305a   0x0800305a   0x00000002   PAD
    0x0800305c   0x0800305c   0x00000084   Code   RO         2377    i.I2C_Slave_AF      stm32f4xx_hal_i2c.o
    0x080030e0   0x080030e0   0x0000015c   Code   RO         2378    i.I2C_Slave_STOPF   stm32f4xx_hal_i2c.o
    0x0800323c   0x0800323c   0x000000c0   Code   RO          484    i.MX_ADC1_Init      adc.o
    0x080032fc   0x080032fc   0x00000134   Code   RO          455    i.MX_GPIO_Init      gpio.o
    0x08003430   0x08003430   0x00000040   Code   RO          526    i.MX_I2C1_Init      i2c.o
    0x08003470   0x08003470   0x00000040   Code   RO          527    i.MX_I2C2_Init      i2c.o
    0x080034b0   0x080034b0   0x00000070   Code   RO          577    i.MX_TIM1_Init      tim.o
    0x08003520   0x08003520   0x0000009c   Code   RO          578    i.MX_TIM2_Init      tim.o
    0x080035bc   0x080035bc   0x000000a0   Code   RO          579    i.MX_TIM3_Init      tim.o
    0x0800365c   0x0800365c   0x0000006c   Code   RO          580    i.MX_TIM4_Init      tim.o
    0x080036c8   0x080036c8   0x00000038   Code   RO          652    i.MX_USART1_UART_Init  usart.o
    0x08003700   0x08003700   0x00000038   Code   RO          653    i.MX_USART2_UART_Init  usart.o
    0x08003738   0x08003738   0x00000038   Code   RO          654    i.MX_USART3_UART_Init  usart.o
    0x08003770   0x08003770   0x00000038   Code   RO          655    i.MX_USART6_UART_Init  usart.o
    0x080037a8   0x080037a8   0x00000002   Code   RO          731    i.MemManage_Handler  stm32f4xx_it.o
    0x080037aa   0x080037aa   0x00000002   Code   RO          732    i.NMI_Handler       stm32f4xx_it.o
    0x080037ac   0x080037ac   0x00000150   Code   RO         5044    i.Openmv_Receive_Data  openmv.o
    0x080038fc   0x080038fc   0x00000002   Code   RO          733    i.PendSV_Handler    stm32f4xx_it.o
    0x080038fe   0x080038fe   0x0000008a   Code   RO          196    i.Problem2          main.o
    0x08003988   0x08003988   0x00000094   Code   RO          197    i.Problem3          main.o
    0x08003a1c   0x08003a1c   0x000002d8   Code   RO          198    i.Problem4          main.o
    0x08003cf4   0x08003cf4   0x00000002   Code   RO          734    i.RCC_IRQHandler    stm32f4xx_it.o
    0x08003cf6   0x08003cf6   0x00000002   Code   RO          735    i.SVC_Handler       stm32f4xx_it.o
    0x08003cf8   0x08003cf8   0x00000004   Code   RO          736    i.SysTick_Handler   stm32f4xx_it.o
    0x08003cfc   0x08003cfc   0x00000094   Code   RO          199    i.SystemClock_Config  main.o
    0x08003d90   0x08003d90   0x00000010   Code   RO         4092    i.SystemInit        system_stm32f4xx.o
    0x08003da0   0x08003da0   0x0000000c   Code   RO          737    i.TIM2_IRQHandler   stm32f4xx_it.o
    0x08003dac   0x08003dac   0x0000000c   Code   RO          738    i.TIM3_IRQHandler   stm32f4xx_it.o
    0x08003db8   0x08003db8   0x0000000c   Code   RO          739    i.TIM4_IRQHandler   stm32f4xx_it.o
    0x08003dc4   0x08003dc4   0x000000c8   Code   RO         2856    i.TIM_Base_SetConfig  stm32f4xx_hal_tim.o
    0x08003e8c   0x08003e8c   0x0000001a   Code   RO         2857    i.TIM_CCxChannelCmd  stm32f4xx_hal_tim.o
    0x08003ea6   0x08003ea6   0x00000002   PAD
    0x08003ea8   0x08003ea8   0x00000060   Code   RO         2869    i.TIM_OC1_SetConfig  stm32f4xx_hal_tim.o
    0x08003f08   0x08003f08   0x0000006c   Code   RO         2870    i.TIM_OC2_SetConfig  stm32f4xx_hal_tim.o
    0x08003f74   0x08003f74   0x00000068   Code   RO         2871    i.TIM_OC3_SetConfig  stm32f4xx_hal_tim.o
    0x08003fdc   0x08003fdc   0x00000050   Code   RO         2872    i.TIM_OC4_SetConfig  stm32f4xx_hal_tim.o
    0x0800402c   0x0800402c   0x00000070   Code   RO          200    i.TrackX            main.o
    0x0800409c   0x0800409c   0x00000070   Code   RO          202    i.TrackY            main.o
    0x0800410c   0x0800410c   0x00000010   Code   RO         3776    i.UART_DMAAbortOnError  stm32f4xx_hal_uart.o
    0x0800411c   0x0800411c   0x0000004e   Code   RO         3786    i.UART_EndRxTransfer  stm32f4xx_hal_uart.o
    0x0800416a   0x0800416a   0x000000c0   Code   RO         3788    i.UART_Receive_IT   stm32f4xx_hal_uart.o
    0x0800422a   0x0800422a   0x00000002   PAD
    0x0800422c   0x0800422c   0x0000010c   Code   RO         3789    i.UART_SetConfig    stm32f4xx_hal_uart.o
    0x08004338   0x08004338   0x0000003a   Code   RO         3791    i.UART_Start_Receive_IT  stm32f4xx_hal_uart.o
    0x08004372   0x08004372   0x00000002   PAD
    0x08004374   0x08004374   0x0000000c   Code   RO          740    i.USART1_IRQHandler  stm32f4xx_it.o
    0x08004380   0x08004380   0x0000000c   Code   RO          741    i.USART2_IRQHandler  stm32f4xx_it.o
    0x0800438c   0x0800438c   0x0000000c   Code   RO          742    i.USART3_IRQHandler  stm32f4xx_it.o
    0x08004398   0x08004398   0x0000000c   Code   RO          743    i.USART6_IRQHandler  stm32f4xx_it.o
    0x080043a4   0x080043a4   0x00000002   Code   RO          744    i.UsageFault_Handler  stm32f4xx_it.o
    0x080043a6   0x080043a6   0x00000020   Code   RO         1936    i.__NVIC_SetPriority  stm32f4xx_hal_cortex.o
    0x080043c6   0x080043c6   0x00000014   Code   RO         5208    i.__hardfp_fabs     m_wm.l(fabs.o)
    0x080043da   0x080043da   0x0000000e   Code   RO         5122    i._is_digit         c_w.l(__printf_wp.o)
    0x080043e8   0x080043e8   0x00000002   Code   RO          656    i._sys_exit         usart.o
    0x080043ea   0x080043ea   0x00000002   PAD
    0x080043ec   0x080043ec   0x00000014   Code   RO          657    i.fputc             usart.o
    0x08004400   0x08004400   0x00000128   Code   RO          203    i.main              main.o
    0x08004528   0x08004528   0x00000044   Code   RO          205    i.setServoPwm       main.o
    0x0800456c   0x0800456c   0x00000018   Code   RO         5234    x$fpl$dcmpinf       fz_wm.l(dcmpi.o)
    0x08004584   0x08004584   0x0000002e   Code   RO         5167    x$fpl$dflt          fz_wm.l(dflt_clz.o)
    0x080045b2   0x080045b2   0x00000002   PAD
    0x080045b4   0x080045b4   0x00000078   Code   RO         5172    x$fpl$dleqf         fz_wm.l(dleqf.o)
    0x0800462c   0x0800462c   0x0000009c   Code   RO         5236    x$fpl$dnaninf       fz_wm.l(dnaninf.o)
    0x080046c8   0x080046c8   0x0000006c   Code   RO         5176    x$fpl$drleqf        fz_wm.l(drleqf.o)
    0x08004734   0x08004734   0x0000000a   Code   RO         5435    x$fpl$fpinit        fz_wm.l(fpinit.o)
    0x0800473e   0x0800473e   0x00000000   Code   RO         5244    x$fpl$usenofp       fz_wm.l(usenofp.o)
    0x0800473e   0x0800473e   0x00000010   Data   RO         4093    .constdata          system_stm32f4xx.o
    0x0800474e   0x0800474e   0x00000008   Data   RO         4094    .constdata          system_stm32f4xx.o
    0x08004756   0x08004756   0x00000011   Data   RO         5125    .constdata          c_w.l(__printf_flags_wp.o)
    0x08004767   0x08004767   0x00000001   PAD
    0x08004768   0x08004768   0x0000008c   Data   RO          206    .conststring        main.o
    0x080047f4   0x080047f4   0x00000020   Data   RO         5499    Region$$Table       anon$$obj.o


    Execution Region RW_IRAM2 (Exec base: 0x10000000, Load base: 0x08004878, Size: 0x00000000, Max: 0x00010000, ABSOLUTE)

    **** No section assigned to this execution region ****


    Execution Region RW_IRAM1 (Exec base: 0x20000000, Load base: 0x08004814, Size: 0x00000a08, Max: 0x00020000, ABSOLUTE)

    Exec Addr    Load Addr    Size         Type   Attr      Idx    E Section Name        Object

    0x20000000   0x08004814   0x00000034   Data   RW          208    .data               main.o
    0x20000034   0x08004848   0x00000004   Data   RW          211    .data               main.o
    0x20000038   0x0800484c   0x00000004   Data   RW          659    .data               usart.o
    0x2000003c   0x08004850   0x0000000c   Data   RW         2080    .data               stm32f4xx_hal.o
    0x20000048   0x0800485c   0x00000004   Data   RW         4095    .data               system_stm32f4xx.o
    0x2000004c   0x08004860   0x00000010   Data   RW         4861    .data               pid.o
    0x2000005c   0x08004870   0x00000008   Data   RW         5046    .data               openmv.o
    0x20000064        -       0x00000048   Zero   RW          485    .bss                adc.o
    0x200000ac        -       0x000000a8   Zero   RW          528    .bss                i2c.o
    0x20000154        -       0x00000120   Zero   RW          581    .bss                tim.o
    0x20000274        -       0x00000110   Zero   RW          658    .bss                usart.o
    0x20000384        -       0x00000024   Zero   RW         5045    .bss                openmv.o
    0x200003a8        -       0x00000060   Zero   RW         5360    .bss                c_w.l(libspace.o)
    0x20000408        -       0x00000200   Zero   RW            2    HEAP                startup_stm32f407xx.o
    0x20000608        -       0x00000400   Zero   RW            1    STACK               startup_stm32f407xx.o


==============================================================================

Image component sizes


      Code (inc. data)   RO Data    RW Data    ZI Data      Debug   Object Name

       340         30          0          0         72       1765   adc.o
       308         30          0          0          0       1123   gpio.o
       356         50          0          0        168       2290   i2c.o
      2242        264        140         56          0     655225   main.o
       336         80          0          8         36       1118   openmv.o
         0          0          0         16          0       1017   pid.o
        64         26        392          0       1536        832   startup_stm32f407xx.o
       180         28          0         12          0       9253   stm32f4xx_hal.o
      1020         28          0          0          0       5146   stm32f4xx_hal_adc.o
         2          0          0          0          0        961   stm32f4xx_hal_adc_ex.o
       198         14          0          0          0      33527   stm32f4xx_hal_cortex.o
       188          0          0          0          0       2486   stm32f4xx_hal_dma.o
       506         46          0          0          0       1980   stm32f4xx_hal_gpio.o
      3574         54          0          0          0      20457   stm32f4xx_hal_i2c.o
        64          4          0          0          0        858   stm32f4xx_hal_msp.o
      1348         76          0          0          0       4952   stm32f4xx_hal_rcc.o
      1902        138          0          0          0      13676   stm32f4xx_hal_tim.o
       148         28          0          0          0       2353   stm32f4xx_hal_tim_ex.o
      1374         16          0          0          0       8412   stm32f4xx_hal_uart.o
       166         72          0          0          0       9982   stm32f4xx_it.o
        16          4         24          4          0       1091   system_stm32f4xx.o
      1000         86          0          0        288       5184   tim.o
       666         74          0          4        272       4778   usart.o
         0          0          0          0          0     718468   xunji.o

    ----------------------------------------------------------------------
     16030       1148        588        100       2372    1506934   Object Totals
         0          0         32          0          0          0   (incl. Generated)
        32          0          0          0          0          0   (incl. Padding)

    ----------------------------------------------------------------------

      Code (inc. data)   RO Data    RW Data    ZI Data      Debug   Library Member Name

         8          0          0          0          0         68   __main.o
       312          4         17          0          0         92   __printf_flags_wp.o
        14          0          0          0          0         68   __printf_wp.o
         0          0          0          0          0          0   __rtentry.o
        12          0          0          0          0          0   __rtentry2.o
         6          0          0          0          0          0   __rtentry4.o
        52          8          0          0          0          0   __scatter.o
        26          0          0          0          0          0   __scatter_copy.o
        28          0          0          0          0          0   __scatter_zi.o
        48          6          0          0          0         96   _printf_char_common.o
        36          4          0          0          0         80   _printf_char_file.o
         6          0          0          0          0          0   _printf_d.o
       120         16          0          0          0         92   _printf_dec.o
       178          0          0          0          0         88   _printf_intcommon.o
         0          0          0          0          0          0   _printf_percent.o
         4          0          0          0          0          0   _printf_percent_end.o
        12          0          0          0          0         72   exit.o
         8          0          0          0          0         68   ferror.o
         6          0          0          0          0        152   heapauxi.o
         2          0          0          0          0          0   libinit.o
         6          0          0          0          0          0   libinit2.o
         2          0          0          0          0          0   libshutdown.o
         2          0          0          0          0          0   libshutdown2.o
         8          4          0          0         96         68   libspace.o
       238          0          0          0          0        100   lludivv7m.o
        24          4          0          0          0         84   noretval__2printf.o
        78          0          0          0          0         80   rt_memclr_w.o
         2          0          0          0          0          0   rtexit.o
        10          0          0          0          0          0   rtexit2.o
        74          0          0          0          0         80   sys_stackheap_outer.o
         2          0          0          0          0         68   use_no_semi.o
         2          0          0          0          0         68   use_no_semi_2.o
        24          0          0          0          0        116   dcmpi.o
        46          0          0          0          0        116   dflt_clz.o
       120          4          0          0          0        140   dleqf.o
       156          4          0          0          0        140   dnaninf.o
       108          0          0          0          0        128   drleqf.o
        10          0          0          0          0        116   fpinit.o
         0          0          0          0          0          0   usenofp.o
        20          0          0          0          0        124   fabs.o

    ----------------------------------------------------------------------
      1816         54         18          0         96       2304   Library Totals
         6          0          1          0          0          0   (incl. Padding)

    ----------------------------------------------------------------------

      Code (inc. data)   RO Data    RW Data    ZI Data      Debug   Library Name

      1326         46         17          0         96       1424   c_w.l
       464          8          0          0          0        756   fz_wm.l
        20          0          0          0          0        124   m_wm.l

    ----------------------------------------------------------------------
      1816         54         18          0         96       2304   Library Totals

    ----------------------------------------------------------------------

==============================================================================


      Code (inc. data)   RO Data    RW Data    ZI Data      Debug   

     17846       1202        606        100       2468    1494662   Grand Totals
     17846       1202        606        100       2468    1494662   ELF Image Totals
     17846       1202        606        100          0          0   ROM Totals

==============================================================================

    Total RO  Size (Code + RO Data)                18452 (  18.02kB)
    Total RW  Size (RW Data + ZI Data)              2568 (   2.51kB)
    Total ROM Size (Code + RO Data + RW Data)      18552 (  18.12kB)

==============================================================================

