Component: ARM Compiler 5.05 update 1 (build 106) Tool: armlink [4d0efa]

==============================================================================

Section Cross References

    startup_stm32f407xx.o(STACK) refers (Special) to heapauxi.o(.text) for __use_two_region_memory
    startup_stm32f407xx.o(HEAP) refers (Special) to heapauxi.o(.text) for __use_two_region_memory
    startup_stm32f407xx.o(RESET) refers (Special) to heapauxi.o(.text) for __use_two_region_memory
    startup_stm32f407xx.o(RESET) refers to startup_stm32f407xx.o(STACK) for __initial_sp
    startup_stm32f407xx.o(RESET) refers to startup_stm32f407xx.o(.text) for Reset_Handler
    startup_stm32f407xx.o(RESET) refers to stm32f4xx_it.o(i.NMI_Handler) for NMI_Handler
    startup_stm32f407xx.o(RESET) refers to stm32f4xx_it.o(i.HardFault_Handler) for HardFault_Handler
    startup_stm32f407xx.o(RESET) refers to stm32f4xx_it.o(i.MemManage_Handler) for MemManage_Handler
    startup_stm32f407xx.o(RESET) refers to stm32f4xx_it.o(i.BusFault_Handler) for BusFault_Handler
    startup_stm32f407xx.o(RESET) refers to stm32f4xx_it.o(i.UsageFault_Handler) for UsageFault_Handler
    startup_stm32f407xx.o(RESET) refers to stm32f4xx_it.o(i.SVC_Handler) for SVC_Handler
    startup_stm32f407xx.o(RESET) refers to stm32f4xx_it.o(i.DebugMon_Handler) for DebugMon_Handler
    startup_stm32f407xx.o(RESET) refers to stm32f4xx_it.o(i.PendSV_Handler) for PendSV_Handler
    startup_stm32f407xx.o(RESET) refers to stm32f4xx_it.o(i.SysTick_Handler) for SysTick_Handler
    startup_stm32f407xx.o(RESET) refers to stm32f4xx_it.o(i.RCC_IRQHandler) for RCC_IRQHandler
    startup_stm32f407xx.o(RESET) refers to stm32f4xx_it.o(i.DMA1_Stream5_IRQHandler) for DMA1_Stream5_IRQHandler
    startup_stm32f407xx.o(RESET) refers to stm32f4xx_it.o(i.ADC_IRQHandler) for ADC_IRQHandler
    startup_stm32f407xx.o(RESET) refers to stm32f4xx_it.o(i.TIM2_IRQHandler) for TIM2_IRQHandler
    startup_stm32f407xx.o(RESET) refers to stm32f4xx_it.o(i.TIM3_IRQHandler) for TIM3_IRQHandler
    startup_stm32f407xx.o(RESET) refers to stm32f4xx_it.o(i.TIM4_IRQHandler) for TIM4_IRQHandler
    startup_stm32f407xx.o(RESET) refers to stm32f4xx_it.o(i.I2C1_EV_IRQHandler) for I2C1_EV_IRQHandler
    startup_stm32f407xx.o(RESET) refers to stm32f4xx_it.o(i.I2C1_ER_IRQHandler) for I2C1_ER_IRQHandler
    startup_stm32f407xx.o(RESET) refers to stm32f4xx_it.o(i.I2C2_EV_IRQHandler) for I2C2_EV_IRQHandler
    startup_stm32f407xx.o(RESET) refers to stm32f4xx_it.o(i.I2C2_ER_IRQHandler) for I2C2_ER_IRQHandler
    startup_stm32f407xx.o(RESET) refers to stm32f4xx_it.o(i.USART1_IRQHandler) for USART1_IRQHandler
    startup_stm32f407xx.o(RESET) refers to stm32f4xx_it.o(i.USART2_IRQHandler) for USART2_IRQHandler
    startup_stm32f407xx.o(RESET) refers to stm32f4xx_it.o(i.USART3_IRQHandler) for USART3_IRQHandler
    startup_stm32f407xx.o(.text) refers (Special) to heapauxi.o(.text) for __use_two_region_memory
    startup_stm32f407xx.o(.text) refers to system_stm32f4xx.o(i.SystemInit) for SystemInit
    startup_stm32f407xx.o(.text) refers to __main.o(!!!main) for __main
    startup_stm32f407xx.o(.text) refers to startup_stm32f407xx.o(HEAP) for Heap_Mem
    startup_stm32f407xx.o(.text) refers to startup_stm32f407xx.o(STACK) for Stack_Mem
    xunji.o(i.readLEDsState) refers to stm32f4xx_hal_gpio.o(i.HAL_GPIO_ReadPin) for HAL_GPIO_ReadPin
    xunji.o(i.readLEDsState) refers to xunji.o(i.processLEDStates) for processLEDStates
    xunji.o(i.track) refers to car.o(i.motor_forward) for motor_forward
    xunji.o(i.track) refers to dflt_clz.o(x$fpl$dflt) for __aeabi_i2d
    xunji.o(i.track) refers to dmul.o(x$fpl$dmul) for __aeabi_dmul
    xunji.o(i.track) refers to dfixu.o(x$fpl$dfixu) for __aeabi_d2uiz
    xunji.o(i.track) refers to car.o(i.car_stright) for car_stright
    main.o(i.Mpu6050_Init) refers to _printf_percent.o(.ARM.Collect$$_printf_percent$$00000000) for _printf_percent
    main.o(i.Mpu6050_Init) refers to _printf_s.o(.ARM.Collect$$_printf_percent$$00000014) for _printf_s
    main.o(i.Mpu6050_Init) refers to _printf_str.o(.text) for _printf_str
    main.o(i.Mpu6050_Init) refers to noretval__2printf.o(.text) for __2printf
    main.o(i.Mpu6050_Init) refers to mpu6050.o(i.MPU_Init) for MPU_Init
    main.o(i.Mpu6050_Init) refers to inv_mpu.o(i.mpu_dmp_init) for mpu_dmp_init
    main.o(i.SystemClock_Config) refers to rt_memclr_w.o(.text) for __aeabi_memclr4
    main.o(i.SystemClock_Config) refers to stm32f4xx_hal_rcc.o(i.HAL_RCC_OscConfig) for HAL_RCC_OscConfig
    main.o(i.SystemClock_Config) refers to stm32f4xx_hal_rcc.o(i.HAL_RCC_ClockConfig) for HAL_RCC_ClockConfig
    main.o(i.car_wait) refers to car.o(i.car_stop) for car_stop
    main.o(i.car_wait) refers to stm32f4xx_hal.o(i.HAL_Delay) for HAL_Delay
    main.o(i.car_wait) refers to car.o(i.motor_forward) for motor_forward
    main.o(i.getEncoderSpeed) refers to tim.o(.bss) for htim1
    main.o(i.getEncoderSpeed) refers to main.o(.data) for .data
[...]
    i.HAL_InitTick                           0x08002484   Section        0  stm32f4xx_hal.o(i.HAL_InitTick)
    i.HAL_MspInit                            0x080024c4   Section        0  stm32f4xx_hal_msp.o(i.HAL_MspInit)
    i.HAL_NVIC_EnableIRQ                     0x08002504   Section        0  stm32f4xx_hal_cortex.o(i.HAL_NVIC_EnableIRQ)
    i.HAL_NVIC_SetPriority                   0x08002520   Section        0  stm32f4xx_hal_cortex.o(i.HAL_NVIC_SetPriority)
    i.HAL_NVIC_SetPriorityGrouping           0x08002560   Section        0  stm32f4xx_hal_cortex.o(i.HAL_NVIC_SetPriorityGrouping)
    i.HAL_RCC_ClockConfig                    0x08002584   Section        0  stm32f4xx_hal_rcc.o(i.HAL_RCC_ClockConfig)
    i.HAL_RCC_GetPCLK1Freq                   0x080026b8   Section        0  stm32f4xx_hal_rcc.o(i.HAL_RCC_GetPCLK1Freq)
    i.HAL_RCC_GetPCLK2Freq                   0x080026d8   Section        0  stm32f4xx_hal_rcc.o(i.HAL_RCC_GetPCLK2Freq)
    i.HAL_RCC_GetSysClockFreq                0x080026f8   Section        0  stm32f4xx_hal_rcc.o(i.HAL_RCC_GetSysClockFreq)
    i.HAL_RCC_OscConfig                      0x0800275c   Section        0  stm32f4xx_hal_rcc.o(i.HAL_RCC_OscConfig)
    i.HAL_SYSTICK_Config                     0x08002ac8   Section        0  stm32f4xx_hal_cortex.o(i.HAL_SYSTICK_Config)
    i.HAL_TIMEx_BreakCallback                0x08002af0   Section        0  stm32f4xx_hal_tim_ex.o(i.HAL_TIMEx_BreakCallback)
    i.HAL_TIMEx_CommutCallback               0x08002af2   Section        0  stm32f4xx_hal_tim_ex.o(i.HAL_TIMEx_CommutCallback)
    i.HAL_TIMEx_MasterConfigSynchronization  0x08002af4   Section        0  stm32f4xx_hal_tim_ex.o(i.HAL_TIMEx_MasterConfigSynchronization)
    i.HAL_TIM_Base_Start                     0x08002b84   Section        0  stm32f4xx_hal_tim.o(i.HAL_TIM_Base_Start)
    i.HAL_TIM_Encoder_Init                   0x08002bfc   Section        0  stm32f4xx_hal_tim.o(i.HAL_TIM_Encoder_Init)
    i.HAL_TIM_Encoder_MspInit                0x08002ca0   Section        0  tim.o(i.HAL_TIM_Encoder_MspInit)
    i.HAL_TIM_Encoder_Start                  0x08002d64   Section        0  stm32f4xx_hal_tim.o(i.HAL_TIM_Encoder_Start)
    i.HAL_TIM_IC_CaptureCallback             0x08002df2   Section        0  stm32f4xx_hal_tim.o(i.HAL_TIM_IC_CaptureCallback)
    i.HAL_TIM_IRQHandler                     0x08002df4   Section        0  stm32f4xx_hal_tim.o(i.HAL_TIM_IRQHandler)
    i.HAL_TIM_MspPostInit                    0x08002f5c   Section        0  tim.o(i.HAL_TIM_MspPostInit)
    i.HAL_TIM_OC_DelayElapsedCallback        0x08003008   Section        0  stm32f4xx_hal_tim.o(i.HAL_TIM_OC_DelayElapsedCallback)
    i.HAL_TIM_PWM_ConfigChannel              0x0800300a   Section        0  stm32f4xx_hal_tim.o(i.HAL_TIM_PWM_ConfigChannel)
    i.HAL_TIM_PWM_Init                       0x080030d6   Section        0  stm32f4xx_hal_tim.o(i.HAL_TIM_PWM_Init)
    i.HAL_TIM_PWM_MspInit                    0x08003130   Section        0  tim.o(i.HAL_TIM_PWM_MspInit)
    i.HAL_TIM_PWM_PulseFinishedCallback      0x08003190   Section        0  stm32f4xx_hal_tim.o(i.HAL_TIM_PWM_PulseFinishedCallback)
    i.HAL_TIM_PWM_Start                      0x08003194   Section        0  stm32f4xx_hal_tim.o(i.HAL_TIM_PWM_Start)
    i.HAL_TIM_PeriodElapsedCallback          0x0800325c   Section        0  stm32f4xx_hal_tim.o(i.HAL_TIM_PeriodElapsedCallback)
    i.HAL_TIM_TriggerCallback                0x0800325e   Section        0  stm32f4xx_hal_tim.o(i.HAL_TIM_TriggerCallback)
    i.HAL_UARTEx_RxEventCallback             0x08003260   Section        0  stm32f4xx_hal_uart.o(i.HAL_UARTEx_RxEventCallback)
    i.HAL_UART_DMAStop                       0x08003262   Section        0  stm32f4xx_hal_uart.o(i.HAL_UART_DMAStop)
    i.HAL_UART_ErrorCallback                 0x080032d2   Section        0  stm32f4xx_hal_uart.o(i.HAL_UART_ErrorCallback)
    i.HAL_UART_IRQHandler                    0x080032d4   Section        0  stm32f4xx_hal_uart.o(i.HAL_UART_IRQHandler)
    i.HAL_UART_Init                          0x0800353c   Section        0  stm32f4xx_hal_uart.o(i.HAL_UART_Init)
    i.HAL_UART_MspInit                       0x080035a0   Section        0  usart.o(i.HAL_UART_MspInit)
    i.HAL_UART_Receive_DMA                   0x08003724   Section        0  stm32f4xx_hal_uart.o(i.HAL_UART_Receive_DMA)
    i.HAL_UART_RxCpltCallback                0x0800374e   Section        0  stm32f4xx_hal_uart.o(i.HAL_UART_RxCpltCallback)
    i.HAL_UART_RxHalfCpltCallback            0x08003750   Section        0  stm32f4xx_hal_uart.o(i.HAL_UART_RxHalfCpltCallback)
    i.HAL_UART_TxCpltCallback                0x08003752   Section        0  stm32f4xx_hal_uart.o(i.HAL_UART_TxCpltCallback)
    i.HardFault_Handler                      0x08003754   Section        0  stm32f4xx_it.o(i.HardFault_Handler)
    i.I2C1_ER_IRQHandler                     0x08003758   Section        0  stm32f4xx_it.o(i.I2C1_ER_IRQHandler)
    i.I2C1_EV_IRQHandler                     0x08003764   Section        0  stm32f4xx_it.o(i.I2C1_EV_IRQHandler)
    i.I2C2_ER_IRQHandler                     0x08003770   Section        0  stm32f4xx_it.o(i.I2C2_ER_IRQHandler)
    i.I2C2_EV_IRQHandler                     0x0800377c   Section        0  stm32f4xx_it.o(i.I2C2_EV_IRQHandler)
    i.I2C_DMAAbort                           0x08003788   Section        0  stm32f4xx_hal_i2c.o(i.I2C_DMAAbort)
    I2C_DMAAbort                             0x08003789   Thumb Code   182  stm32f4xx_hal_i2c.o(i.I2C_DMAAbort)
    i.I2C_ITError                            0x08003844   Section        0  stm32f4xx_hal_i2c.o(i.I2C_ITError)
    I2C_ITError                              0x08003845   Thumb Code   336  stm32f4xx_hal_i2c.o(i.I2C_ITError)
    i.I2C_MasterReceive_BTF                  0x0800399c   Section        0  stm32f4xx_hal_i2c.o(i.I2C_MasterReceive_BTF)
    I2C_MasterReceive_BTF                    0x0800399d   Thumb Code   210  stm32f4xx_hal_i2c.o(i.I2C_MasterReceive_BTF)
    i.I2C_MasterReceive_RXNE                 0x08003a70   Section        0  stm32f4xx_hal_i2c.o(i.I2C_MasterReceive_RXNE)
    I2C_MasterReceive_RXNE                   0x08003a71   Thumb Code   228  stm32f4xx_hal_i2c.o(i.I2C_MasterReceive_RXNE)
    i.I2C_MasterTransmit_BTF                 0x08003b58   Section        0  stm32f4xx_hal_i2c.o(i.I2C_MasterTransmit_BTF)
    I2C_MasterTransmit_BTF                   0x08003b59   Thumb Code   130  stm32f4xx_hal_i2c.o(i.I2C_MasterTransmit_BTF)
    i.I2C_MasterTransmit_TXE                 0x08003bdc   Section        0  stm32f4xx_hal_i2c.o(i.I2C_MasterTransmit_TXE)
    I2C_MasterTransmit_TXE                   0x08003bdd   Thumb Code   182  stm32f4xx_hal_i2c.o(i.I2C_MasterTransmit_TXE)
    i.I2C_Master_ADDR                        0x08003c94   Section        0  stm32f4xx_hal_i2c.o(i.I2C_Master_ADDR)
    I2C_Master_ADDR                          0x08003c95   Thumb Code   276  stm32f4xx_hal_i2c.o(i.I2C_Master_ADDR)
    i.I2C_Master_SB                          0x08003dac   Section        0  stm32f4xx_hal_i2c.o(i.I2C_Master_SB)
    I2C_Master_SB                            0x08003dad   Thumb Code   140  stm32f4xx_hal_i2c.o(i.I2C_Master_SB)
    i.I2C_MemoryTransmit_TXE_BTF             0x08003e38   Section        0  stm32f4xx_hal_i2c.o(i.I2C_MemoryTransmit_TXE_BTF)
    I2C_MemoryTransmit_TXE_BTF               0x08003e39   Thumb Code   160  stm32f4xx_hal_i2c.o(i.I2C_MemoryTransmit_TXE_BTF)
    i.I2C_Slave_ADDR                         0x08003ed8   Section        0  stm32f4xx_hal_i2c.o(i.I2C_Slave_ADDR)
    I2C_Slave_ADDR                           0x08003ed9   Thumb Code    70  stm32f4xx_hal_i2c.o(i.I2C_Slave_ADDR)
    i.I2C_Slave_AF                           0x08003f20   Section        0  stm32f4xx_hal_i2c.o(i.I2C_Slave_AF)
    I2C_Slave_AF                             0x08003f21   Thumb Code   126  stm32f4xx_hal_i2c.o(i.I2C_Slave_AF)
    i.I2C_Slave_STOPF                        0x08003fa4   Section        0  stm32f4xx_hal_i2c.o(i.I2C_Slave_STOPF)
    I2C_Slave_STOPF                          0x08003fa5   Thumb Code   338  stm32f4xx_hal_i2c.o(i.I2C_Slave_STOPF)
    i.JY901_Process                          0x08004100   Section        0  my_uart.o(i.JY901_Process)
    i.MX_ADC1_Init                           0x08004258   Section        0  adc.o(i.MX_ADC1_Init)
    i.MX_DMA_Init                            0x08004318   Section        0  dma.o(i.MX_DMA_Init)
    i.MX_GPIO_Init                           0x08004344   Section        0  gpio.o(i.MX_GPIO_Init)
    i.MX_I2C1_Init                           0x08004478   Section        0  i2c.o(i.MX_I2C1_Init)
    i.MX_I2C2_Init                           0x080044b8   Section        0  i2c.o(i.MX_I2C2_Init)
    i.MX_TIM1_Init                           0x080044f8   Section        0  tim.o(i.MX_TIM1_Init)
    i.MX_TIM2_Init                           0x08004568   Section        0  tim.o(i.MX_TIM2_Init)
    i.MX_TIM3_Init                           0x08004604   Section        0  tim.o(i.MX_TIM3_Init)
    i.MX_TIM4_Init                           0x080046a4   Section        0  tim.o(i.MX_TIM4_Init)
    i.MX_USART1_UART_Init                    0x08004710   Section        0  usart.o(i.MX_USART1_UART_Init)
    i.MX_USART2_UART_Init                    0x08004748   Section        0  usart.o(i.MX_USART2_UART_Init)
    i.MX_USART3_UART_Init                    0x08004798   Section        0  usart.o(i.MX_USART3_UART_Init)
    i.MemManage_Handler                      0x080047d0   Section        0  stm32f4xx_it.o(i.MemManage_Handler)
    i.NMI_Handler                            0x080047d2   Section        0  stm32f4xx_it.o(i.NMI_Handler)
    i.PendSV_Handler                         0x080047d4   Section        0  stm32f4xx_it.o(i.PendSV_Handler)
    i.RCC_IRQHandler                         0x080047d6   Section        0  stm32f4xx_it.o(i.RCC_IRQHandler)
    i.SVC_Handler                            0x080047d8   Section        0  stm32f4xx_it.o(i.SVC_Handler)
    i.SysTick_Handler                        0x080047da   Section        0  stm32f4xx_it.o(i.SysTick_Handler)
    i.SystemClock_Config                     0x080047e0   Section        0  main.o(i.SystemClock_Config)
    i.SystemInit                             0x08004874   Section        0  system_stm32f4xx.o(i.SystemInit)
    i.TIM2_IRQHandler                        0x08004884   Section        0  stm32f4xx_it.o(i.TIM2_IRQHandler)
    i.TIM3_IRQHandler                        0x08004890   Section        0  stm32f4xx_it.o(i.TIM3_IRQHandler)
    i.TIM4_IRQHandler                        0x0800489c   Section        0  stm32f4xx_it.o(i.TIM4_IRQHandler)
    i.TIM_Base_SetConfig                     0x080048a8   Section        0  stm32f4xx_hal_tim.o(i.TIM_Base_SetConfig)
    i.TIM_CCxChannelCmd                      0x08004970   Section        0  stm32f4xx_hal_tim.o(i.TIM_CCxChannelCmd)
    i.TIM_OC1_SetConfig                      0x0800498c   Section        0  stm32f4xx_hal_tim.o(i.TIM_OC1_SetConfig)
    TIM_OC1_SetConfig                        0x0800498d   Thumb Code    88  stm32f4xx_hal_tim.o(i.TIM_OC1_SetConfig)
    i.TIM_OC2_SetConfig                      0x080049ec   Section        0  stm32f4xx_hal_tim.o(i.TIM_OC2_SetConfig)
    i.TIM_OC3_SetConfig                      0x08004a58   Section        0  stm32f4xx_hal_tim.o(i.TIM_OC3_SetConfig)
    TIM_OC3_SetConfig                        0x08004a59   Thumb Code    96  stm32f4xx_hal_tim.o(i.TIM_OC3_SetConfig)
    i.TIM_OC4_SetConfig                      0x08004ac0   Section        0  stm32f4xx_hal_tim.o(i.TIM_OC4_SetConfig)
    TIM_OC4_SetConfig                        0x08004ac1   Thumb Code    70  stm32f4xx_hal_tim.o(i.TIM_OC4_SetConfig)
    i.UART_DMAAbortOnError                   0x08004b10   Section        0  stm32f4xx_hal_uart.o(i.UART_DMAAbortOnError)
    UART_DMAAbortOnError                     0x08004b11   Thumb Code    16  stm32f4xx_hal_uart.o(i.UART_DMAAbortOnError)
    i.UART_DMAError                          0x08004b20   Section        0  stm32f4xx_hal_uart.o(i.UART_DMAError)
    UART_DMAError                            0x08004b21   Thumb Code    74  stm32f4xx_hal_uart.o(i.UART_DMAError)
    i.UART_DMAReceiveCplt                    0x08004b6a   Section        0  stm32f4xx_hal_uart.o(i.UART_DMAReceiveCplt)
    UART_DMAReceiveCplt                      0x08004b6b   Thumb Code   130  stm32f4xx_hal_uart.o(i.UART_DMAReceiveCplt)
    i.UART_DMARxHalfCplt                     0x08004bec   Section        0  stm32f4xx_hal_uart.o(i.UART_DMARxHalfCplt)
    UART_DMARxHalfCplt                       0x08004bed   Thumb Code    26  stm32f4xx_hal_uart.o(i.UART_DMARxHalfCplt)
    i.UART_EndRxTransfer                     0x08004c06   Section        0  stm32f4xx_hal_uart.o(i.UART_EndRxTransfer)
    UART_EndRxTransfer                       0x08004c07   Thumb Code    78  stm32f4xx_hal_uart.o(i.UART_EndRxTransfer)
    i.UART_EndTxTransfer                     0x08004c54   Section        0  stm32f4xx_hal_uart.o(i.UART_EndTxTransfer)
    UART_EndTxTransfer                       0x08004c55   Thumb Code    28  stm32f4xx_hal_uart.o(i.UART_EndTxTransfer)
    i.UART_Receive_IT                        0x08004c70   Section        0  stm32f4xx_hal_uart.o(i.UART_Receive_IT)
    UART_Receive_IT                          0x08004c71   Thumb Code   192  stm32f4xx_hal_uart.o(i.UART_Receive_IT)
    i.UART_SetConfig                         0x08004d30   Section        0  stm32f4xx_hal_uart.o(i.UART_SetConfig)
    UART_SetConfig                           0x08004d31   Thumb Code   258  stm32f4xx_hal_uart.o(i.UART_SetConfig)
    i.UART_Start_Receive_DMA                 0x08004e3c   Section        0  stm32f4xx_hal_uart.o(i.UART_Start_Receive_DMA)
    i.USART1_IRQHandler                      0x08004ed0   Section        0  stm32f4xx_it.o(i.USART1_IRQHandler)
    i.USART2_IRQHandler                      0x08004edc   Section        0  stm32f4xx_it.o(i.USART2_IRQHandler)
    i.USART3_IRQHandler                      0x08004f2c   Section        0  stm32f4xx_it.o(i.USART3_IRQHandler)
    i.UsageFault_Handler                     0x08004f38   Section        0  stm32f4xx_it.o(i.UsageFault_Handler)
    i.User_USART_Init                        0x08004f3a   Section        0  my_uart.o(i.User_USART_Init)
    i.__ARM_fpclassify                       0x08004f54   Section        0  fpclassify.o(i.__ARM_fpclassify)
    i.__NVIC_SetPriority                     0x08004f84   Section        0  stm32f4xx_hal_cortex.o(i.__NVIC_SetPriority)
    __NVIC_SetPriority                       0x08004f85   Thumb Code    32  stm32f4xx_hal_cortex.o(i.__NVIC_SetPriority)
    i._is_digit                              0x08004fa4   Section        0  __printf_wp.o(i._is_digit)
    i._sys_exit                              0x08004fb2   Section        0  usart.o(i._sys_exit)
    i.fputc                                  0x08004fb4   Section        0  usart.o(i.fputc)
    i.main                                   0x08004fc8   Section        0  main.o(i.main)
    locale$$code                             0x08005090   Section       44  lc_numeric_c.o(locale$$code)
    x$fpl$dretinf                            0x080050bc   Section       12  dretinf.o(x$fpl$dretinf)
    $v0                                      0x080050bc   Number         0  dretinf.o(x$fpl$dretinf)
    x$fpl$f2d                                0x080050c8   Section       86  f2d.o(x$fpl$f2d)
    $v0                                      0x080050c8   Number         0  f2d.o(x$fpl$f2d)
    x$fpl$fnaninf                            0x0800511e   Section      140  fnaninf.o(x$fpl$fnaninf)
    $v0                                      0x0800511e   Number         0  fnaninf.o(x$fpl$fnaninf)
    x$fpl$fpinit                             0x080051aa   Section       10  fpinit.o(x$fpl$fpinit)
    $v0                                      0x080051aa   Number         0  fpinit.o(x$fpl$fpinit)
    x$fpl$printf1                            0x080051b4   Section        4  printf1.o(x$fpl$printf1)
    $v0                                      0x080051b4   Number         0  printf1.o(x$fpl$printf1)
    .constdata                               0x080051b8   Section        8  stm32f4xx_hal_dma.o(.constdata)
    x$fpl$usenofp                            0x080051b8   Section        0  usenofp.o(x$fpl$usenofp)
    flagBitshiftOffset                       0x080051b8   Data           8  stm32f4xx_hal_dma.o(.constdata)
    .constdata                               0x080051c0   Section       16  system_stm32f4xx.o(.constdata)
    .constdata                               0x080051d0   Section        8  system_stm32f4xx.o(.constdata)
    .constdata                               0x080051d8   Section       17  __printf_flags_wp.o(.constdata)
    maptable                                 0x080051d8   Data          17  __printf_flags_wp.o(.constdata)
    .constdata                               0x080051ec   Section      148  bigflt0.o(.constdata)
    tenpwrs_x                                0x080051ec   Data          60  bigflt0.o(.constdata)
    tenpwrs_i                                0x08005228   Data          64  bigflt0.o(.constdata)
    locale$$data                             0x080052a0   Section       28  lc_numeric_c.o(locale$$data)
    __lcnum_c_name                           0x080052a4   Data           2  lc_numeric_c.o(locale$$data)
    __lcnum_c_start                          0x080052ac   Data           0  lc_numeric_c.o(locale$$data)
    __lcnum_c_point                          0x080052b8   Data           0  lc_numeric_c.o(locale$$data)
    __lcnum_c_thousands                      0x080052ba   Data           0  lc_numeric_c.o(locale$$data)
    __lcnum_c_grouping                       0x080052bb   Data           0  lc_numeric_c.o(locale$$data)
    __lcnum_c_end                            0x080052bc   Data           0  lc_numeric_c.o(locale$$data)
    .data                                    0x20000000   Section        4  usart.o(.data)
    .data                                    0x20000004   Section       12  stm32f4xx_hal.o(.data)
    .data                                    0x20000010   Section        4  system_stm32f4xx.o(.data)
    .data                                    0x20000014   Section       24  my_uart.o(.data)
    .bss                                     0x2000002c   Section       72  adc.o(.bss)
    .bss                                     0x20000074   Section      168  i2c.o(.bss)
    .bss                                     0x2000011c   Section      288  tim.o(.bss)
    .bss                                     0x2000023c   Section      300  usart.o(.bss)
    .bss                                     0x20000368   Section       72  my_uart.o(.bss)
    .bss                                     0x200003b0   Section       96  libspace.o(.bss)
    HEAP                                     0x20000410   Section      512  startup_stm32f407xx.o(HEAP)
    Heap_Mem                                 0x20000410   Data         512  startup_stm32f407xx.o(HEAP)
    STACK                                    0x20000610   Section     1024  startup_stm32f407xx.o(STACK)
    Stack_Mem                                0x20000610   Data        1024  startup_stm32f407xx.o(STACK)
    __initial_sp                             0x20000a10   Data           0  startup_stm32f407xx.o(STACK)

    Global Symbols

    Symbol Name                              Value     Ov Type        Size  Object(Section)

    BuildAttributes$$THM_ISAv4$E$P$D$K$B$S$7EM$VFPi3$EXTD16$VFPS$VFMA$PE$A:L22UL41UL21$X:L11$S22US41US21$IEEE1$IW$USESV6$~STKCKD$USESV7$~SHL$OTIME$ROPI$IEEEX$EBA8$UX$STANDARDLIB$REQ8$PRES8$EABIv2 0x00000000   Number         0  anon$$obj.o ABSOLUTE
    __ARM_use_no_argv                        0x00000000   Number         0  main.o ABSOLUTE
    _printf_flags                            0x00000000   Number         0  printf_stubs.o ABSOLUTE
    _printf_return_value                     0x00000000   Number         0  printf_stubs.o ABSOLUTE
    _printf_sizespec                         0x00000000   Number         0  printf_stubs.o ABSOLUTE
    _printf_widthprec                        0x00000000   Number         0  printf_stubs.o ABSOLUTE
    __ARM_exceptions_init                     - Undefined Weak Reference
    __alloca_initialize                       - Undefined Weak Reference
    __arm_preinit_                            - Undefined Weak Reference
    __cpp_initialize__aeabi_                  - Undefined Weak Reference
    __cxa_finalize                            - Undefined Weak Reference
    __sigvec_lookup                           - Undefined Weak Reference
    _atexit_init                              - Undefined Weak Reference
    _call_atexit_fns                          - Undefined Weak Reference
    _clock_init                               - Undefined Weak Reference
    _fp_trap_init                             - Undefined Weak Reference
    _fp_trap_shutdown                         - Undefined Weak Reference
    _get_lc_collate                           - Undefined Weak Reference
    _get_lc_ctype                             - Undefined Weak Reference
    _get_lc_monetary                          - Undefined Weak Reference
    _get_lc_time                              - Undefined Weak Reference
    _getenv_init                              - Undefined Weak Reference
    _handle_redirection                       - Undefined Weak Reference
    _init_alloc                               - Undefined Weak Reference
    _init_user_alloc                          - Undefined Weak Reference
    _initio                                   - Undefined Weak Reference
    _mutex_acquire                            - Undefined Weak Reference
    _mutex_release                            - Undefined Weak Reference
    _printf_mbtowc                            - Undefined Weak Reference
    _printf_truncate_signed                   - Undefined Weak Reference
    _printf_truncate_unsigned                 - Undefined Weak Reference
    _rand_init                                - Undefined Weak Reference
    _signal_finish                            - Undefined Weak Reference
    _signal_init                              - Undefined Weak Reference
    _terminate_alloc                          - Undefined Weak Reference
    _terminate_user_alloc                     - Undefined Weak Reference
    _terminateio                              - Undefined Weak Reference
    __Vectors_Size                           0x00000188   Number         0  startup_stm32f407xx.o ABSOLUTE
    __Vectors                                0x08000000   Data           4  startup_stm32f407xx.o(RESET)
    __Vectors_End                            0x08000188   Data           0  startup_stm32f407xx.o(RESET)
    __main                                   0x08000189   Thumb Code     8  __main.o(!!!main)
    __scatterload                            0x08000191   Thumb Code     0  __scatter.o(!!!scatter)
    __scatterload_rt2                        0x08000191   Thumb Code    44  __scatter.o(!!!scatter)
    __scatterload_rt2_thumb_only             0x08000191   Thumb Code     0  __scatter.o(!!!scatter)
    __scatterload_null                       0x0800019f   Thumb Code     0  __scatter.o(!!!scatter)
    __scatterload_copy                       0x080001c5   Thumb Code    26  __scatter_copy.o(!!handler_copy)
    __scatterload_zeroinit                   0x080001e1   Thumb Code    28  __scatter_zi.o(!!handler_zi)
    _printf_f                                0x080001fd   Thumb Code     0  _printf_f.o(.ARM.Collect$$_printf_percent$$00000003)
    _printf_percent                          0x080001fd   Thumb Code     0  _printf_percent.o(.ARM.Collect$$_printf_percent$$00000000)
    _printf_percent_end                      0x08000203   Thumb Code     0  _printf_percent_end.o(.ARM.Collect$$_printf_percent$$00000017)
    __rt_lib_init                            0x08000207   Thumb Code     0  libinit.o(.ARM.Collect$$libinit$$00000000)
    __rt_lib_init_fp_1                       0x08000209   Thumb Code     0  libinit2.o(.ARM.Collect$$libinit$$00000001)
    __rt_lib_init_heap_1                     0x0800020d   Thumb Code     0  libinit2.o(.ARM.Collect$$libinit$$0000000A)
    __rt_lib_init_lc_common                  0x0800020d   Thumb Code     0  libinit2.o(.ARM.Collect$$libinit$$0000000F)
    __rt_lib_init_preinit_1                  0x0800020d   Thumb Code     0  libinit2.o(.ARM.Collect$$libinit$$00000004)
    __rt_lib_init_rand_1                     0x0800020d   Thumb Code     0  libinit2.o(.ARM.Collect$$libinit$$0000000E)
    __rt_lib_init_user_alloc_1               0x0800020d   Thumb Code     0  libinit2.o(.ARM.Collect$$libinit$$0000000C)
    __rt_lib_init_lc_collate_1               0x08000213   Thumb Code     0  libinit2.o(.ARM.Collect$$libinit$$00000011)
    __rt_lib_init_lc_ctype_1                 0x08000213   Thumb Code     0  libinit2.o(.ARM.Collect$$libinit$$00000013)
    __rt_lib_init_lc_monetary_1              0x08000213   Thumb Code     0  libinit2.o(.ARM.Collect$$libinit$$00000015)
    __rt_lib_init_lc_numeric_2               0x08000213   Thumb Code     0  libinit2.o(.ARM.Collect$$libinit$$00000016)
    __rt_lib_init_alloca_1                   0x0800021d   Thumb Code     0  libinit2.o(.ARM.Collect$$libinit$$0000002E)
    __rt_lib_init_argv_1                     0x0800021d   Thumb Code     0  libinit2.o(.ARM.Collect$$libinit$$0000002C)
    __rt_lib_init_atexit_1                   0x0800021d   Thumb Code     0  libinit2.o(.ARM.Collect$$libinit$$0000001B)
    __rt_lib_init_clock_1                    0x0800021d   Thumb Code     0  libinit2.o(.ARM.Collect$$libinit$$00000021)
    __rt_lib_init_cpp_1                      0x0800021d   Thumb Code     0  libinit2.o(.ARM.Collect$$libinit$$00000032)
    __rt_lib_init_exceptions_1               0x0800021d   Thumb Code     0  libinit2.o(.ARM.Collect$$libinit$$00000030)
    __rt_lib_init_fp_trap_1                  0x0800021d   Thumb Code     0  libinit2.o(.ARM.Collect$$libinit$$0000001F)
    __rt_lib_init_getenv_1                   0x0800021d   Thumb Code     0  libinit2.o(.ARM.Collect$$libinit$$00000023)
    __rt_lib_init_lc_numeric_1               0x0800021d   Thumb Code     0  libinit2.o(.ARM.Collect$$libinit$$00000017)
    __rt_lib_init_lc_time_1                  0x0800021d   Thumb Code     0  libinit2.o(.ARM.Collect$$libinit$$00000019)
    __rt_lib_init_return                     0x0800021d   Thumb Code     0  libinit2.o(.ARM.Collect$$libinit$$00000033)
    __rt_lib_init_signal_1                   0x0800021d   Thumb Code     0  libinit2.o(.ARM.Collect$$libinit$$0000001D)
    __rt_lib_init_stdio_1                    0x0800021d   Thumb Code     0  libinit2.o(.ARM.Collect$$libinit$$00000025)
    __rt_lib_shutdown                        0x0800021f   Thumb Code     0  libshutdown.o(.ARM.Collect$$libshutdown$$00000000)
    __rt_lib_shutdown_fp_trap_1              0x08000221   Thumb Code     0  libshutdown2.o(.ARM.Collect$$libshutdown$$00000006)
    __rt_lib_shutdown_heap_1                 0x08000221   Thumb Code     0  libshutdown2.o(.ARM.Collect$$libshutdown$$0000000E)
    __rt_lib_shutdown_return                 0x08000221   Thumb Code     0  libshutdown2.o(.ARM.Collect$$libshutdown$$0000000F)
    __rt_lib_shutdown_signal_1               0x08000221   Thumb Code     0  libshutdown2.o(.ARM.Collect$$libshutdown$$00000009)
    __rt_lib_shutdown_stdio_1                0x08000221   Thumb Code     0  libshutdown2.o(.ARM.Collect$$libshutdown$$00000003)
    __rt_lib_shutdown_user_alloc_1           0x08000221   Thumb Code     0  libshutdown2.o(.ARM.Collect$$libshutdown$$0000000B)
    __rt_entry                               0x08000223   Thumb Code     0  __rtentry.o(.ARM.Collect$$rtentry$$00000000)
    __rt_entry_presh_1                       0x08000223   Thumb Code     0  __rtentry2.o(.ARM.Collect$$rtentry$$00000002)
    __rt_entry_sh                            0x08000223   Thumb Code     0  __rtentry4.o(.ARM.Collect$$rtentry$$00000004)
    __rt_entry_li                            0x08000229   Thumb Code     0  __rtentry2.o(.ARM.Collect$$rtentry$$0000000A)
    __rt_entry_postsh_1                      0x08000229   Thumb Code     0  __rtentry2.o(.ARM.Collect$$rtentry$$00000009)
    __rt_entry_main                          0x0800022d   Thumb Code     0  __rtentry2.o(.ARM.Collect$$rtentry$$0000000D)
    __rt_entry_postli_1                      0x0800022d   Thumb Code     0  __rtentry2.o(.ARM.Collect$$rtentry$$0000000C)
    __rt_exit                                0x08000235   Thumb Code     0  rtexit.o(.ARM.Collect$$rtexit$$00000000)
    __rt_exit_ls                             0x08000237   Thumb Code     0  rtexit2.o(.ARM.Collect$$rtexit$$00000003)
    __rt_exit_prels_1                        0x08000237   Thumb Code     0  rtexit2.o(.ARM.Collect$$rtexit$$00000002)
    __rt_exit_exit                           0x0800023b   Thumb Code     0  rtexit2.o(.ARM.Collect$$rtexit$$00000004)
    Reset_Handler                            0x08000241   Thumb Code     8  startup_stm32f407xx.o(.text)
    CAN1_RX0_IRQHandler                      0x0800025b   Thumb Code     0  startup_stm32f407xx.o(.text)
    CAN1_RX1_IRQHandler                      0x0800025b   Thumb Code     0  startup_stm32f407xx.o(.text)
    CAN1_SCE_IRQHandler                      0x0800025b   Thumb Code     0  startup_stm32f407xx.o(.text)
    CAN1_TX_IRQHandler                       0x0800025b   Thumb Code     0  startup_stm32f407xx.o(.text)
    CAN2_RX0_IRQHandler                      0x0800025b   Thumb Code     0  startup_stm32f407xx.o(.text)
    CAN2_RX1_IRQHandler                      0x0800025b   Thumb Code     0  startup_stm32f407xx.o(.text)
    CAN2_SCE_IRQHandler                      0x0800025b   Thumb Code     0  startup_stm32f407xx.o(.text)
    CAN2_TX_IRQHandler                       0x0800025b   Thumb Code     0  startup_stm32f407xx.o(.text)
    DCMI_IRQHandler                          0x0800025b   Thumb Code     0  startup_stm32f407xx.o(.text)
    DMA1_Stream0_IRQHandler                  0x0800025b   Thumb Code     0  startup_stm32f407xx.o(.text)
    DMA1_Stream1_IRQHandler                  0x0800025b   Thumb Code     0  startup_stm32f407xx.o(.text)
    DMA1_Stream2_IRQHandler                  0x0800025b   Thumb Code     0  startup_stm32f407xx.o(.text)
    DMA1_Stream3_IRQHandler                  0x0800025b   Thumb Code     0  startup_stm32f407xx.o(.text)
    DMA1_Stream4_IRQHandler                  0x0800025b   Thumb Code     0  startup_stm32f407xx.o(.text)
    DMA1_Stream6_IRQHandler                  0x0800025b   Thumb Code     0  startup_stm32f407xx.o(.text)
    DMA1_Stream7_IRQHandler                  0x0800025b   Thumb Code     0  startup_stm32f407xx.o(.text)
    DMA2_Stream0_IRQHandler                  0x0800025b   Thumb Code     0  startup_stm32f407xx.o(.text)
    DMA2_Stream1_IRQHandler                  0x0800025b   Thumb Code     0  startup_stm32f407xx.o(.text)
    DMA2_Stream2_IRQHandler                  0x0800025b   Thumb Code     0  startup_stm32f407xx.o(.text)
    DMA2_Stream3_IRQHandler                  0x0800025b   Thumb Code     0  startup_stm32f407xx.o(.text)
    DMA2_Stream4_IRQHandler                  0x0800025b   Thumb Code     0  startup_stm32f407xx.o(.text)
    DMA2_Stream5_IRQHandler                  0x0800025b   Thumb Code     0  startup_stm32f407xx.o(.text)
    DMA2_Stream6_IRQHandler                  0x0800025b   Thumb Code     0  startup_stm32f407xx.o(.text)
    DMA2_Stream7_IRQHandler                  0x0800025b   Thumb Code     0  startup_stm32f407xx.o(.text)
    ETH_IRQHandler                           0x0800025b   Thumb Code     0  startup_stm32f407xx.o(.text)
    ETH_WKUP_IRQHandler                      0x0800025b   Thumb Code     0  startup_stm32f407xx.o(.text)
    EXTI0_IRQHandler                         0x0800025b   Thumb Code     0  startup_stm32f407xx.o(.text)
    EXTI15_10_IRQHandler                     0x0800025b   Thumb Code     0  startup_stm32f407xx.o(.text)
    EXTI1_IRQHandler                         0x0800025b   Thumb Code     0  startup_stm32f407xx.o(.text)
    EXTI2_IRQHandler                         0x0800025b   Thumb Code     0  startup_stm32f407xx.o(.text)
    EXTI3_IRQHandler                         0x0800025b   Thumb Code     0  startup_stm32f407xx.o(.text)
    EXTI4_IRQHandler                         0x0800025b   Thumb Code     0  startup_stm32f407xx.o(.text)
    EXTI9_5_IRQHandler                       0x0800025b   Thumb Code     0  startup_stm32f407xx.o(.text)
    FLASH_IRQHandler                         0x0800025b   Thumb Code     0  startup_stm32f407xx.o(.text)
    FMC_IRQHandler                           0x0800025b   Thumb Code     0  startup_stm32f407xx.o(.text)
    FPU_IRQHandler                           0x0800025b   Thumb Code     0  startup_stm32f407xx.o(.text)
    HASH_RNG_IRQHandler                      0x0800025b   Thumb Code     0  startup_stm32f407xx.o(.text)
    I2C3_ER_IRQHandler                       0x0800025b   Thumb Code     0  startup_stm32f407xx.o(.text)
    I2C3_EV_IRQHandler                       0x0800025b   Thumb Code     0  startup_stm32f407xx.o(.text)
    OTG_FS_IRQHandler                        0x0800025b   Thumb Code     0  startup_stm32f407xx.o(.text)
    OTG_FS_WKUP_IRQHandler                   0x0800025b   Thumb Code     0  startup_stm32f407xx.o(.text)
    OTG_HS_EP1_IN_IRQHandler                 0x0800025b   Thumb Code     0  startup_stm32f407xx.o(.text)
    OTG_HS_EP1_OUT_IRQHandler                0x0800025b   Thumb Code     0  startup_stm32f407xx.o(.text)
    OTG_HS_IRQHandler                        0x0800025b   Thumb Code     0  startup_stm32f407xx.o(.text)
    OTG_HS_WKUP_IRQHandler                   0x0800025b   Thumb Code     0  startup_stm32f407xx.o(.text)
    PVD_IRQHandler                           0x0800025b   Thumb Code     0  startup_stm32f407xx.o(.text)
    RTC_Alarm_IRQHandler                     0x0800025b   Thumb Code     0  startup_stm32f407xx.o(.text)
    RTC_WKUP_IRQHandler                      0x0800025b   Thumb Code     0  startup_stm32f407xx.o(.text)
    SDIO_IRQHandler                          0x0800025b   Thumb Code     0  startup_stm32f407xx.o(.text)
    SPI1_IRQHandler                          0x0800025b   Thumb Code     0  startup_stm32f407xx.o(.text)
    SPI2_IRQHandler                          0x0800025b   Thumb Code     0  startup_stm32f407xx.o(.text)
    SPI3_IRQHandler                          0x0800025b   Thumb Code     0  startup_stm32f407xx.o(.text)
    TAMP_STAMP_IRQHandler                    0x0800025b   Thumb Code     0  startup_stm32f407xx.o(.text)
    TIM1_BRK_TIM9_IRQHandler                 0x0800025b   Thumb Code     0  startup_stm32f407xx.o(.text)
    TIM1_CC_IRQHandler                       0x0800025b   Thumb Code     0  startup_stm32f407xx.o(.text)
    TIM1_TRG_COM_TIM11_IRQHandler            0x0800025b   Thumb Code     0  startup_stm32f407xx.o(.text)
    TIM1_UP_TIM10_IRQHandler                 0x0800025b   Thumb Code     0  startup_stm32f407xx.o(.text)
    TIM5_IRQHandler                          0x0800025b   Thumb Code     0  startup_stm32f407xx.o(.text)
    TIM6_DAC_IRQHandler                      0x0800025b   Thumb Code     0  startup_stm32f407xx.o(.text)
    TIM7_IRQHandler                          0x0800025b   Thumb Code     0  startup_stm32f407xx.o(.text)
    TIM8_BRK_TIM12_IRQHandler                0x0800025b   Thumb Code     0  startup_stm32f407xx.o(.text)
    TIM8_CC_IRQHandler                       0x0800025b   Thumb Code     0  startup_stm32f407xx.o(.text)
    TIM8_TRG_COM_TIM14_IRQHandler            0x0800025b   Thumb Code     0  startup_stm32f407xx.o(.text)
    TIM8_UP_TIM13_IRQHandler                 0x0800025b   Thumb Code     0  startup_stm32f407xx.o(.text)
    UART4_IRQHandler                         0x0800025b   Thumb Code     0  startup_stm32f407xx.o(.text)
    UART5_IRQHandler                         0x0800025b   Thumb Code     0  startup_stm32f407xx.o(.text)
    USART6_IRQHandler                        0x0800025b   Thumb Code     0  startup_stm32f407xx.o(.text)
    WWDG_IRQHandler                          0x0800025b   Thumb Code     0  startup_stm32f407xx.o(.text)
    __user_initial_stackheap                 0x0800025d   Thumb Code     0  startup_stm32f407xx.o(.text)
    __use_no_semihosting                     0x08000281   Thumb Code     2  use_no_semi_2.o(.text)
    __aeabi_uldivmod                         0x08000283   Thumb Code     0  lludivv7m.o(.text)
    _ll_udiv                                 0x08000283   Thumb Code   238  lludivv7m.o(.text)
    __2printf                                0x08000371   Thumb Code    20  noretval__2printf.o(.text)
    __printf                                 0x08000389   Thumb Code   308  __printf_flags_wp.o(.text)
    __aeabi_memclr4                          0x080004c1   Thumb Code     0  rt_memclr_w.o(.text)
    __aeabi_memclr8                          0x080004c1   Thumb Code     0  rt_memclr_w.o(.text)
    __rt_memclr_w                            0x080004c1   Thumb Code    78  rt_memclr_w.o(.text)
    _memset_w                                0x080004c5   Thumb Code     0  rt_memclr_w.o(.text)
    __use_two_region_memory                  0x0800050f   Thumb Code     2  heapauxi.o(.text)
    __rt_heap_escrow$2region                 0x08000511   Thumb Code     2  heapauxi.o(.text)
    __rt_heap_expand$2region                 0x08000513   Thumb Code     2  heapauxi.o(.text)
    __I$use$semihosting                      0x08000515   Thumb Code     0  use_no_semi.o(.text)
    __use_no_semihosting_swi                 0x08000515   Thumb Code     2  use_no_semi.o(.text)
    __lib_sel_fp_printf                      0x08000517   Thumb Code     2  _printf_fp_dec.o(.text)
    _printf_fp_dec_real                      0x080006c5   Thumb Code   620  _printf_fp_dec.o(.text)
    _printf_char_file                        0x08000931   Thumb Code    32  _printf_char_file.o(.text)
    __rt_locale                              0x08000955   Thumb Code     8  rt_locale_intlibspace.o(.text)
    _ll_udiv10                               0x0800095d   Thumb Code   138  lludiv10.o(.text)
    _printf_char_common                      0x080009f3   Thumb Code    32  _printf_char_common.o(.text)
    _printf_fp_infnan                        0x08000a19   Thumb Code   112  _printf_fp_infnan.o(.text)
    _btod_etento                             0x08000a99   Thumb Code   216  bigflt0.o(.text)
    ferror                                   0x08000b75   Thumb Code     8  ferror.o(.text)
    __user_libspace                          0x08000b7d   Thumb Code     8  libspace.o(.text)
    __user_perproc_libspace                  0x08000b7d   Thumb Code     0  libspace.o(.text)
    __user_perthread_libspace                0x08000b7d   Thumb Code     0  libspace.o(.text)
    __user_setup_stackheap                   0x08000b85   Thumb Code    74  sys_stackheap_outer.o(.text)
    exit                                     0x08000bcf   Thumb Code    12  exit.o(.text)
    strcmp                                   0x08000bdd   Thumb Code   128  strcmpv7m.o(.text)
    _btod_d2e                                0x08000c5d   Thumb Code    62  btod.o(CL$$btod_d2e)
    _d2e_denorm_low                          0x08000c9b   Thumb Code    70  btod.o(CL$$btod_d2e_denorm_low)
    _d2e_norm_op1                            0x08000ce1   Thumb Code    96  btod.o(CL$$btod_d2e_norm_op1)
    __btod_div_common                        0x08000d41   Thumb Code   696  btod.o(CL$$btod_div_common)
    _e2e                                     0x08001079   Thumb Code   198  btod.o(CL$$btod_e2e)
    _btod_ediv                               0x0800113f   Thumb Code    40  btod.o(CL$$btod_ediv)
    _btod_emul                               0x08001167   Thumb Code    40  btod.o(CL$$btod_emul)
    __btod_mult_common                       0x0800118f   Thumb Code   580  btod.o(CL$$btod_mult_common)
    ADC_IRQHandler                           0x080013d5   Thumb Code     6  stm32f4xx_it.o(i.ADC_IRQHandler)
    BusFault_Handler                         0x08001509   Thumb Code     2  stm32f4xx_it.o(i.BusFault_Handler)
    DMA1_Stream5_IRQHandler                  0x0800150d   Thumb Code     6  stm32f4xx_it.o(i.DMA1_Stream5_IRQHandler)
    DebugMon_Handler                         0x080015bd   Thumb Code     2  stm32f4xx_it.o(i.DebugMon_Handler)
    Error_Handler                            0x080015bf   Thumb Code     4  main.o(i.Error_Handler)
    HAL_ADCEx_InjectedConvCpltCallback       0x080015c3   Thumb Code     2  stm32f4xx_hal_adc_ex.o(i.HAL_ADCEx_InjectedConvCpltCallback)
    HAL_ADC_ConfigChannel                    0x080015c5   Thumb Code   316  stm32f4xx_hal_adc.o(i.HAL_ADC_ConfigChannel)
    HAL_ADC_ConvCpltCallback                 0x08001711   Thumb Code     2  stm32f4xx_hal_adc.o(i.HAL_ADC_ConvCpltCallback)
    HAL_ADC_ErrorCallback                    0x08001713   Thumb Code     2  stm32f4xx_hal_adc.o(i.HAL_ADC_ErrorCallback)
    HAL_ADC_IRQHandler                       0x08001715   Thumb Code   302  stm32f4xx_hal_adc.o(i.HAL_ADC_IRQHandler)
    HAL_ADC_Init                             0x08001843   Thumb Code    84  stm32f4xx_hal_adc.o(i.HAL_ADC_Init)
    HAL_ADC_LevelOutOfWindowCallback         0x08001897   Thumb Code     2  stm32f4xx_hal_adc.o(i.HAL_ADC_LevelOutOfWindowCallback)
    HAL_ADC_MspInit                          0x08001899   Thumb Code   132  adc.o(i.HAL_ADC_MspInit)
    HAL_DMA_Abort                            0x0800192d   Thumb Code   146  stm32f4xx_hal_dma.o(i.HAL_DMA_Abort)
    HAL_DMA_Abort_IT                         0x080019bf   Thumb Code    36  stm32f4xx_hal_dma.o(i.HAL_DMA_Abort_IT)
    HAL_DMA_GetState                         0x080019e3   Thumb Code     6  stm32f4xx_hal_dma.o(i.HAL_DMA_GetState)
    HAL_DMA_IRQHandler                       0x080019e9   Thumb Code   412  stm32f4xx_hal_dma.o(i.HAL_DMA_IRQHandler)
    HAL_DMA_Init                             0x08001b89   Thumb Code   206  stm32f4xx_hal_dma.o(i.HAL_DMA_Init)
    HAL_DMA_Start_IT                         0x08001c5d   Thumb Code   110  stm32f4xx_hal_dma.o(i.HAL_DMA_Start_IT)
    HAL_GPIO_Init                            0x08001ccd   Thumb Code   450  stm32f4xx_hal_gpio.o(i.HAL_GPIO_Init)
    HAL_GPIO_WritePin                        0x08001ebd   Thumb Code    10  stm32f4xx_hal_gpio.o(i.HAL_GPIO_WritePin)
    HAL_GetTick                              0x08001ec9   Thumb Code     6  stm32f4xx_hal.o(i.HAL_GetTick)
    HAL_I2C_AbortCpltCallback                0x08001ed5   Thumb Code     2  stm32f4xx_hal_i2c.o(i.HAL_I2C_AbortCpltCallback)
    HAL_I2C_AddrCallback                     0x08001ed7   Thumb Code     2  stm32f4xx_hal_i2c.o(i.HAL_I2C_AddrCallback)
    HAL_I2C_ER_IRQHandler                    0x08001ed9   Thumb Code   186  stm32f4xx_hal_i2c.o(i.HAL_I2C_ER_IRQHandler)
    HAL_I2C_EV_IRQHandler                    0x08001f93   Thumb Code   560  stm32f4xx_hal_i2c.o(i.HAL_I2C_EV_IRQHandler)
    HAL_I2C_ErrorCallback                    0x080021c3   Thumb Code     2  stm32f4xx_hal_i2c.o(i.HAL_I2C_ErrorCallback)
    HAL_I2C_Init                             0x080021c5   Thumb Code   376  stm32f4xx_hal_i2c.o(i.HAL_I2C_Init)
    HAL_I2C_ListenCpltCallback               0x0800234d   Thumb Code     2  stm32f4xx_hal_i2c.o(i.HAL_I2C_ListenCpltCallback)
    HAL_I2C_MasterRxCpltCallback             0x0800234f   Thumb Code     2  stm32f4xx_hal_i2c.o(i.HAL_I2C_MasterRxCpltCallback)
    HAL_I2C_MasterTxCpltCallback             0x08002351   Thumb Code     2  stm32f4xx_hal_i2c.o(i.HAL_I2C_MasterTxCpltCallback)
    HAL_I2C_MemRxCpltCallback                0x08002353   Thumb Code     2  stm32f4xx_hal_i2c.o(i.HAL_I2C_MemRxCpltCallback)
    HAL_I2C_MemTxCpltCallback                0x08002355   Thumb Code     2  stm32f4xx_hal_i2c.o(i.HAL_I2C_MemTxCpltCallback)
    HAL_I2C_MspInit                          0x08002359   Thumb Code   206  i2c.o(i.HAL_I2C_MspInit)
    HAL_I2C_SlaveRxCpltCallback              0x0800243d   Thumb Code     2  stm32f4xx_hal_i2c.o(i.HAL_I2C_SlaveRxCpltCallback)
    HAL_I2C_SlaveTxCpltCallback              0x0800243f   Thumb Code     2  stm32f4xx_hal_i2c.o(i.HAL_I2C_SlaveTxCpltCallback)
    HAL_IncTick                              0x08002441   Thumb Code    12  stm32f4xx_hal.o(i.HAL_IncTick)
    HAL_Init                                 0x08002451   Thumb Code    48  stm32f4xx_hal.o(i.HAL_Init)
    HAL_InitTick                             0x08002485   Thumb Code    54  stm32f4xx_hal.o(i.HAL_InitTick)
    HAL_MspInit                              0x080024c5   Thumb Code    60  stm32f4xx_hal_msp.o(i.HAL_MspInit)
    HAL_NVIC_EnableIRQ                       0x08002505   Thumb Code    26  stm32f4xx_hal_cortex.o(i.HAL_NVIC_EnableIRQ)
    HAL_NVIC_SetPriority                     0x08002521   Thumb Code    60  stm32f4xx_hal_cortex.o(i.HAL_NVIC_SetPriority)
    HAL_NVIC_SetPriorityGrouping             0x08002561   Thumb Code    26  stm32f4xx_hal_cortex.o(i.HAL_NVIC_SetPriorityGrouping)
    HAL_RCC_ClockConfig                      0x08002585   Thumb Code   288  stm32f4xx_hal_rcc.o(i.HAL_RCC_ClockConfig)
    HAL_RCC_GetPCLK1Freq                     0x080026b9   Thumb Code    20  stm32f4xx_hal_rcc.o(i.HAL_RCC_GetPCLK1Freq)
    HAL_RCC_GetPCLK2Freq                     0x080026d9   Thumb Code    20  stm32f4xx_hal_rcc.o(i.HAL_RCC_GetPCLK2Freq)
    HAL_RCC_GetSysClockFreq                  0x080026f9   Thumb Code    88  stm32f4xx_hal_rcc.o(i.HAL_RCC_GetSysClockFreq)
    HAL_RCC_OscConfig                        0x0800275d   Thumb Code   856  stm32f4xx_hal_rcc.o(i.HAL_RCC_OscConfig)
    HAL_SYSTICK_Config                       0x08002ac9   Thumb Code    40  stm32f4xx_hal_cortex.o(i.HAL_SYSTICK_Config)
    HAL_TIMEx_BreakCallback                  0x08002af1   Thumb Code     2  stm32f4xx_hal_tim_ex.o(i.HAL_TIMEx_BreakCallback)
    HAL_TIMEx_CommutCallback                 0x08002af3   Thumb Code     2  stm32f4xx_hal_tim_ex.o(i.HAL_TIMEx_CommutCallback)
    HAL_TIMEx_MasterConfigSynchronization    0x08002af5   Thumb Code   116  stm32f4xx_hal_tim_ex.o(i.HAL_TIMEx_MasterConfigSynchronization)
    HAL_TIM_Base_Start                       0x08002b85   Thumb Code    90  stm32f4xx_hal_tim.o(i.HAL_TIM_Base_Start)
    HAL_TIM_Encoder_Init                     0x08002bfd   Thumb Code   164  stm32f4xx_hal_tim.o(i.HAL_TIM_Encoder_Init)
    HAL_TIM_Encoder_MspInit                  0x08002ca1   Thumb Code   174  tim.o(i.HAL_TIM_Encoder_MspInit)
    HAL_TIM_Encoder_Start                    0x08002d65   Thumb Code   142  stm32f4xx_hal_tim.o(i.HAL_TIM_Encoder_Start)
    HAL_TIM_IC_CaptureCallback               0x08002df3   Thumb Code     2  stm32f4xx_hal_tim.o(i.HAL_TIM_IC_CaptureCallback)
    HAL_TIM_IRQHandler                       0x08002df5   Thumb Code   358  stm32f4xx_hal_tim.o(i.HAL_TIM_IRQHandler)
    HAL_TIM_MspPostInit                      0x08002f5d   Thumb Code   150  tim.o(i.HAL_TIM_MspPostInit)
    HAL_TIM_OC_DelayElapsedCallback          0x08003009   Thumb Code     2  stm32f4xx_hal_tim.o(i.HAL_TIM_OC_DelayElapsedCallback)
    HAL_TIM_PWM_ConfigChannel                0x0800300b   Thumb Code   204  stm32f4xx_hal_tim.o(i.HAL_TIM_PWM_ConfigChannel)
    HAL_TIM_PWM_Init                         0x080030d7   Thumb Code    90  stm32f4xx_hal_tim.o(i.HAL_TIM_PWM_Init)
    HAL_TIM_PWM_MspInit                      0x08003131   Thumb Code    86  tim.o(i.HAL_TIM_PWM_MspInit)
    HAL_TIM_PWM_PulseFinishedCallback        0x08003191   Thumb Code     2  stm32f4xx_hal_tim.o(i.HAL_TIM_PWM_PulseFinishedCallback)
    HAL_TIM_PWM_Start                        0x08003195   Thumb Code   172  stm32f4xx_hal_tim.o(i.HAL_TIM_PWM_Start)
    HAL_TIM_PeriodElapsedCallback            0x0800325d   Thumb Code     2  stm32f4xx_hal_tim.o(i.HAL_TIM_PeriodElapsedCallback)
    HAL_TIM_TriggerCallback                  0x0800325f   Thumb Code     2  stm32f4xx_hal_tim.o(i.HAL_TIM_TriggerCallback)
    HAL_UARTEx_RxEventCallback               0x08003261   Thumb Code     2  stm32f4xx_hal_uart.o(i.HAL_UARTEx_RxEventCallback)
    HAL_UART_DMAStop                         0x08003263   Thumb Code   112  stm32f4xx_hal_uart.o(i.HAL_UART_DMAStop)
    HAL_UART_ErrorCallback                   0x080032d3   Thumb Code     2  stm32f4xx_hal_uart.o(i.HAL_UART_ErrorCallback)
    HAL_UART_IRQHandler                      0x080032d5   Thumb Code   610  stm32f4xx_hal_uart.o(i.HAL_UART_IRQHandler)
    HAL_UART_Init                            0x0800353d   Thumb Code    98  stm32f4xx_hal_uart.o(i.HAL_UART_Init)
    HAL_UART_MspInit                         0x080035a1   Thumb Code   350  usart.o(i.HAL_UART_MspInit)
    HAL_UART_Receive_DMA                     0x08003725   Thumb Code    42  stm32f4xx_hal_uart.o(i.HAL_UART_Receive_DMA)
    HAL_UART_RxCpltCallback                  0x0800374f   Thumb Code     2  stm32f4xx_hal_uart.o(i.HAL_UART_RxCpltCallback)
    HAL_UART_RxHalfCpltCallback              0x08003751   Thumb Code     2  stm32f4xx_hal_uart.o(i.HAL_UART_RxHalfCpltCallback)
    HAL_UART_TxCpltCallback                  0x08003753   Thumb Code     2  stm32f4xx_hal_uart.o(i.HAL_UART_TxCpltCallback)
    HardFault_Handler                        0x08003755   Thumb Code     2  stm32f4xx_it.o(i.HardFault_Handler)
    I2C1_ER_IRQHandler                       0x08003759   Thumb Code     6  stm32f4xx_it.o(i.I2C1_ER_IRQHandler)
    I2C1_EV_IRQHandler                       0x08003765   Thumb Code     6  stm32f4xx_it.o(i.I2C1_EV_IRQHandler)
    I2C2_ER_IRQHandler                       0x08003771   Thumb Code     6  stm32f4xx_it.o(i.I2C2_ER_IRQHandler)
    I2C2_EV_IRQHandler                       0x0800377d   Thumb Code     6  stm32f4xx_it.o(i.I2C2_EV_IRQHandler)
    JY901_Process                            0x08004101   Thumb Code   304  my_uart.o(i.JY901_Process)
    MX_ADC1_Init                             0x08004259   Thumb Code   178  adc.o(i.MX_ADC1_Init)
    MX_DMA_Init                              0x08004319   Thumb Code    40  dma.o(i.MX_DMA_Init)
    MX_GPIO_Init                             0x08004345   Thumb Code   278  gpio.o(i.MX_GPIO_Init)
    MX_I2C1_Init                             0x08004479   Thumb Code    50  i2c.o(i.MX_I2C1_Init)
    MX_I2C2_Init                             0x080044b9   Thumb Code    50  i2c.o(i.MX_I2C2_Init)
    MX_TIM1_Init                             0x080044f9   Thumb Code   102  tim.o(i.MX_TIM1_Init)
    MX_TIM2_Init                             0x08004569   Thumb Code   152  tim.o(i.MX_TIM2_Init)
    MX_TIM3_Init                             0x08004605   Thumb Code   150  tim.o(i.MX_TIM3_Init)
    MX_TIM4_Init                             0x080046a5   Thumb Code    98  tim.o(i.MX_TIM4_Init)
    MX_USART1_UART_Init                      0x08004711   Thumb Code    48  usart.o(i.MX_USART1_UART_Init)
    MX_USART2_UART_Init                      0x08004749   Thumb Code    66  usart.o(i.MX_USART2_UART_Init)
    MX_USART3_UART_Init                      0x08004799   Thumb Code    48  usart.o(i.MX_USART3_UART_Init)
    MemManage_Handler                        0x080047d1   Thumb Code     2  stm32f4xx_it.o(i.MemManage_Handler)
    NMI_Handler                              0x080047d3   Thumb Code     2  stm32f4xx_it.o(i.NMI_Handler)
    PendSV_Handler                           0x080047d5   Thumb Code     2  stm32f4xx_it.o(i.PendSV_Handler)
    RCC_IRQHandler                           0x080047d7   Thumb Code     2  stm32f4xx_it.o(i.RCC_IRQHandler)
    SVC_Handler                              0x080047d9   Thumb Code     2  stm32f4xx_it.o(i.SVC_Handler)
    SysTick_Handler                          0x080047db   Thumb Code     4  stm32f4xx_it.o(i.SysTick_Handler)
    SystemClock_Config                       0x080047e1   Thumb Code   140  main.o(i.SystemClock_Config)
    SystemInit                               0x08004875   Thumb Code    12  system_stm32f4xx.o(i.SystemInit)
    TIM2_IRQHandler                          0x08004885   Thumb Code     6  stm32f4xx_it.o(i.TIM2_IRQHandler)
    TIM3_IRQHandler                          0x08004891   Thumb Code     6  stm32f4xx_it.o(i.TIM3_IRQHandler)
    TIM4_IRQHandler                          0x0800489d   Thumb Code     6  stm32f4xx_it.o(i.TIM4_IRQHandler)
    TIM_Base_SetConfig                       0x080048a9   Thumb Code   156  stm32f4xx_hal_tim.o(i.TIM_Base_SetConfig)
    TIM_CCxChannelCmd                        0x08004971   Thumb Code    26  stm32f4xx_hal_tim.o(i.TIM_CCxChannelCmd)
    TIM_OC2_SetConfig                        0x080049ed   Thumb Code    98  stm32f4xx_hal_tim.o(i.TIM_OC2_SetConfig)
    UART_Start_Receive_DMA                   0x08004e3d   Thumb Code   134  stm32f4xx_hal_uart.o(i.UART_Start_Receive_DMA)
    USART1_IRQHandler                        0x08004ed1   Thumb Code     6  stm32f4xx_it.o(i.USART1_IRQHandler)
    USART2_IRQHandler                        0x08004edd   Thumb Code    68  stm32f4xx_it.o(i.USART2_IRQHandler)
    USART3_IRQHandler                        0x08004f2d   Thumb Code     6  stm32f4xx_it.o(i.USART3_IRQHandler)
    UsageFault_Handler                       0x08004f39   Thumb Code     2  stm32f4xx_it.o(i.UsageFault_Handler)
    User_USART_Init                          0x08004f3b   Thumb Code    26  my_uart.o(i.User_USART_Init)
    __ARM_fpclassify                         0x08004f55   Thumb Code    48  fpclassify.o(i.__ARM_fpclassify)
    _is_digit                                0x08004fa5   Thumb Code    14  __printf_wp.o(i._is_digit)
    _sys_exit                                0x08004fb3   Thumb Code     2  usart.o(i._sys_exit)
    fputc                                    0x08004fb5   Thumb Code    14  usart.o(i.fputc)
    main                                     0x08004fc9   Thumb Code   166  main.o(i.main)
    _get_lc_numeric                          0x08005091   Thumb Code    44  lc_numeric_c.o(locale$$code)
    __fpl_dretinf                            0x080050bd   Thumb Code    12  dretinf.o(x$fpl$dretinf)
    __aeabi_f2d                              0x080050c9   Thumb Code     0  f2d.o(x$fpl$f2d)
    _f2d                                     0x080050c9   Thumb Code    86  f2d.o(x$fpl$f2d)
    __fpl_fnaninf                            0x0800511f   Thumb Code   140  fnaninf.o(x$fpl$fnaninf)
    _fp_init                                 0x080051ab   Thumb Code    10  fpinit.o(x$fpl$fpinit)
    __fplib_config_fpu_vfp                   0x080051b3   Thumb Code     0  fpinit.o(x$fpl$fpinit)
    __fplib_config_pureend_doubles           0x080051b3   Thumb Code     0  fpinit.o(x$fpl$fpinit)
    _printf_fp_dec                           0x080051b5   Thumb Code     4  printf1.o(x$fpl$printf1)
    __I$use$fp                               0x080051b8   Number         0  usenofp.o(x$fpl$usenofp)
    AHBPrescTable                            0x080051c0   Data          16  system_stm32f4xx.o(.constdata)
    APBPrescTable                            0x080051d0   Data           8  system_stm32f4xx.o(.constdata)
    Region$$Table$$Base                      0x08005280   Number         0  anon$$obj.o(Region$$Table)
    Region$$Table$$Limit                     0x080052a0   Number         0  anon$$obj.o(Region$$Table)
    __stdout                                 0x20000000   Data           4  usart.o(.data)
    uwTickFreq                               0x20000004   Data           1  stm32f4xx_hal.o(.data)
    uwTickPrio                               0x20000008   Data           4  stm32f4xx_hal.o(.data)
    uwTick                                   0x2000000c   Data           4  stm32f4xx_hal.o(.data)
    SystemCoreClock                          0x20000010   Data           4  system_stm32f4xx.o(.data)
    stcAcc                                   0x20000014   Data           8  my_uart.o(.data)
    stcGyro                                  0x2000001c   Data           8  my_uart.o(.data)
    stcAngle                                 0x20000024   Data           8  my_uart.o(.data)
    hadc1                                    0x2000002c   Data          72  adc.o(.bss)
    hi2c1                                    0x20000074   Data          84  i2c.o(.bss)
    hi2c2                                    0x200000c8   Data          84  i2c.o(.bss)
    htim1                                    0x2000011c   Data          72  tim.o(.bss)
    htim2                                    0x20000164   Data          72  tim.o(.bss)
    htim3                                    0x200001ac   Data          72  tim.o(.bss)
    htim4                                    0x200001f4   Data          72  tim.o(.bss)
    huart1                                   0x2000023c   Data          68  usart.o(.bss)
    huart2                                   0x20000280   Data          68  usart.o(.bss)
    huart3                                   0x200002c4   Data          68  usart.o(.bss)
    hdma_usart2_rx                           0x20000308   Data          96  usart.o(.bss)
    JY901_data                               0x20000368   Data          72  my_uart.o(.bss)
    __libspace_start                         0x200003b0   Data          96  libspace.o(.bss)
    __temporary_stack_top$libspace           0x20000410   Data           0  libspace.o(.bss)



==============================================================================

Memory Map of the image

  Image Entry point : 0x08000189

  Load Region LR_IROM1 (Base: 0x08000000, Size: 0x000052e8, Max: 0x00100000, ABSOLUTE)

    Execution Region ER_IROM1 (Exec base: 0x08000000, Load base: 0x08000000, Size: 0x000052bc, Max: 0x00100000, ABSOLUTE)

    Exec Addr    Load Addr    Size         Type   Attr      Idx    E Section Name        Object

    0x08000000   0x08000000   0x00000188   Data   RO            3    RESET               startup_stm32f407xx.o
    0x08000188   0x08000188   0x00000008   Code   RO         5078  * !!!main             c_w.l(__main.o)
    0x08000190   0x08000190   0x00000034   Code   RO         5431    !!!scatter          c_w.l(__scatter.o)
    0x080001c4   0x080001c4   0x0000001a   Code   RO         5433    !!handler_copy      c_w.l(__scatter_copy.o)
    0x080001de   0x080001de   0x00000002   PAD
    0x080001e0   0x080001e0   0x0000001c   Code   RO         5435    !!handler_zi        c_w.l(__scatter_zi.o)
    0x080001fc   0x080001fc   0x00000000   Code   RO         5069    .ARM.Collect$$_printf_percent$$00000000  c_w.l(_printf_percent.o)
    0x080001fc   0x080001fc   0x00000006   Code   RO         5068    .ARM.Collect$$_printf_percent$$00000003  c_w.l(_printf_f.o)
    0x08000202   0x08000202   0x00000004   Code   RO         5151    .ARM.Collect$$_printf_percent$$00000017  c_w.l(_printf_percent_end.o)
    0x08000206   0x08000206   0x00000002   Code   RO         5307    .ARM.Collect$$libinit$$00000000  c_w.l(libinit.o)
    0x08000208   0x08000208   0x00000004   Code   RO         5308    .ARM.Collect$$libinit$$00000001  c_w.l(libinit2.o)
    0x0800020c   0x0800020c   0x00000000   Code   RO         5311    .ARM.Collect$$libinit$$00000004  c_w.l(libinit2.o)
    0x0800020c   0x0800020c   0x00000000   Code   RO         5314    .ARM.Collect$$libinit$$0000000A  c_w.l(libinit2.o)
    0x0800020c   0x0800020c   0x00000000   Code   RO         5316    .ARM.Collect$$libinit$$0000000C  c_w.l(libinit2.o)
    0x0800020c   0x0800020c   0x00000000   Code   RO         5318    .ARM.Collect$$libinit$$0000000E  c_w.l(libinit2.o)
    0x0800020c   0x0800020c   0x00000006   Code   RO         5319    .ARM.Collect$$libinit$$0000000F  c_w.l(libinit2.o)
    0x08000212   0x08000212   0x00000000   Code   RO         5321    .ARM.Collect$$libinit$$00000011  c_w.l(libinit2.o)
    0x08000212   0x08000212   0x00000000   Code   RO         5323    .ARM.Collect$$libinit$$00000013  c_w.l(libinit2.o)
    0x08000212   0x08000212   0x00000000   Code   RO         5325    .ARM.Collect$$libinit$$00000015  c_w.l(libinit2.o)
    0x08000212   0x08000212   0x0000000a   Code   RO         5326    .ARM.Collect$$libinit$$00000016  c_w.l(libinit2.o)
    0x0800021c   0x0800021c   0x00000000   Code   RO         5327    .ARM.Collect$$libinit$$00000017  c_w.l(libinit2.o)
    0x0800021c   0x0800021c   0x00000000   Code   RO         5329    .ARM.Collect$$libinit$$00000019  c_w.l(libinit2.o)
    0x0800021c   0x0800021c   0x00000000   Code   RO         5331    .ARM.Collect$$libinit$$0000001B  c_w.l(libinit2.o)
    0x0800021c   0x0800021c   0x00000000   Code   RO         5333    .ARM.Collect$$libinit$$0000001D  c_w.l(libinit2.o)
    0x0800021c   0x0800021c   0x00000000   Code   RO         5335    .ARM.Collect$$libinit$$0000001F  c_w.l(libinit2.o)
    0x0800021c   0x0800021c   0x00000000   Code   RO         5337    .ARM.Collect$$libinit$$00000021  c_w.l(libinit2.o)
    0x0800021c   0x0800021c   0x00000000   Code   RO         5339    .ARM.Collect$$libinit$$00000023  c_w.l(libinit2.o)
    0x0800021c   0x0800021c   0x00000000   Code   RO         5341    .ARM.Collect$$libinit$$00000025  c_w.l(libinit2.o)
    0x0800021c   0x0800021c   0x00000000   Code   RO         5345    .ARM.Collect$$libinit$$0000002C  c_w.l(libinit2.o)
    0x0800021c   0x0800021c   0x00000000   Code   RO         5347    .ARM.Collect$$libinit$$0000002E  c_w.l(libinit2.o)
    0x0800021c   0x0800021c   0x00000000   Code   RO         5349    .ARM.Collect$$libinit$$00000030  c_w.l(libinit2.o)
    0x0800021c   0x0800021c   0x00000000   Code   RO         5351    .ARM.Collect$$libinit$$00000032  c_w.l(libinit2.o)
    0x0800021c   0x0800021c   0x00000002   Code   RO         5352    .ARM.Collect$$libinit$$00000033  c_w.l(libinit2.o)
    0x0800021e   0x0800021e   0x00000002   Code   RO         5396    .ARM.Collect$$libshutdown$$00000000  c_w.l(libshutdown.o)
    0x08000220   0x08000220   0x00000000   Code   RO         5416    .ARM.Collect$$libshutdown$$00000003  c_w.l(libshutdown2.o)
    0x08000220   0x08000220   0x00000000   Code   RO         5419    .ARM.Collect$$libshutdown$$00000006  c_w.l(libshutdown2.o)
    0x08000220   0x08000220   0x00000000   Code   RO         5422    .ARM.Collect$$libshutdown$$00000009  c_w.l(libshutdown2.o)
    0x08000220   0x08000220   0x00000000   Code   RO         5424    .ARM.Collect$$libshutdown$$0000000B  c_w.l(libshutdown2.o)
    0x08000220   0x08000220   0x00000000   Code   RO         5427    .ARM.Collect$$libshutdown$$0000000E  c_w.l(libshutdown2.o)
    0x08000220   0x08000220   0x00000002   Code   RO         5428    .ARM.Collect$$libshutdown$$0000000F  c_w.l(libshutdown2.o)
    0x08000222   0x08000222   0x00000000   Code   RO         5136    .ARM.Collect$$rtentry$$00000000  c_w.l(__rtentry.o)
    0x08000222   0x08000222   0x00000000   Code   RO         5217    .ARM.Collect$$rtentry$$00000002  c_w.l(__rtentry2.o)
    0x08000222   0x08000222   0x00000006   Code   RO         5229    .ARM.Collect$$rtentry$$00000004  c_w.l(__rtentry4.o)
    0x08000228   0x08000228   0x00000000   Code   RO         5219    .ARM.Collect$$rtentry$$00000009  c_w.l(__rtentry2.o)
    0x08000228   0x08000228   0x00000004   Code   RO         5220    .ARM.Collect$$rtentry$$0000000A  c_w.l(__rtentry2.o)
    0x0800022c   0x0800022c   0x00000000   Code   RO         5222    .ARM.Collect$$rtentry$$0000000C  c_w.l(__rtentry2.o)
    0x0800022c   0x0800022c   0x00000008   Code   RO         5223    .ARM.Collect$$rtentry$$0000000D  c_w.l(__rtentry2.o)
    0x08000234   0x08000234   0x00000002   Code   RO         5355    .ARM.Collect$$rtexit$$00000000  c_w.l(rtexit.o)
    0x08000236   0x08000236   0x00000000   Code   RO         5368    .ARM.Collect$$rtexit$$00000002  c_w.l(rtexit2.o)
    0x08000236   0x08000236   0x00000004   Code   RO         5369    .ARM.Collect$$rtexit$$00000003  c_w.l(rtexit2.o)
    0x0800023a   0x0800023a   0x00000006   Code   RO         5370    .ARM.Collect$$rtexit$$00000004  c_w.l(rtexit2.o)
    0x08000240   0x08000240   0x00000040   Code   RO            4    .text               startup_stm32f407xx.o
    0x08000280   0x08000280   0x00000002   Code   RO         5006    .text               c_w.l(use_no_semi_2.o)
    0x08000282   0x08000282   0x000000ee   Code   RO         5008    .text               c_w.l(lludivv7m.o)
    0x08000370   0x08000370   0x00000018   Code   RO         5014    .text               c_w.l(noretval__2printf.o)
    0x08000388   0x08000388   0x00000138   Code   RO         5057    .text               c_w.l(__printf_flags_wp.o)
    0x080004c0   0x080004c0   0x0000004e   Code   RO         5074    .text               c_w.l(rt_memclr_w.o)
    0x0800050e   0x0800050e   0x00000006   Code   RO         5076    .text               c_w.l(heapauxi.o)
    0x08000514   0x08000514   0x00000002   Code   RO         5134    .text               c_w.l(use_no_semi.o)
    0x08000516   0x08000516   0x0000041a   Code   RO         5145    .text               c_w.l(_printf_fp_dec.o)
    0x08000930   0x08000930   0x00000024   Code   RO         5149    .text               c_w.l(_printf_char_file.o)
    0x08000954   0x08000954   0x00000008   Code   RO         5236    .text               c_w.l(rt_locale_intlibspace.o)
    0x0800095c   0x0800095c   0x0000008a   Code   RO         5243    .text               c_w.l(lludiv10.o)
    0x080009e6   0x080009e6   0x00000002   PAD
    0x080009e8   0x080009e8   0x00000030   Code   RO         5245    .text               c_w.l(_printf_char_common.o)
    0x08000a18   0x08000a18   0x00000080   Code   RO         5247    .text               c_w.l(_printf_fp_infnan.o)
    0x08000a98   0x08000a98   0x000000dc   Code   RO         5249    .text               c_w.l(bigflt0.o)
    0x08000b74   0x08000b74   0x00000008   Code   RO         5274    .text               c_w.l(ferror.o)
    0x08000b7c   0x08000b7c   0x00000008   Code   RO         5287    .text               c_w.l(libspace.o)
    0x08000b84   0x08000b84   0x0000004a   Code   RO         5290    .text               c_w.l(sys_stackheap_outer.o)
    0x08000bce   0x08000bce   0x0000000c   Code   RO         5294    .text               c_w.l(exit.o)
    0x08000bda   0x08000bda   0x00000002   PAD
    0x08000bdc   0x08000bdc   0x00000080   Code   RO         5300    .text               c_w.l(strcmpv7m.o)
    0x08000c5c   0x08000c5c   0x0000003e   Code   RO         5252    CL$$btod_d2e        c_w.l(btod.o)
    0x08000c9a   0x08000c9a   0x00000046   Code   RO         5254    CL$$btod_d2e_denorm_low  c_w.l(btod.o)
    0x08000ce0   0x08000ce0   0x00000060   Code   RO         5253    CL$$btod_d2e_norm_op1  c_w.l(btod.o)
    0x08000d40   0x08000d40   0x00000338   Code   RO         5262    CL$$btod_div_common  c_w.l(btod.o)
    0x08001078   0x08001078   0x000000c6   Code   RO         5259    CL$$btod_e2e        c_w.l(btod.o)
    0x0800113e   0x0800113e   0x00000028   Code   RO         5256    CL$$btod_ediv       c_w.l(btod.o)
    0x08001166   0x08001166   0x00000028   Code   RO         5255    CL$$btod_emul       c_w.l(btod.o)
    0x0800118e   0x0800118e   0x00000244   Code   RO         5261    CL$$btod_mult_common  c_w.l(btod.o)
    0x080013d2   0x080013d2   0x00000002   PAD
    0x080013d4   0x080013d4   0x0000000c   Code   RO          592    i.ADC_IRQHandler    stm32f4xx_it.o
    0x080013e0   0x080013e0   0x00000128   Code   RO          773    i.ADC_Init          stm32f4xx_hal_adc.o
    0x08001508   0x08001508   0x00000002   Code   RO          593    i.BusFault_Handler  stm32f4xx_it.o
    0x0800150a   0x0800150a   0x00000002   PAD
    0x0800150c   0x0800150c   0x0000000c   Code   RO          594    i.DMA1_Stream5_IRQHandler  stm32f4xx_it.o
    0x08001518   0x08001518   0x00000028   Code   RO         1507    i.DMA_CalcBaseAndBitshift  stm32f4xx_hal_dma.o
    0x08001540   0x08001540   0x00000054   Code   RO         1508    i.DMA_CheckFifoParam  stm32f4xx_hal_dma.o
    0x08001594   0x08001594   0x00000028   Code   RO         1509    i.DMA_SetConfig     stm32f4xx_hal_dma.o
    0x080015bc   0x080015bc   0x00000002   Code   RO          595    i.DebugMon_Handler  stm32f4xx_it.o
    0x080015be   0x080015be   0x00000004   Code   RO          192    i.Error_Handler     main.o
    0x080015c2   0x080015c2   0x00000002   Code   RO          944    i.HAL_ADCEx_InjectedConvCpltCallback  stm32f4xx_hal_adc_ex.o
    0x080015c4   0x080015c4   0x0000014c   Code   RO          775    i.HAL_ADC_ConfigChannel  stm32f4xx_hal_adc.o
    0x08001710   0x08001710   0x00000002   Code   RO          776    i.HAL_ADC_ConvCpltCallback  stm32f4xx_hal_adc.o
    0x08001712   0x08001712   0x00000002   Code   RO          779    i.HAL_ADC_ErrorCallback  stm32f4xx_hal_adc.o
    0x08001714   0x08001714   0x0000012e   Code   RO          783    i.HAL_ADC_IRQHandler  stm32f4xx_hal_adc.o
    0x08001842   0x08001842   0x00000054   Code   RO          784    i.HAL_ADC_Init      stm32f4xx_hal_adc.o
    0x08001896   0x08001896   0x00000002   Code   RO          785    i.HAL_ADC_LevelOutOfWindowCallback  stm32f4xx_hal_adc.o
    0x08001898   0x08001898   0x00000094   Code   RO          330    i.HAL_ADC_MspInit   adc.o
    0x0800192c   0x0800192c   0x00000092   Code   RO         1510    i.HAL_DMA_Abort     stm32f4xx_hal_dma.o
    0x080019be   0x080019be   0x00000024   Code   RO         1511    i.HAL_DMA_Abort_IT  stm32f4xx_hal_dma.o
    0x080019e2   0x080019e2   0x00000006   Code   RO         1514    i.HAL_DMA_GetState  stm32f4xx_hal_dma.o
    0x080019e8   0x080019e8   0x000001a0   Code   RO         1515    i.HAL_DMA_IRQHandler  stm32f4xx_hal_dma.o
    0x08001b88   0x08001b88   0x000000d4   Code   RO         1516    i.HAL_DMA_Init      stm32f4xx_hal_dma.o
    0x08001c5c   0x08001c5c   0x0000006e   Code   RO         1520    i.HAL_DMA_Start_IT  stm32f4xx_hal_dma.o
    0x08001cca   0x08001cca   0x00000002   PAD
    0x08001ccc   0x08001ccc   0x000001f0   Code   RO         1403    i.HAL_GPIO_Init     stm32f4xx_hal_gpio.o
    0x08001ebc   0x08001ebc   0x0000000a   Code   RO         1407    i.HAL_GPIO_WritePin  stm32f4xx_hal_gpio.o
    0x08001ec6   0x08001ec6   0x00000002   PAD
    0x08001ec8   0x08001ec8   0x0000000c   Code   RO         1935    i.HAL_GetTick       stm32f4xx_hal.o
    0x08001ed4   0x08001ed4   0x00000002   Code   RO         2180    i.HAL_I2C_AbortCpltCallback  stm32f4xx_hal_i2c.o
    0x08001ed6   0x08001ed6   0x00000002   Code   RO         2181    i.HAL_I2C_AddrCallback  stm32f4xx_hal_i2c.o
    0x08001ed8   0x08001ed8   0x000000ba   Code   RO         2184    i.HAL_I2C_ER_IRQHandler  stm32f4xx_hal_i2c.o
    0x08001f92   0x08001f92   0x00000230   Code   RO         2185    i.HAL_I2C_EV_IRQHandler  stm32f4xx_hal_i2c.o
    0x080021c2   0x080021c2   0x00000002   Code   RO         2187    i.HAL_I2C_ErrorCallback  stm32f4xx_hal_i2c.o
    0x080021c4   0x080021c4   0x00000188   Code   RO         2191    i.HAL_I2C_Init      stm32f4xx_hal_i2c.o
    0x0800234c   0x0800234c   0x00000002   Code   RO         2193    i.HAL_I2C_ListenCpltCallback  stm32f4xx_hal_i2c.o
    0x0800234e   0x0800234e   0x00000002   Code   RO         2194    i.HAL_I2C_MasterRxCpltCallback  stm32f4xx_hal_i2c.o
    0x08002350   0x08002350   0x00000002   Code   RO         2195    i.HAL_I2C_MasterTxCpltCallback  stm32f4xx_hal_i2c.o
    0x08002352   0x08002352   0x00000002   Code   RO         2207    i.HAL_I2C_MemRxCpltCallback  stm32f4xx_hal_i2c.o
    0x08002354   0x08002354   0x00000002   Code   RO         2208    i.HAL_I2C_MemTxCpltCallback  stm32f4xx_hal_i2c.o
    0x08002356   0x08002356   0x00000002   PAD
    0x08002358   0x08002358   0x000000e4   Code   RO          396    i.HAL_I2C_MspInit   i2c.o
    0x0800243c   0x0800243c   0x00000002   Code   RO         2217    i.HAL_I2C_SlaveRxCpltCallback  stm32f4xx_hal_i2c.o
    0x0800243e   0x0800243e   0x00000002   Code   RO         2218    i.HAL_I2C_SlaveTxCpltCallback  stm32f4xx_hal_i2c.o
    0x08002440   0x08002440   0x00000010   Code   RO         1941    i.HAL_IncTick       stm32f4xx_hal.o
    0x08002450   0x08002450   0x00000034   Code   RO         1942    i.HAL_Init          stm32f4xx_hal.o
    0x08002484   0x08002484   0x00000040   Code   RO         1943    i.HAL_InitTick      stm32f4xx_hal.o
    0x080024c4   0x080024c4   0x00000040   Code   RO          746    i.HAL_MspInit       stm32f4xx_hal_msp.o
    0x08002504   0x08002504   0x0000001a   Code   RO         1792    i.HAL_NVIC_EnableIRQ  stm32f4xx_hal_cortex.o
    0x0800251e   0x0800251e   0x00000002   PAD
    0x08002520   0x08002520   0x00000040   Code   RO         1798    i.HAL_NVIC_SetPriority  stm32f4xx_hal_cortex.o
    0x08002560   0x08002560   0x00000024   Code   RO         1799    i.HAL_NVIC_SetPriorityGrouping  stm32f4xx_hal_cortex.o
    0x08002584   0x08002584   0x00000134   Code   RO         1049    i.HAL_RCC_ClockConfig  stm32f4xx_hal_rcc.o
    0x080026b8   0x080026b8   0x00000020   Code   RO         1056    i.HAL_RCC_GetPCLK1Freq  stm32f4xx_hal_rcc.o
    0x080026d8   0x080026d8   0x00000020   Code   RO         1057    i.HAL_RCC_GetPCLK2Freq  stm32f4xx_hal_rcc.o
    0x080026f8   0x080026f8   0x00000064   Code   RO         1058    i.HAL_RCC_GetSysClockFreq  stm32f4xx_hal_rcc.o
    0x0800275c   0x0800275c   0x0000036c   Code   RO         1061    i.HAL_RCC_OscConfig  stm32f4xx_hal_rcc.o
    0x08002ac8   0x08002ac8   0x00000028   Code   RO         1803    i.HAL_SYSTICK_Config  stm32f4xx_hal_cortex.o
    0x08002af0   0x08002af0   0x00000002   Code   RO         3336    i.HAL_TIMEx_BreakCallback  stm32f4xx_hal_tim_ex.o
    0x08002af2   0x08002af2   0x00000002   Code   RO         3337    i.HAL_TIMEx_CommutCallback  stm32f4xx_hal_tim_ex.o
    0x08002af4   0x08002af4   0x00000090   Code   RO         3355    i.HAL_TIMEx_MasterConfigSynchronization  stm32f4xx_hal_tim_ex.o
    0x08002b84   0x08002b84   0x00000078   Code   RO         2635    i.HAL_TIM_Base_Start  stm32f4xx_hal_tim.o
    0x08002bfc   0x08002bfc   0x000000a4   Code   RO         2653    i.HAL_TIM_Encoder_Init  stm32f4xx_hal_tim.o
    0x08002ca0   0x08002ca0   0x000000c4   Code   RO          444    i.HAL_TIM_Encoder_MspInit  tim.o
    0x08002d64   0x08002d64   0x0000008e   Code   RO         2656    i.HAL_TIM_Encoder_Start  stm32f4xx_hal_tim.o
    0x08002df2   0x08002df2   0x00000002   Code   RO         2666    i.HAL_TIM_IC_CaptureCallback  stm32f4xx_hal_tim.o
    0x08002df4   0x08002df4   0x00000166   Code   RO         2680    i.HAL_TIM_IRQHandler  stm32f4xx_hal_tim.o
    0x08002f5a   0x08002f5a   0x00000002   PAD
    0x08002f5c   0x08002f5c   0x000000ac   Code   RO          445    i.HAL_TIM_MspPostInit  tim.o
    0x08003008   0x08003008   0x00000002   Code   RO         2683    i.HAL_TIM_OC_DelayElapsedCallback  stm32f4xx_hal_tim.o
    0x0800300a   0x0800300a   0x000000cc   Code   RO         2704    i.HAL_TIM_PWM_ConfigChannel  stm32f4xx_hal_tim.o
    0x080030d6   0x080030d6   0x0000005a   Code   RO         2707    i.HAL_TIM_PWM_Init  stm32f4xx_hal_tim.o
    0x08003130   0x08003130   0x00000060   Code   RO          447    i.HAL_TIM_PWM_MspInit  tim.o
    0x08003190   0x08003190   0x00000002   Code   RO         2710    i.HAL_TIM_PWM_PulseFinishedCallback  stm32f4xx_hal_tim.o
    0x08003192   0x08003192   0x00000002   PAD
    0x08003194   0x08003194   0x000000c8   Code   RO         2712    i.HAL_TIM_PWM_Start  stm32f4xx_hal_tim.o
    0x0800325c   0x0800325c   0x00000002   Code   RO         2718    i.HAL_TIM_PeriodElapsedCallback  stm32f4xx_hal_tim.o
    0x0800325e   0x0800325e   0x00000002   Code   RO         2723    i.HAL_TIM_TriggerCallback  stm32f4xx_hal_tim.o
    0x08003260   0x08003260   0x00000002   Code   RO         3614    i.HAL_UARTEx_RxEventCallback  stm32f4xx_hal_uart.o
    0x08003262   0x08003262   0x00000070   Code   RO         3626    i.HAL_UART_DMAStop  stm32f4xx_hal_uart.o
    0x080032d2   0x080032d2   0x00000002   Code   RO         3628    i.HAL_UART_ErrorCallback  stm32f4xx_hal_uart.o
    0x080032d4   0x080032d4   0x00000268   Code   RO         3631    i.HAL_UART_IRQHandler  stm32f4xx_hal_uart.o
    0x0800353c   0x0800353c   0x00000062   Code   RO         3632    i.HAL_UART_Init     stm32f4xx_hal_uart.o
    0x0800359e   0x0800359e   0x00000002   PAD
    0x080035a0   0x080035a0   0x00000184   Code   RO          522    i.HAL_UART_MspInit  usart.o
    0x08003724   0x08003724   0x0000002a   Code   RO         3636    i.HAL_UART_Receive_DMA  stm32f4xx_hal_uart.o
    0x0800374e   0x0800374e   0x00000002   Code   RO         3638    i.HAL_UART_RxCpltCallback  stm32f4xx_hal_uart.o
    0x08003750   0x08003750   0x00000002   Code   RO         3639    i.HAL_UART_RxHalfCpltCallback  stm32f4xx_hal_uart.o
    0x08003752   0x08003752   0x00000002   Code   RO         3643    i.HAL_UART_TxCpltCallback  stm32f4xx_hal_uart.o
    0x08003754   0x08003754   0x00000002   Code   RO          596    i.HardFault_Handler  stm32f4xx_it.o
    0x08003756   0x08003756   0x00000002   PAD
    0x08003758   0x08003758   0x0000000c   Code   RO          597    i.I2C1_ER_IRQHandler  stm32f4xx_it.o
    0x08003764   0x08003764   0x0000000c   Code   RO          598    i.I2C1_EV_IRQHandler  stm32f4xx_it.o
    0x08003770   0x08003770   0x0000000c   Code   RO          599    i.I2C2_ER_IRQHandler  stm32f4xx_it.o
    0x0800377c   0x0800377c   0x0000000c   Code   RO          600    i.I2C2_EV_IRQHandler  stm32f4xx_it.o
    0x08003788   0x08003788   0x000000bc   Code   RO         2229    i.I2C_DMAAbort      stm32f4xx_hal_i2c.o
    0x08003844   0x08003844   0x00000158   Code   RO         2232    i.I2C_ITError       stm32f4xx_hal_i2c.o
    0x0800399c   0x0800399c   0x000000d2   Code   RO         2234    i.I2C_MasterReceive_BTF  stm32f4xx_hal_i2c.o
    0x08003a6e   0x08003a6e   0x00000002   PAD
    0x08003a70   0x08003a70   0x000000e8   Code   RO         2235    i.I2C_MasterReceive_RXNE  stm32f4xx_hal_i2c.o
    0x08003b58   0x08003b58   0x00000082   Code   RO         2238    i.I2C_MasterTransmit_BTF  stm32f4xx_hal_i2c.o
    0x08003bda   0x08003bda   0x00000002   PAD
    0x08003bdc   0x08003bdc   0x000000b6   Code   RO         2239    i.I2C_MasterTransmit_TXE  stm32f4xx_hal_i2c.o
    0x08003c92   0x08003c92   0x00000002   PAD
    0x08003c94   0x08003c94   0x00000118   Code   RO         2240    i.I2C_Master_ADDR   stm32f4xx_hal_i2c.o
    0x08003dac   0x08003dac   0x0000008c   Code   RO         2241    i.I2C_Master_SB     stm32f4xx_hal_i2c.o
    0x08003e38   0x08003e38   0x000000a0   Code   RO         2242    i.I2C_MemoryTransmit_TXE_BTF  stm32f4xx_hal_i2c.o
    0x08003ed8   0x08003ed8   0x00000046   Code   RO         2245    i.I2C_Slave_ADDR    stm32f4xx_hal_i2c.o
    0x08003f1e   0x08003f1e   0x00000002   PAD
    0x08003f20   0x08003f20   0x00000084   Code   RO         2246    i.I2C_Slave_AF      stm32f4xx_hal_i2c.o
    0x08003fa4   0x08003fa4   0x0000015c   Code   RO         2247    i.I2C_Slave_STOPF   stm32f4xx_hal_i2c.o
    0x08004100   0x08004100   0x00000158   Code   RO         4965    i.JY901_Process     my_uart.o
    0x08004258   0x08004258   0x000000c0   Code   RO          331    i.MX_ADC1_Init      adc.o
    0x08004318   0x08004318   0x0000002c   Code   RO          371    i.MX_DMA_Init       dma.o
    0x08004344   0x08004344   0x00000134   Code   RO          305    i.MX_GPIO_Init      gpio.o
    0x08004478   0x08004478   0x00000040   Code   RO          397    i.MX_I2C1_Init      i2c.o
    0x080044b8   0x080044b8   0x00000040   Code   RO          398    i.MX_I2C2_Init      i2c.o
    0x080044f8   0x080044f8   0x00000070   Code   RO          448    i.MX_TIM1_Init      tim.o
    0x08004568   0x08004568   0x0000009c   Code   RO          449    i.MX_TIM2_Init      tim.o
    0x08004604   0x08004604   0x000000a0   Code   RO          450    i.MX_TIM3_Init      tim.o
    0x080046a4   0x080046a4   0x0000006c   Code   RO          451    i.MX_TIM4_Init      tim.o
    0x08004710   0x08004710   0x00000038   Code   RO          523    i.MX_USART1_UART_Init  usart.o
    0x08004748   0x08004748   0x00000050   Code   RO          524    i.MX_USART2_UART_Init  usart.o
    0x08004798   0x08004798   0x00000038   Code   RO          525    i.MX_USART3_UART_Init  usart.o
    0x080047d0   0x080047d0   0x00000002   Code   RO          601    i.MemManage_Handler  stm32f4xx_it.o
    0x080047d2   0x080047d2   0x00000002   Code   RO          602    i.NMI_Handler       stm32f4xx_it.o
    0x080047d4   0x080047d4   0x00000002   Code   RO          603    i.PendSV_Handler    stm32f4xx_it.o
    0x080047d6   0x080047d6   0x00000002   Code   RO          604    i.RCC_IRQHandler    stm32f4xx_it.o
    0x080047d8   0x080047d8   0x00000002   Code   RO          605    i.SVC_Handler       stm32f4xx_it.o
    0x080047da   0x080047da   0x00000004   Code   RO          606    i.SysTick_Handler   stm32f4xx_it.o
    0x080047de   0x080047de   0x00000002   PAD
    0x080047e0   0x080047e0   0x00000094   Code   RO          194    i.SystemClock_Config  main.o
    0x08004874   0x08004874   0x00000010   Code   RO         3961    i.SystemInit        system_stm32f4xx.o
    0x08004884   0x08004884   0x0000000c   Code   RO          607    i.TIM2_IRQHandler   stm32f4xx_it.o
    0x08004890   0x08004890   0x0000000c   Code   RO          608    i.TIM3_IRQHandler   stm32f4xx_it.o
    0x0800489c   0x0800489c   0x0000000c   Code   RO          609    i.TIM4_IRQHandler   stm32f4xx_it.o
    0x080048a8   0x080048a8   0x000000c8   Code   RO         2725    i.TIM_Base_SetConfig  stm32f4xx_hal_tim.o
    0x08004970   0x08004970   0x0000001a   Code   RO         2726    i.TIM_CCxChannelCmd  stm32f4xx_hal_tim.o
    0x0800498a   0x0800498a   0x00000002   PAD
    0x0800498c   0x0800498c   0x00000060   Code   RO         2738    i.TIM_OC1_SetConfig  stm32f4xx_hal_tim.o
    0x080049ec   0x080049ec   0x0000006c   Code   RO         2739    i.TIM_OC2_SetConfig  stm32f4xx_hal_tim.o
    0x08004a58   0x08004a58   0x00000068   Code   RO         2740    i.TIM_OC3_SetConfig  stm32f4xx_hal_tim.o
    0x08004ac0   0x08004ac0   0x00000050   Code   RO         2741    i.TIM_OC4_SetConfig  stm32f4xx_hal_tim.o
    0x08004b10   0x08004b10   0x00000010   Code   RO         3645    i.UART_DMAAbortOnError  stm32f4xx_hal_uart.o
    0x08004b20   0x08004b20   0x0000004a   Code   RO         3646    i.UART_DMAError     stm32f4xx_hal_uart.o
    0x08004b6a   0x08004b6a   0x00000082   Code   RO         3647    i.UART_DMAReceiveCplt  stm32f4xx_hal_uart.o
    0x08004bec   0x08004bec   0x0000001a   Code   RO         3649    i.UART_DMARxHalfCplt  stm32f4xx_hal_uart.o
    0x08004c06   0x08004c06   0x0000004e   Code   RO         3655    i.UART_EndRxTransfer  stm32f4xx_hal_uart.o
    0x08004c54   0x08004c54   0x0000001c   Code   RO         3656    i.UART_EndTxTransfer  stm32f4xx_hal_uart.o
    0x08004c70   0x08004c70   0x000000c0   Code   RO         3657    i.UART_Receive_IT   stm32f4xx_hal_uart.o
    0x08004d30   0x08004d30   0x0000010c   Code   RO         3658    i.UART_SetConfig    stm32f4xx_hal_uart.o
    0x08004e3c   0x08004e3c   0x00000094   Code   RO         3659    i.UART_Start_Receive_DMA  stm32f4xx_hal_uart.o
    0x08004ed0   0x08004ed0   0x0000000c   Code   RO          610    i.USART1_IRQHandler  stm32f4xx_it.o
    0x08004edc   0x08004edc   0x00000050   Code   RO          611    i.USART2_IRQHandler  stm32f4xx_it.o
    0x08004f2c   0x08004f2c   0x0000000c   Code   RO          612    i.USART3_IRQHandler  stm32f4xx_it.o
    0x08004f38   0x08004f38   0x00000002   Code   RO          613    i.UsageFault_Handler  stm32f4xx_it.o
    0x08004f3a   0x08004f3a   0x0000001a   Code   RO         4966    i.User_USART_Init   my_uart.o
    0x08004f54   0x08004f54   0x00000030   Code   RO         5199    i.__ARM_fpclassify  m_wm.l(fpclassify.o)
    0x08004f84   0x08004f84   0x00000020   Code   RO         1805    i.__NVIC_SetPriority  stm32f4xx_hal_cortex.o
    0x08004fa4   0x08004fa4   0x0000000e   Code   RO         5055    i._is_digit         c_w.l(__printf_wp.o)
    0x08004fb2   0x08004fb2   0x00000002   Code   RO          526    i._sys_exit         usart.o
    0x08004fb4   0x08004fb4   0x00000014   Code   RO          527    i.fputc             usart.o
    0x08004fc8   0x08004fc8   0x000000c8   Code   RO          198    i.main              main.o
    0x08005090   0x08005090   0x0000002c   Code   RO         5279    locale$$code        c_w.l(lc_numeric_c.o)
    0x080050bc   0x080050bc   0x0000000c   Code   RO         5158    x$fpl$dretinf       fz_wm.l(dretinf.o)
    0x080050c8   0x080050c8   0x00000056   Code   RO         5104    x$fpl$f2d           fz_wm.l(f2d.o)
    0x0800511e   0x0800511e   0x0000008c   Code   RO         5160    x$fpl$fnaninf       fz_wm.l(fnaninf.o)
    0x080051aa   0x080051aa   0x0000000a   Code   RO         5365    x$fpl$fpinit        fz_wm.l(fpinit.o)
    0x080051b4   0x080051b4   0x00000004   Code   RO         5106    x$fpl$printf1       fz_wm.l(printf1.o)
    0x080051b8   0x080051b8   0x00000000   Code   RO         5164    x$fpl$usenofp       fz_wm.l(usenofp.o)
    0x080051b8   0x080051b8   0x00000008   Data   RO         1522    .constdata          stm32f4xx_hal_dma.o
    0x080051c0   0x080051c0   0x00000010   Data   RO         3962    .constdata          system_stm32f4xx.o
    0x080051d0   0x080051d0   0x00000008   Data   RO         3963    .constdata          system_stm32f4xx.o
    0x080051d8   0x080051d8   0x00000011   Data   RO         5058    .constdata          c_w.l(__printf_flags_wp.o)
    0x080051e9   0x080051e9   0x00000003   PAD
    0x080051ec   0x080051ec   0x00000094   Data   RO         5250    .constdata          c_w.l(bigflt0.o)
    0x08005280   0x08005280   0x00000020   Data   RO         5429    Region$$Table       anon$$obj.o
    0x080052a0   0x080052a0   0x0000001c   Data   RO         5278    locale$$data        c_w.l(lc_numeric_c.o)


    Execution Region RW_IRAM2 (Exec base: 0x10000000, Load base: 0x080052e8, Size: 0x00000000, Max: 0x00010000, ABSOLUTE)

    **** No section assigned to this execution region ****


    Execution Region RW_IRAM1 (Exec base: 0x20000000, Load base: 0x080052bc, Size: 0x00000a10, Max: 0x00020000, ABSOLUTE)

    Exec Addr    Load Addr    Size         Type   Attr      Idx    E Section Name        Object

    0x20000000   0x080052bc   0x00000004   Data   RW          529    .data               usart.o
    0x20000004   0x080052c0   0x0000000c   Data   RW         1949    .data               stm32f4xx_hal.o
    0x20000010   0x080052cc   0x00000004   Data   RW         3964    .data               system_stm32f4xx.o
    0x20000014   0x080052d0   0x00000018   Data   RW         4969    .data               my_uart.o
    0x2000002c        -       0x00000048   Zero   RW          332    .bss                adc.o
    0x20000074        -       0x000000a8   Zero   RW          399    .bss                i2c.o
    0x2000011c        -       0x00000120   Zero   RW          452    .bss                tim.o
    0x2000023c        -       0x0000012c   Zero   RW          528    .bss                usart.o
    0x20000368        -       0x00000048   Zero   RW         4967    .bss                my_uart.o
    0x200003b0        -       0x00000060   Zero   RW         5288    .bss                c_w.l(libspace.o)
    0x20000410        -       0x00000200   Zero   RW            2    HEAP                startup_stm32f407xx.o
    0x20000610        -       0x00000400   Zero   RW            1    STACK               startup_stm32f407xx.o


==============================================================================

Image component sizes


      Code (inc. data)   RO Data    RW Data    ZI Data      Debug   Object Name

       340         30          0          0         72       1765   adc.o
        44          4          0          0          0        754   dma.o
       308         30          0          0          0       1123   gpio.o
       356         50          0          0        168       2290   i2c.o
       352         42          0          0          0       2460   main.o
       370         40          0         24         72       4417   my_uart.o
        64         26        392          0       1536        832   startup_stm32f407xx.o
       144         24          0         12          0       8665   stm32f4xx_hal.o
      1020         28          0          0          0       5146   stm32f4xx_hal_adc.o
         2          0          0          0          0        961   stm32f4xx_hal_adc_ex.o
       198         14          0          0          0      33527   stm32f4xx_hal_cortex.o
      1090         16          8          0          0       7005   stm32f4xx_hal_dma.o
       506         46          0          0          0       1980   stm32f4xx_hal_gpio.o
      3574         54          0          0          0      20457   stm32f4xx_hal_i2c.o
        64          4          0          0          0        858   stm32f4xx_hal_msp.o
      1348         76          0          0          0       4952   stm32f4xx_hal_rcc.o
      1902        138          0          0          0      13676   stm32f4xx_hal_tim.o
       148         28          0          0          0       2353   stm32f4xx_hal_tim_ex.o
      1838         30          0          0          0      12749   stm32f4xx_hal_uart.o
       234         78          0          0          0      10754   stm32f4xx_it.o
        16          4         24          4          0       1091   system_stm32f4xx.o
      1000         88          0          0        288       5184   tim.o
       602         74          0          4        300       4184   usart.o
         0          0          0          0          0     718468   xunji.o

    ----------------------------------------------------------------------
     15550        924        456         44       2436     865651   Object Totals
         0          0         32          0          0          0   (incl. Generated)
        30          0          0          0          0          0   (incl. Padding)

    ----------------------------------------------------------------------

      Code (inc. data)   RO Data    RW Data    ZI Data      Debug   Library Member Name

         8          0          0          0          0         68   __main.o
       312          4         17          0          0         92   __printf_flags_wp.o
        14          0          0          0          0         68   __printf_wp.o
         0          0          0          0          0          0   __rtentry.o
        12          0          0          0          0          0   __rtentry2.o
         6          0          0          0          0          0   __rtentry4.o
        52          8          0          0          0          0   __scatter.o
        26          0          0          0          0          0   __scatter_copy.o
        28          0          0          0          0          0   __scatter_zi.o
        48          6          0          0          0         96   _printf_char_common.o
        36          4          0          0          0         80   _printf_char_file.o
         6          0          0          0          0          0   _printf_f.o
      1050          0          0          0          0        216   _printf_fp_dec.o
       128         16          0          0          0         84   _printf_fp_infnan.o
         0          0          0          0          0          0   _printf_percent.o
         4          0          0          0          0          0   _printf_percent_end.o
       220          4        148          0          0         96   bigflt0.o
      1910        128          0          0          0        672   btod.o
        12          0          0          0          0         72   exit.o
         8          0          0          0          0         68   ferror.o
         6          0          0          0          0        152   heapauxi.o
        44         10         28          0          0         76   lc_numeric_c.o
         2          0          0          0          0          0   libinit.o
        22          0          0          0          0          0   libinit2.o
         2          0          0          0          0          0   libshutdown.o
         2          0          0          0          0          0   libshutdown2.o
         8          4          0          0         96         68   libspace.o
       138          0          0          0          0         80   lludiv10.o
       238          0          0          0          0        100   lludivv7m.o
        24          4          0          0          0         84   noretval__2printf.o
         8          4          0          0          0         68   rt_locale_intlibspace.o
        78          0          0          0          0         80   rt_memclr_w.o
         2          0          0          0          0          0   rtexit.o
        10          0          0          0          0          0   rtexit2.o
       128          0          0          0          0         68   strcmpv7m.o
        74          0          0          0          0         80   sys_stackheap_outer.o
         2          0          0          0          0         68   use_no_semi.o
         2          0          0          0          0         68   use_no_semi_2.o
        12          0          0          0          0        116   dretinf.o
        86          4          0          0          0        132   f2d.o
       140          4          0          0          0        132   fnaninf.o
        10          0          0          0          0        116   fpinit.o
         4          0          0          0          0        116   printf1.o
         0          0          0          0          0          0   usenofp.o
        48          0          0          0          0        124   fpclassify.o

    ----------------------------------------------------------------------
      4978        200        196          0         96       3340   Library Totals
         8          0          3          0          0          0   (incl. Padding)

    ----------------------------------------------------------------------

      Code (inc. data)   RO Data    RW Data    ZI Data      Debug   Library Name

      4670        192        193          0         96       2604   c_w.l
       252          8          0          0          0        612   fz_wm.l
        48          0          0          0          0        124   m_wm.l

    ----------------------------------------------------------------------
      4978        200        196          0         96       3340   Library Totals

    ----------------------------------------------------------------------

==============================================================================


      Code (inc. data)   RO Data    RW Data    ZI Data      Debug   

     20528       1124        652         44       2532     853187   Grand Totals
     20528       1124        652         44       2532     853187   ELF Image Totals
     20528       1124        652         44          0          0   ROM Totals

==============================================================================

    Total RO  Size (Code + RO Data)                21180 (  20.68kB)
    Total RW  Size (RW Data + ZI Data)              2576 (   2.52kB)
    Total ROM Size (Code + RO Data + RW Data)      21224 (  20.73kB)

==============================================================================

